******************************************************************************
                  TI ARM Linker PC v18.1.5                     
******************************************************************************
>> Linked Wed May  8 12:09:10 2019

OUTPUT FILE NAME:   <P4_start.out>
ENTRY POINT SYMBOL: "_c_int00_noargs"  address: 00017605


MEMORY CONFIGURATION

         name            origin    length      used     unused   attr    fill
----------------------  --------  ---------  --------  --------  ----  --------
  MAIN                  00000000   00040000  00017e0c  000281f4  R  X
  INFO                  00200000   00004000  00000000  00004000  R  X
  SRAM_CODE             01000000   00010000  00007523  00008add  RW X
  SRAM_DATA             20000000   00010000  00007523  00008add  RW  


SEGMENT ALLOCATION MAP

run origin  load origin   length   init length attrs members
----------  ----------- ---------- ----------- ----- -------
00000000    00000000    00017e10   00017e10    r-x
  00000000    00000000    000000e4   000000e4    r-- .intvecs
  000000e4    000000e4    00012328   00012328    r-- .const
  0001240c    0001240c    00005980   00005980    r-x .text
  00017d90    00017d90    00000080   00000080    r-- .cinit
20000000    20000000    00007324   00000000    rw-
  20000000    20000000    0000725b   00000000    rw- .bss
  2000725c    2000725c    000000c8   00000000    rw- .data
2000fe00    2000fe00    00000200   00000000    rw-
  2000fe00    2000fe00    00000200   00000000    rw- .stack


SECTION ALLOCATION MAP

 output                                  attributes/
section   page    origin      length       input sections
--------  ----  ----------  ----------   ----------------
.intvecs   0    00000000    000000e4     
                  00000000    000000e4     startup_msp432p401r_ccs.obj (.intvecs:retain)

.const     0    000000e4    00012328     
                  000000e4    00004000     arm_cortexM4lf_math.a : arm_rfft_init_q15.o (.const:realCoefAQ15)
                  000040e4    00004000                           : arm_rfft_init_q15.o (.const:realCoefBQ15)
                  000080e4    00003000                           : arm_common_tables.o (.const:twiddleCoef_4096_q15)
                  0000b0e4    00001f80                           : arm_common_tables.o (.const:armBitRevIndexTable_fixed_4096)
                  0000d064    00001800                           : arm_common_tables.o (.const:twiddleCoef_2048_q15)
                  0000e864    00000f80                           : arm_common_tables.o (.const:armBitRevIndexTable_fixed_2048)
                  0000f7e4    00000c00                           : arm_common_tables.o (.const:twiddleCoef_1024_q15)
                  000103e4    000007c0                           : arm_common_tables.o (.const:armBitRevIndexTable_fixed_1024)
                  00010ba4    00000600                           : arm_common_tables.o (.const:twiddleCoef_512_q15)
                  000111a4    000003c0                           : arm_common_tables.o (.const:armBitRevIndexTable_fixed_512)
                  00011564    00000300                           : arm_common_tables.o (.const:twiddleCoef_256_q15)
                  00011864    000002f8     grlib.a : fontfixed6x8.obj (.const:.string:g_pucFontFixed6x8Data)
                  00011b5c    000001e0     arm_cortexM4lf_math.a : arm_common_tables.o (.const:armBitRevIndexTable_fixed_256)
                  00011d3c    00000180                           : arm_common_tables.o (.const:twiddleCoef_128_q15)
                  00011ebc    000000e0                           : arm_common_tables.o (.const:armBitRevIndexTable_fixed_128)
                  00011f9c    000000c8     grlib.a : fontfixed6x8.obj (.const:g_sFontFixed6x8)
                  00012064    000000c0     arm_cortexM4lf_math.a : arm_common_tables.o (.const:twiddleCoef_64_q15)
                  00012124    00000080     msp432p4xx_driverlib.lib : adc14.o (.const:_ctlRegs)
                  000121a4    00000070     arm_cortexM4lf_math.a : arm_common_tables.o (.const:armBitRevIndexTable_fixed_64)
                  00012214    00000060                           : arm_common_tables.o (.const:twiddleCoef_32_q15)
                  00012274    00000030     msp432p4xx_driverlib.lib : gpio.o (.const:GPIO_PORT_TO_BASE)
                  000122a4    00000030     arm_cortexM4lf_math.a : arm_common_tables.o (.const:armBitRevIndexTable_fixed_32)
                  000122d4    00000030                           : arm_common_tables.o (.const:twiddleCoef_16_q15)
                  00012304    00000020     Crystalfontz128x128_ST7735.obj (.const:g_sCrystalfontz128x128_funcs)
                  00012324    0000001c     HAL_MSP_EXP432P401R_Crystalfontz128x128_ST7735.obj (.const:$P$T0$1)
                  00012340    00000018     arm_cortexM4lf_math.a : arm_common_tables.o (.const:armBitRevIndexTable_fixed_16)
                  00012358    00000014     I2C_HAL.obj (.const:i2cConfig)
                  0001236c    00000010     arm_cortexM4lf_math.a : arm_const_structs.o (.const:arm_cfft_sR_q15_len1024)
                  0001237c    00000010                           : arm_const_structs.o (.const:arm_cfft_sR_q15_len128)
                  0001238c    00000010                           : arm_const_structs.o (.const:arm_cfft_sR_q15_len16)
                  0001239c    00000010                           : arm_const_structs.o (.const:arm_cfft_sR_q15_len2048)
                  000123ac    00000010                           : arm_const_structs.o (.const:arm_cfft_sR_q15_len256)
                  000123bc    00000010                           : arm_const_structs.o (.const:arm_cfft_sR_q15_len32)
                  000123cc    00000010                           : arm_const_structs.o (.const:arm_cfft_sR_q15_len4096)
                  000123dc    00000010                           : arm_const_structs.o (.const:arm_cfft_sR_q15_len512)
                  000123ec    00000010                           : arm_const_structs.o (.const:arm_cfft_sR_q15_len64)
                  000123fc    00000008     Crystalfontz128x128_ST7735.obj (.const:$P$T0$1)
                  00012404    00000008     msp432p4xx_driverlib.lib : interrupt.o (.const:g_pulEnRegs)

.text      0    0001240c    00005980     
                  0001240c    00000e5c     graphics_HAL.obj (.text:display_note)
                  00013268    0000047e     grlib.a : string.obj (.text:Graphics_drawString)
                  000136e6    0000047a     arm_cortexM4lf_math.a : arm_cfft_radix4_q15.o (.text:arm_radix4_butterfly_inverse_q15)
                  00013b60    0000047a                           : arm_cfft_radix4_q15.o (.text:arm_radix4_butterfly_q15)
                  00013fda    00000002     startup_msp432p401r_ccs.obj (.text:Default_Handler)
                  00013fdc    00000404     main.obj (.text:ToolState_FSM)
                  000143e0    0000029c     main.obj (.text:GenerateFFT)
                  0001467c    0000022a     grlib.a : circle.obj (.text:Graphics_fillCircle)
                  000148a6    00000002     --HOLE-- [fill = 0]
                  000148a8    000001e8     main.obj (.text:DrawFFTScreen_constantElements)
                  00014a90    000001d8     Crystalfontz128x128_ST7735.obj (.text:Crystalfontz128x128_PixelDrawMultiple)
                  00014c68    00000182     arm_cortexM4lf_math.a : arm_cfft_q15.o (.text:arm_cfft_radix4by2_inverse_q15)
                  00014dea    00000182                           : arm_cfft_q15.o (.text:arm_cfft_radix4by2_q15)
                  00014f6c    0000017c     main.obj (.text:FFT_Setup)
                  000150e8    00000160     msp432p4xx_driverlib.lib : adc14.o (.text:_getIndexForMemRegister)
                  00015248    00000144                              : timer_a.o (.text:privateTimer_AProcessClockSourceDivider)
                  0001538c    00000134     Crystalfontz128x128_ST7735.obj (.text:Crystalfontz128x128_SetDrawFrame)
                  000154c0    00000134     arm_cortexM4lf_math.a : arm_rfft_init_q15.o (.text:arm_rfft_init_q15)
                  000155f4    0000012e                           : arm_rfft_q15.o (.text:arm_split_rfft_q15)
                  00015722    00000002     --HOLE-- [fill = 0]
                  00015724    0000012c     Crystalfontz128x128_ST7735.obj (.text:Crystalfontz128x128_Init)
                  00015850    0000012c     arm_cortexM4lf_math.a : arm_max_q15.o (.text:arm_max_q15)
                  0001597c    00000120     main.obj (.text:initialize)
                  00015a9c    00000100     main.obj (.text:DrawFFT)
                  00015b9c    000000fa     grlib.a : string.obj (.text:Graphics_getStringWidth)
                  00015c96    00000002     --HOLE-- [fill = 0]
                  00015c98    000000f0     msp432p4xx_driverlib.lib : dma.o (.text:DMA_setChannelTransfer)
                  00015d88    000000e8     arm_cortexM4lf_math.a : arm_cfft_q15.o (.text:arm_cfft_q15)
                  00015e70    000000d8     OPT3001_HAL.obj (.text:OPT3001_getLux)
                  00015f48    000000ce     ButtonLED_HAL.obj (.text:Debounce)
                  00016016    000000c0     arm_cortexM4lf_math.a : arm_bitreversal2.o (.text)
                  000160d6    00000002     --HOLE-- [fill = 0]
                  000160d8    000000b4     rtsv7M4_T_le_v4SPD16_eabi.lib : s_cosf.c.obj (.text:cosf)
                  0001618c    000000b2     arm_cortexM4lf_math.a : arm_rfft_q15.o (.text:arm_split_rifft_q15)
                  0001623e    000000b0     msp432p4xx_driverlib.lib : spi.o (.text:SPI_initMaster)
                  000162ee    000000a8     Timer32_HAL.obj (.text:OneShotSWTimerExpired)
                  00016396    00000002     --HOLE-- [fill = 0]
                  00016398    000000a4     msp432p4xx_driverlib.lib : adc14.o (.text:ADC14_configureConversionMemory)
                  0001643c    000000a4     arm_cortexM4lf_math.a : arm_rfft_q15.o (.text:arm_rfft_q15)
                  000164e0    0000009c     Crystalfontz128x128_ST7735.obj (.text:Crystalfontz128x128_RectFill)
                  0001657c    0000009c     grlib.a : line.obj (.text:Graphics_drawLineH)
                  00016618    0000009c             : line.obj (.text:Graphics_drawLineV)
                  000166b4    0000009c     rtsv7M4_T_le_v4SPD16_eabi.lib : memcpy_t2.asm.obj (.text)
                  00016750    0000008c     I2C_HAL.obj (.text:I2C_read16)
                  000167dc    00000088     msp432p4xx_driverlib.lib : gpio.o (.text:GPIO_setAsPeripheralModuleFunctionInputPin)
                  00016864    00000088                              : gpio.o (.text:GPIO_setAsPeripheralModuleFunctionOutputPin)
                  000168ec    00000080                              : dma.o (.text:DMA_getChannelAttribute)
                  0001696c    00000080                              : interrupt.o (.text:Interrupt_enableInterrupt)
                  000169ec    0000007a     rtsv7M4_T_le_v4SPD16_eabi.lib : memset_t2.asm.obj (.text)
                  00016a66    00000002     --HOLE-- [fill = 0]
                  00016a68    00000078     system_msp432p401r.obj (.text:SystemInit)
                  00016ae0    00000074     msp432p4xx_driverlib.lib : timer_a.o (.text:Timer_A_generatePWM)
                  00016b54    0000006c     main.obj (.text:DMA_INT1_IRQHandler)
                  00016bc0    0000006c     msp432p4xx_driverlib.lib : i2c.o (.text:I2C_masterSendMultiByteFinish)
                  00016c2c    00000068                              : i2c.o (.text:I2C_masterSendMultiByteStart)
                  00016c94    00000068                              : timer32.o (.text:Timer32_initModule)
                  00016cfc    00000068     rtsv7M4_T_le_v4SPD16_eabi.lib : copy_decompress_lzss.c.obj (.text:decompress:lzss:__TI_decompress_lzss)
                  00016d64    00000064     msp432p4xx_driverlib.lib : dma.o (.text:DMA_disableChannelAttribute)
                  00016dc8    00000064     Timer32_HAL.obj (.text:initHWTimer0)
                  00016e2c    00000064     Timer32_HAL.obj (.text:initHWTimer1)
                  00016e90    00000062     msp432p4xx_driverlib.lib : i2c.o (.text:I2C_initMaster)
                  00016ef2    00000060     Crystalfontz128x128_ST7735.obj (.text:Crystalfontz128x128_LineDrawH)
                  00016f52    00000060     Crystalfontz128x128_ST7735.obj (.text:Crystalfontz128x128_LineDrawV)
                  00016fb2    00000002     --HOLE-- [fill = 0]
                  00016fb4    00000058     msp432p4xx_driverlib.lib : adc14.o (.text:ADC14_configureSingleSampleMode)
                  0001700c    00000058                              : gpio.o (.text:GPIO_setAsInputPinWithPullUpResistor)
                  00017064    00000056     Timer32_HAL.obj (.text:startHWTimer)
                  000170ba    00000002     --HOLE-- [fill = 0]
                  000170bc    00000054     msp432p4xx_driverlib.lib : adc14.o (.text:ADC14_initModule)
                  00017110    00000054     Crystalfontz128x128_ST7735.obj (.text:Crystalfontz128x128_SetOrientation)
                  00017164    00000052     grlib.a : context.obj (.text:Graphics_initContext)
                  000171b6    0000004c     ButtonLED_HAL.obj (.text:ButtonPushed)
                  00017202    00000002     --HOLE-- [fill = 0]
                  00017204    00000048     msp432p4xx_driverlib.lib : adc14.o (.text:ADC14_setSampleHoldTrigger)
                  0001724c    00000048     grlib.a : string.obj (.text:Graphics_drawStringCentered)
                  00017294    00000048     I2C_HAL.obj (.text:I2C_write16)
                  000172dc    00000044     rtsv7M4_T_le_v4SPD16_eabi.lib : autoinit.c.obj (.text:__TI_auto_init_nobinit_nopinit:__TI_auto_init_nobinit_nopinit)
                  00017320    00000044     graphics_HAL.obj (.text:make_3digit_NumString)
                  00017364    00000040     Crystalfontz128x128_ST7735.obj (.text:Crystalfontz128x128_PixelDraw)
                  000173a4    00000040     msp432p4xx_driverlib.lib : gpio.o (.text:GPIO_setAsOutputPin)
                  000173e4    00000040     grlib.a : string.obj (.text:Graphics_getNumberOfLeadingZeros)
                  00017424    00000040     HAL_MSP_EXP432P401R_Crystalfontz128x128_ST7735.obj (.text:HAL_LCD_SpiInit)
                  00017464    00000040     msp432p4xx_driverlib.lib : i2c.o (.text:I2C_masterReceiveMultiByteFinish)
                  000174a4    00000040                              : spi.o (.text:is_A_Module)
                  000174e4    0000003c                              : dma.o (.text:DMA_setChannelControl)
                  00017520    0000003c     main.obj (.text:LightSensor_Dark)
                  0001755c    00000038     HAL_MSP_EXP432P401R_Crystalfontz128x128_ST7735.obj (.text:HAL_LCD_writeCommand)
                  00017594    00000038     msp432p4xx_driverlib.lib : i2c.o (.text:I2C_masterSendMultiByteStop)
                  000175cc    00000038                              : timer32.o (.text:Timer32_startTimer)
                  00017604    00000038     rtsv7M4_T_le_v4SPD16_eabi.lib : boot_cortex_m.c.obj (.text:_c_int00_noargs:_c_int00_noargs)
                  0001763c    00000036     grlib.a : display.obj (.text:Graphics_drawHorizontalLineOnDisplay)
                  00017672    00000036             : display.obj (.text:Graphics_drawVerticalLineOnDisplay)
                  000176a8    00000034     msp432p4xx_driverlib.lib : i2c.o (.text:I2C_masterSendMultiByteNext)
                  000176dc    00000034                              : timer32.o (.text:Timer32_setCount)
                  00017710    00000030                              : adc14.o (.text:ADC14_setResultFormat)
                  00017740    00000030                              : gpio.o (.text:GPIO_getInputPinValue)
                  00017770    00000030     HAL_MSP_EXP432P401R_Crystalfontz128x128_ST7735.obj (.text:HAL_LCD_PortInit)
                  000177a0    0000002c     Crystalfontz128x128_ST7735.obj (.text:Crystalfontz128x128_ClearScreen)
                  000177cc    0000002c     grlib.a : display.obj (.text:Graphics_drawPixelOnDisplay)
                  000177f8    0000002c     HAL_MSP_EXP432P401R_Crystalfontz128x128_ST7735.obj (.text:HAL_LCD_writeData)
                  00017824    0000002c     graphics_HAL.obj (.text:drawBPM)
                  00017850    0000002c     main.obj (.text:main)
                  0001787c    00000028     Crystalfontz128x128_ST7735.obj (.text:Crystalfontz128x128_ColorTranslate)
                  000178a4    00000028     msp432p4xx_driverlib.lib : gpio.o (.text:GPIO_setOutputHighOnPin)
                  000178cc    00000028                              : gpio.o (.text:GPIO_setOutputLowOnPin)
                  000178f4    00000028     rtsv7M4_T_le_v4SPD16_eabi.lib : e_sqrtf.c.obj (.text:sqrtf)
                  0001791c    00000026     Timer32_HAL.obj (.text:WaitCycles)
                  00017942    00000002     --HOLE-- [fill = 0]
                  00017944    00000020     I2C_HAL.obj (.text:I2C_init)
                  00017964    0000001e     Timer32_HAL.obj (.text:InitOneShotSWTimer)
                  00017982    0000001e     Timer32_HAL.obj (.text:StartOneShotSWTimer)
                  000179a0    0000001c     msp432p4xx_driverlib.lib : i2c.o (.text:I2C_setMode)
                  000179bc    0000001c     I2C_HAL.obj (.text:I2C_setslave)
                  000179d8    0000001c     msp432p4xx_driverlib.lib : spi.o (.text:SPI_enableModule)
                  000179f4    0000001c     Timer32_HAL.obj (.text:T32_INT1_IRQHandler)
                  00017a10    0000001a     grlib.a : display.obj (.text:Graphics_clearDisplayOnDisplay)
                  00017a2a    0000001a             : context.obj (.text:Graphics_setBackgroundColor)
                  00017a44    0000001a             : context.obj (.text:Graphics_setFont)
                  00017a5e    0000001a     msp432p4xx_driverlib.lib : i2c.o (.text:I2C_masterReceiveStart)
                  00017a78    00000018                              : i2c.o (.text:I2C_getInterruptStatus)
                  00017a90    00000018                              : i2c.o (.text:I2C_isBusBusy)
                  00017aa8    00000018     I2C_HAL.obj (.text:Init_I2C_GPIO)
                  00017ac0    00000018     rtsv7M4_T_le_v4SPD16_eabi.lib : ll_mul_t2.asm.obj (.text)
                  00017ad8    00000016     msp432p4xx_driverlib.lib : spi.o (.text:EUSCI_A_SPI_enable)
                  00017aee    00000016                              : spi.o (.text:EUSCI_B_SPI_enable)
                  00017b04    00000016     grlib.a : context.obj (.text:Graphics_setForegroundColor)
                  00017b1a    00000016             : display.obj (.text:Graphics_translateColorOnDisplay)
                  00017b30    00000016     msp432p4xx_driverlib.lib : i2c.o (.text:I2C_clearInterruptFlag)
                  00017b46    00000016                              : i2c.o (.text:I2C_disableModule)
                  00017b5c    00000016                              : i2c.o (.text:I2C_enableModule)
                  00017b72    00000002     --HOLE-- [fill = 0]
                  00017b74    00000014                              : dma.o (.text:DMA_setControlBase)
                  00017b88    00000014                              : i2c.o (.text:I2C_masterReceiveMultiByteNext)
                  00017b9c    00000014                              : i2c.o (.text:I2C_setSlaveAddress)
                  00017bb0    00000014     OPT3001_HAL.obj (.text:OPT3001_init)
                  00017bc4    00000014     msp432p4xx_driverlib.lib : timer32.o (.text:Timer32_clearInterruptFlag)
                  00017bd8    00000012     grlib.a : context.obj (.text:Graphics_clearDisplay)
                  00017bea    00000012     graphics_HAL.obj (.text:showBeat_full)
                  00017bfc    00000012     graphics_HAL.obj (.text:showBeat_initial)
                  00017c0e    00000012     graphics_HAL.obj (.text:showBeat_midway)
                  00017c20    00000010     msp432p4xx_driverlib.lib : adc14.o (.text:ADCIsConversionRunning)
                  00017c30    0000000e     sound.obj (.text:InitSound)
                  00017c3e    0000000e     msp432p4xx_driverlib.lib : timer32.o (.text:Timer32_getValue)
                  00017c4c    0000000e     rtsv7M4_T_le_v4SPD16_eabi.lib : copy_decompress_none.c.obj (.text:decompress:none:__TI_decompress_none)
                  00017c5a    00000002     --HOLE-- [fill = 0]
                  00017c5c    0000000c     msp432p4xx_driverlib.lib : adc14.o (.text:ADC14_enableModule)
                  00017c68    0000000c                              : dma.o (.text:DMA_enableModule)
                  00017c74    0000000c     graphics_HAL.obj (.text:LCDClearDisplay)
                  00017c80    0000000c     startup_msp432p401r_ccs.obj (.text:Reset_Handler)
                  00017c8c    0000000c     rtsv7M4_T_le_v4SPD16_eabi.lib : copy_zero_init.c.obj (.text:decompress:ZI:__TI_zero_init)
                  00017c98    0000000c     ButtonLED_HAL.obj (.text:initialize_BoosterpackBottomButton)
                  00017ca4    0000000c     ButtonLED_HAL.obj (.text:initialize_BoosterpackLED_blue)
                  00017cb0    0000000c     ButtonLED_HAL.obj (.text:initialize_BoosterpackLED_green)
                  00017cbc    0000000c     ButtonLED_HAL.obj (.text:initialize_BoosterpackLED_red)
                  00017cc8    0000000c     ButtonLED_HAL.obj (.text:initialize_BoosterpackTopButton)
                  00017cd4    0000000c     ButtonLED_HAL.obj (.text:initialize_LaunchpadLED1)
                  00017ce0    0000000c     ButtonLED_HAL.obj (.text:initialize_LaunchpadLED2_blue)
                  00017cec    0000000c     ButtonLED_HAL.obj (.text:initialize_LaunchpadLED2_green)
                  00017cf8    0000000c     ButtonLED_HAL.obj (.text:initialize_LaunchpadLED2_red)
                  00017d04    0000000c     ButtonLED_HAL.obj (.text:initialize_LaunchpadLeftButton)
                  00017d10    0000000c     ButtonLED_HAL.obj (.text:initialize_LaunchpadRightButton)
                  00017d1c    0000000c     ButtonLED_HAL.obj (.text:turnOff_BoosterpackLED_blue)
                  00017d28    0000000c     ButtonLED_HAL.obj (.text:turnOff_BoosterpackLED_green)
                  00017d34    0000000c     ButtonLED_HAL.obj (.text:turnOff_BoosterpackLED_red)
                  00017d40    0000000c     ButtonLED_HAL.obj (.text:turnOff_LaunchpadLED1)
                  00017d4c    0000000c     ButtonLED_HAL.obj (.text:turnOff_LaunchpadLED2_blue)
                  00017d58    0000000c     ButtonLED_HAL.obj (.text:turnOff_LaunchpadLED2_green)
                  00017d64    0000000c     ButtonLED_HAL.obj (.text:turnOff_LaunchpadLED2_red)
                  00017d70    0000000a     Crystalfontz128x128_ST7735.obj (.text:Crystalfontz128x128_Flush)
                  00017d7a    00000002     --HOLE-- [fill = 0]
                  00017d7c    00000008     rtsv7M4_T_le_v4SPD16_eabi.lib : errno.c.obj (.text:__aeabi_errno_addr)
                  00017d84    00000004                                   : pre_init.c.obj (.text:_system_pre_init)
                  00017d88    00000004                                   : exit.c.obj (.text:abort:abort)

.cinit     0    00017d90    00000080     
                  00017d90    00000058     (.cinit..data.load) [load image, compression = lzss]
                  00017de8    0000000c     (__TI_handler_table)
                  00017df4    00000004     --HOLE-- [fill = 0]
                  00017df8    00000008     (.cinit..bss.load) [load image, compression = zero_init]
                  00017e00    00000010     (__TI_cinit_table)

.init_array 
*          0    00000000    00000000     UNINITIALIZED

.binit     0    00000000    00000000     

.bss       0    20000000    0000725b     UNINITIALIZED
                  20000000    00002000     (.common:data_input)
                  20002000    00002000     (.common:hann)
                  20004000    00001000     (.common:data_array1)
                  20005000    00001000     (.common:data_array2)
                  20006000    00001000     (.common:data_output)
                  20007000    00000200     main.obj (.bss:MSP_EXP432P401RLP_DMAControlTable)
                  20007200    0000001c     (.common:g_sContext)
                  2000721c    00000018     (.common:timer0)
                  20007234    00000018     (.common:timer1)
                  2000724c    00000004     (.common:lux)
                  20007250    00000002     (.common:Lcd_ScreenHeigth)
                  20007252    00000002     (.common:Lcd_ScreenWidth)
                  20007254    00000002     (.common:Lcd_TouchTrim)
                  20007256    00000001     (.common:Lcd_FlagRead)
                  20007257    00000001     (.common:Lcd_FontSolid)
                  20007258    00000001     (.common:Lcd_Orientation)
                  20007259    00000001     (.common:Lcd_PenSolid)
                  2000725a    00000001     (.common:status)

.data      0    2000725c    000000c8     UNINITIALIZED
                  2000725c    00000029     main.obj (.data)
                  20007285    00000003     --HOLE--
                  20007288    0000001c     main.obj (.data:Boosterpack_S1)
                  200072a4    0000001c     main.obj (.data:Boosterpack_S2)
                  200072c0    0000001c     main.obj (.data:Launchpad_Left)
                  200072dc    0000001c     main.obj (.data:Launchpad_Right)
                  200072f8    00000018     main.obj (.data:pwmConfig)
                  20007310    00000010     Crystalfontz128x128_ST7735.obj (.data:g_sCrystalfontz128x128)
                  20007320    00000004     rtsv7M4_T_le_v4SPD16_eabi.lib : errno.c.obj (.data)

.stack     0    2000fe00    00000200     UNINITIALIZED
                  2000fe00    00000004     rtsv7M4_T_le_v4SPD16_eabi.lib : boot_cortex_m.c.obj (.stack)
                  2000fe04    000001fc     --HOLE--

MODULE SUMMARY

       Module                                               code    ro data   rw data
       ------                                               ----    -------   -------
    .\
       main.obj                                             3320    0         58788  
       graphics_HAL.obj                                     3854    0         0      
       Timer32_HAL.obj                                      580     0         96     
       ButtonLED_HAL.obj                                    498     0         0      
       I2C_HAL.obj                                          296     20        0      
       OPT3001_HAL.obj                                      236     0         0      
       system_msp432p401r.obj                               120     0         0      
       sound.obj                                            14      0         0      
    +--+----------------------------------------------------+-------+---------+---------+
       Total:                                               8918    20        58884  
                                                                                     
    .\LcdDriver\
       Crystalfontz128x128_ST7735.obj                       1670    40        52     
       HAL_MSP_EXP432P401R_Crystalfontz128x128_ST7735.obj   212     28        0      
    +--+----------------------------------------------------+-------+---------+---------+
       Total:                                               1882    68        52     
                                                                                     
    .\ccs\
       startup_msp432p401r_ccs.obj                          14      228       0      
    +--+----------------------------------------------------+-------+---------+---------+
       Total:                                               14      228       0      
                                                                                     
    C:/ti/simplelink_msp432p4_sdk_2_40_00_10/source/third_party/CMSIS/DSP_Lib/lib/ccs/m4f/arm_cortexM4lf_math.a
       arm_common_tables.o                                  0       40392     0      
       arm_rfft_init_q15.o                                  308     32768     0      
       arm_cfft_radix4_q15.o                                2292    0         0      
       arm_cfft_q15.o                                       1004    0         0      
       arm_rfft_q15.o                                       644     0         0      
       arm_max_q15.o                                        300     0         0      
       arm_bitreversal2.o                                   192     0         0      
       arm_const_structs.o                                  0       144       0      
    +--+----------------------------------------------------+-------+---------+---------+
       Total:                                               4740    73304     0      
                                                                                     
    C:/ti/simplelink_msp432p4_sdk_2_40_00_10/source/ti/devices/msp432p4xx/driverlib/ccs/msp432p4xx_driverlib.lib
       adc14.o                                              836     128       0      
       i2c.o                                                690     0         0      
       gpio.o                                               552     48        0      
       dma.o                                                560     0         0      
       timer_a.o                                            440     0         0      
       spi.o                                                312     0         0      
       timer32.o                                            246     0         0      
       interrupt.o                                          128     8         0      
    +--+----------------------------------------------------+-------+---------+---------+
       Total:                                               3764    184       0      
                                                                                     
    C:/ti/simplelink_msp432p4_sdk_2_40_00_10/source/ti/grlib/lib/ccs/m4f/grlib.a
       string.obj                                           1536    0         0      
       fontfixed6x8.obj                                     0       960       0      
       circle.obj                                           554     0         0      
       line.obj                                             312     0         0      
       display.obj                                          200     0         0      
       context.obj                                          174     0         0      
    +--+----------------------------------------------------+-------+---------+---------+
       Total:                                               2776    960       0      
                                                                                     
    C:\ti\ccs830\ccsv8\tools\compiler\ti-cgt-arm_18.1.5.LTS\lib\rtsv7M4_T_le_v4SPD16_eabi.lib
       s_cosf.c.obj                                         180     0         0      
       memcpy_t2.asm.obj                                    156     0         0      
       memset_t2.asm.obj                                    122     0         0      
       copy_decompress_lzss.c.obj                           104     0         0      
       autoinit.c.obj                                       68      0         0      
       boot_cortex_m.c.obj                                  56      0         0      
       e_sqrtf.c.obj                                        40      0         0      
       ll_mul_t2.asm.obj                                    24      0         0      
       errno.c.obj                                          8       0         8      
       copy_decompress_none.c.obj                           14      0         0      
       copy_zero_init.c.obj                                 12      0         0      
       exit.c.obj                                           4       0         0      
       pre_init.c.obj                                       4       0         0      
    +--+----------------------------------------------------+-------+---------+---------+
       Total:                                               792     0         8      
                                                                                     
       Stack:                                               0       0         1024   
       Linker Generated:                                    0       124       0      
    +--+----------------------------------------------------+-------+---------+---------+
       Grand Total:                                         22886   74888     59968  


LINKER GENERATED COPY TABLES

__TI_cinit_table @ 00017e00 records: 2, size/record: 8, table size: 16
	.data: load addr=00017d90, load size=00000058 bytes, run addr=2000725c, run size=000000c8 bytes, compression=lzss
	.bss: load addr=00017df8, load size=00000008 bytes, run addr=20000000, run size=0000725b bytes, compression=zero_init


LINKER GENERATED HANDLER TABLE

__TI_handler_table @ 00017de8 records: 3, size/record: 4, table size: 12
	index: 0, handler: __TI_decompress_lzss
	index: 1, handler: __TI_decompress_none
	index: 2, handler: __TI_zero_init


GLOBAL SYMBOLS: SORTED ALPHABETICALLY BY Name 

address   name                                       
-------   ----                                       
00013fdb  ADC14_IRQHandler                           
00016399  ADC14_configureConversionMemory            
00016fb5  ADC14_configureSingleSampleMode            
00017c5d  ADC14_enableModule                         
000170bd  ADC14_initModule                           
00017711  ADC14_setResultFormat                      
00017205  ADC14_setSampleHoldTrigger                 
00013fdb  AES256_IRQHandler                          
20007288  Boosterpack_S1                             
200072a4  Boosterpack_S2                             
00013fdb  BusFault_Handler                           
000171b7  ButtonPushed                               
00017d89  C$$EXIT                                    
00013fdb  COMP_E0_IRQHandler                         
00013fdb  COMP_E1_IRQHandler                         
00013fdb  CS_IRQHandler                              
00015725  Crystalfontz128x128_Init                   
0001538d  Crystalfontz128x128_SetDrawFrame           
00017111  Crystalfontz128x128_SetOrientation         
00013fdb  DMA_ERR_IRQHandler                         
00013fdb  DMA_INT0_IRQHandler                        
00016b55  DMA_INT1_IRQHandler                        
00016b55  DMA_INT1_IRQHandler                        
00013fdb  DMA_INT2_IRQHandler                        
00013fdb  DMA_INT3_IRQHandler                        
00016d65  DMA_disableChannelAttribute                
00017c69  DMA_enableModule                           
000168ed  DMA_getChannelAttribute                    
000174e5  DMA_setChannelControl                      
00015c99  DMA_setChannelTransfer                     
00017b75  DMA_setControlBase                         
00015f49  Debounce                                   
00013fdb  DebugMon_Handler                           
00013fdb  Default_Handler                            
00015a9d  DrawFFT                                    
000148a9  DrawFFTScreen_constantElements             
00013fdb  EUSCIA0_IRQHandler                         
00013fdb  EUSCIA1_IRQHandler                         
00013fdb  EUSCIA2_IRQHandler                         
00013fdb  EUSCIA3_IRQHandler                         
00013fdb  EUSCIB0_IRQHandler                         
00013fdb  EUSCIB1_IRQHandler                         
00013fdb  EUSCIB2_IRQHandler                         
00013fdb  EUSCIB3_IRQHandler                         
00017ad9  EUSCI_A_SPI_enable                         
00017aef  EUSCI_B_SPI_enable                         
00014f6d  FFT_Setup                                  
00013fdb  FLCTL_IRQHandler                           
00013fdb  FPU_IRQHandler                             
00017741  GPIO_getInputPinValue                      
0001700d  GPIO_setAsInputPinWithPullUpResistor       
000173a5  GPIO_setAsOutputPin                        
000167dd  GPIO_setAsPeripheralModuleFunctionInputPin 
00016865  GPIO_setAsPeripheralModuleFunctionOutputPin
000178a5  GPIO_setOutputHighOnPin                    
000178cd  GPIO_setOutputLowOnPin                     
000143e1  GenerateFFT                                
00017bd9  Graphics_clearDisplay                      
00017a11  Graphics_clearDisplayOnDisplay             
0001763d  Graphics_drawHorizontalLineOnDisplay       
0001657d  Graphics_drawLineH                         
00016619  Graphics_drawLineV                         
000177cd  Graphics_drawPixelOnDisplay                
00013269  Graphics_drawString                        
0001724d  Graphics_drawStringCentered                
00017673  Graphics_drawVerticalLineOnDisplay         
0001467d  Graphics_fillCircle                        
00015b9d  Graphics_getStringWidth                    
00017165  Graphics_initContext                       
00017a2b  Graphics_setBackgroundColor                
00017a45  Graphics_setFont                           
00017b05  Graphics_setForegroundColor                
00017b1b  Graphics_translateColorOnDisplay           
00017771  HAL_LCD_PortInit                           
00017425  HAL_LCD_SpiInit                            
0001755d  HAL_LCD_writeCommand                       
000177f9  HAL_LCD_writeData                          
00013fdb  HardFault_Handler                          
00017b31  I2C_clearInterruptFlag                     
00017b47  I2C_disableModule                          
00017b5d  I2C_enableModule                           
00017a79  I2C_getInterruptStatus                     
00017945  I2C_init                                   
00016e91  I2C_initMaster                             
00017a91  I2C_isBusBusy                              
00017465  I2C_masterReceiveMultiByteFinish           
00017b89  I2C_masterReceiveMultiByteNext             
00017a5f  I2C_masterReceiveStart                     
00016bc1  I2C_masterSendMultiByteFinish              
000176a9  I2C_masterSendMultiByteNext                
00016c2d  I2C_masterSendMultiByteStart               
00017595  I2C_masterSendMultiByteStop                
00016751  I2C_read16                                 
000179a1  I2C_setMode                                
00017b9d  I2C_setSlaveAddress                        
000179bd  I2C_setslave                               
00017295  I2C_write16                                
00017965  InitOneShotSWTimer                         
00017c31  InitSound                                  
00017aa9  Init_I2C_GPIO                              
0001696d  Interrupt_enableInterrupt                  
00017c75  LCDClearDisplay                            
200072c0  Launchpad_Left                             
200072dc  Launchpad_Right                            
20007256  Lcd_FlagRead                               
20007257  Lcd_FontSolid                              
20007258  Lcd_Orientation                            
20007259  Lcd_PenSolid                               
20007250  Lcd_ScreenHeigth                           
20007252  Lcd_ScreenWidth                            
20007254  Lcd_TouchTrim                              
00017521  LightSensor_Dark                           
00013fdb  MemManage_Handler                          
00013fdb  NMI_Handler                                
00015e71  OPT3001_getLux                             
00017bb1  OPT3001_init                               
000162ef  OneShotSWTimerExpired                      
00013fdb  PCM_IRQHandler                             
00013fdb  PORT1_IRQHandler                           
00013fdb  PORT2_IRQHandler                           
00013fdb  PORT3_IRQHandler                           
00013fdb  PORT4_IRQHandler                           
00013fdb  PORT5_IRQHandler                           
00013fdb  PORT6_IRQHandler                           
00013fdb  PSS_IRQHandler                             
00013fdb  PendSV_Handler                             
00013fdb  RTC_C_IRQHandler                           
00017c81  Reset_Handler                              
000179d9  SPI_enableModule                           
0001623f  SPI_initMaster                             
00013fdb  SVC_Handler                                
00017983  StartOneShotSWTimer                        
00013fdb  SysTick_Handler                            
00016a69  SystemInit                                 
000179f5  T32_INT1_IRQHandler                        
000179f5  T32_INT1_IRQHandler                        
00013fdb  T32_INT2_IRQHandler                        
00013fdb  T32_INTC_IRQHandler                        
00013fdb  TA0_0_IRQHandler                           
00013fdb  TA0_N_IRQHandler                           
00013fdb  TA1_0_IRQHandler                           
00013fdb  TA1_N_IRQHandler                           
00013fdb  TA2_0_IRQHandler                           
00013fdb  TA2_N_IRQHandler                           
00013fdb  TA3_0_IRQHandler                           
00013fdb  TA3_N_IRQHandler                           
00017bc5  Timer32_clearInterruptFlag                 
00017c3f  Timer32_getValue                           
00016c95  Timer32_initModule                         
000176dd  Timer32_setCount                           
000175cd  Timer32_startTimer                         
00016ae1  Timer_A_generatePWM                        
00013fdd  ToolState_FSM                              
00013fdb  UsageFault_Handler                         
4000480c  WDTCTL_SYM                                 
00013fdb  WDT_A_IRQHandler                           
0001791d  WaitCycles                                 
20010000  __STACK_END                                
00000200  __STACK_SIZE                               
00017e00  __TI_CINIT_Base                            
00017e10  __TI_CINIT_Limit                           
00017de8  __TI_Handler_Table_Base                    
00017df4  __TI_Handler_Table_Limit                   
000172dd  __TI_auto_init_nobinit_nopinit             
00016cfd  __TI_decompress_lzss                       
00017c4d  __TI_decompress_none                       
ffffffff  __TI_pprof_out_hndl                        
ffffffff  __TI_prof_data_size                        
ffffffff  __TI_prof_data_start                       
00000000  __TI_static_base__                         
00017c8d  __TI_zero_init                             
00017d7d  __aeabi_errno_addr                         
00017ac1  __aeabi_lmul                               
000169ed  __aeabi_memclr                             
000169ed  __aeabi_memclr4                            
000169ed  __aeabi_memclr8                            
000166b5  __aeabi_memcpy                             
000166b5  __aeabi_memcpy4                            
000166b5  __aeabi_memcpy8                            
000169ef  __aeabi_memset                             
000169ef  __aeabi_memset4                            
000169ef  __aeabi_memset8                            
ffffffff  __binit__                                  
ffffffff  __c_args__                                 
UNDEFED   __mpu_init                                 
2000fe00  __stack                                    
00017605  _c_int00_noargs                            
UNDEFED   _system_post_cinit                         
00017d85  _system_pre_init                           
00017d89  abort                                      
000103e4  armBitRevIndexTable_fixed_1024             
00011ebc  armBitRevIndexTable_fixed_128              
00012340  armBitRevIndexTable_fixed_16               
0000e864  armBitRevIndexTable_fixed_2048             
00011b5c  armBitRevIndexTable_fixed_256              
000122a4  armBitRevIndexTable_fixed_32               
0000b0e4  armBitRevIndexTable_fixed_4096             
000111a4  armBitRevIndexTable_fixed_512              
000121a4  armBitRevIndexTable_fixed_64               
00016081  arm_bitreversal_16                         
00016017  arm_bitreversal_32                         
00015d89  arm_cfft_q15                               
00014c69  arm_cfft_radix4by2_inverse_q15             
00014deb  arm_cfft_radix4by2_q15                     
0001236c  arm_cfft_sR_q15_len1024                    
0001237c  arm_cfft_sR_q15_len128                     
0001238c  arm_cfft_sR_q15_len16                      
0001239c  arm_cfft_sR_q15_len2048                    
000123ac  arm_cfft_sR_q15_len256                     
000123bc  arm_cfft_sR_q15_len32                      
000123cc  arm_cfft_sR_q15_len4096                    
000123dc  arm_cfft_sR_q15_len512                     
000123ec  arm_cfft_sR_q15_len64                      
00015851  arm_max_q15                                
000136e7  arm_radix4_butterfly_inverse_q15           
00013b61  arm_radix4_butterfly_q15                   
000154c1  arm_rfft_init_q15                          
0001643d  arm_rfft_q15                               
000155f5  arm_split_rfft_q15                         
0001618d  arm_split_rifft_q15                        
ffffffff  binit                                      
2000726c  color                                      
000160d9  cosf                                       
20004000  data_array1                                
20005000  data_array2                                
20000000  data_input                                 
20006000  data_output                                
0001240d  display_note                               
20007264  doBitReverse                               
00017825  drawBPM                                    
20007320  errno                                      
2000725c  fftSize                                    
20007200  g_sContext                                 
20007310  g_sCrystalfontz128x128                     
00012304  g_sCrystalfontz128x128_funcs               
00011f9c  g_sFontFixed6x8                            
20002000  hann                                       
00012358  i2cConfig                                  
20007260  ifftFlag                                   
00016dc9  initHWTimer0                               
00016e2d  initHWTimer1                               
0001597d  initialize                                 
00017c99  initialize_BoosterpackBottomButton         
00017ca5  initialize_BoosterpackLED_blue             
00017cb1  initialize_BoosterpackLED_green            
00017cbd  initialize_BoosterpackLED_red              
00017cc9  initialize_BoosterpackTopButton            
00017cd5  initialize_LaunchpadLED1                   
00017ce1  initialize_LaunchpadLED2_blue              
00017ced  initialize_LaunchpadLED2_green             
00017cf9  initialize_LaunchpadLED2_red               
00017d05  initialize_LaunchpadLeftButton             
00017d11  initialize_LaunchpadRightButton            
00000000  interruptVectors                           
2000724c  lux                                        
00017851  main                                       
00017321  make_3digit_NumString                      
000166b5  memcpy                                     
000169f5  memset                                     
200072f8  pwmConfig                                  
000000e4  realCoefAQ15                               
000040e4  realCoefBQ15                               
00017beb  showBeat_full                              
00017bfd  showBeat_initial                           
00017c0f  showBeat_midway                            
000178f5  sqrtf                                      
00017065  startHWTimer                               
2000725a  status                                     
20007268  switch_data                                
2000721c  timer0                                     
20007234  timer1                                     
00017d1d  turnOff_BoosterpackLED_blue                
00017d29  turnOff_BoosterpackLED_green               
00017d35  turnOff_BoosterpackLED_red                 
00017d41  turnOff_LaunchpadLED1                      
00017d4d  turnOff_LaunchpadLED2_blue                 
00017d59  turnOff_LaunchpadLED2_green                
00017d65  turnOff_LaunchpadLED2_red                  
0000f7e4  twiddleCoef_1024_q15                       
00011d3c  twiddleCoef_128_q15                        
000122d4  twiddleCoef_16_q15                         
0000d064  twiddleCoef_2048_q15                       
00011564  twiddleCoef_256_q15                        
00012214  twiddleCoef_32_q15                         
000080e4  twiddleCoef_4096_q15                       
00010ba4  twiddleCoef_512_q15                        
00012064  twiddleCoef_64_q15                         


GLOBAL SYMBOLS: SORTED BY Symbol Address 

address   name                                       
-------   ----                                       
00000000  __TI_static_base__                         
00000000  interruptVectors                           
000000e4  realCoefAQ15                               
00000200  __STACK_SIZE                               
000040e4  realCoefBQ15                               
000080e4  twiddleCoef_4096_q15                       
0000b0e4  armBitRevIndexTable_fixed_4096             
0000d064  twiddleCoef_2048_q15                       
0000e864  armBitRevIndexTable_fixed_2048             
0000f7e4  twiddleCoef_1024_q15                       
000103e4  armBitRevIndexTable_fixed_1024             
00010ba4  twiddleCoef_512_q15                        
000111a4  armBitRevIndexTable_fixed_512              
00011564  twiddleCoef_256_q15                        
00011b5c  armBitRevIndexTable_fixed_256              
00011d3c  twiddleCoef_128_q15                        
00011ebc  armBitRevIndexTable_fixed_128              
00011f9c  g_sFontFixed6x8                            
00012064  twiddleCoef_64_q15                         
000121a4  armBitRevIndexTable_fixed_64               
00012214  twiddleCoef_32_q15                         
000122a4  armBitRevIndexTable_fixed_32               
000122d4  twiddleCoef_16_q15                         
00012304  g_sCrystalfontz128x128_funcs               
00012340  armBitRevIndexTable_fixed_16               
00012358  i2cConfig                                  
0001236c  arm_cfft_sR_q15_len1024                    
0001237c  arm_cfft_sR_q15_len128                     
0001238c  arm_cfft_sR_q15_len16                      
0001239c  arm_cfft_sR_q15_len2048                    
000123ac  arm_cfft_sR_q15_len256                     
000123bc  arm_cfft_sR_q15_len32                      
000123cc  arm_cfft_sR_q15_len4096                    
000123dc  arm_cfft_sR_q15_len512                     
000123ec  arm_cfft_sR_q15_len64                      
0001240d  display_note                               
00013269  Graphics_drawString                        
000136e7  arm_radix4_butterfly_inverse_q15           
00013b61  arm_radix4_butterfly_q15                   
00013fdb  ADC14_IRQHandler                           
00013fdb  AES256_IRQHandler                          
00013fdb  BusFault_Handler                           
00013fdb  COMP_E0_IRQHandler                         
00013fdb  COMP_E1_IRQHandler                         
00013fdb  CS_IRQHandler                              
00013fdb  DMA_ERR_IRQHandler                         
00013fdb  DMA_INT0_IRQHandler                        
00013fdb  DMA_INT2_IRQHandler                        
00013fdb  DMA_INT3_IRQHandler                        
00013fdb  DebugMon_Handler                           
00013fdb  Default_Handler                            
00013fdb  EUSCIA0_IRQHandler                         
00013fdb  EUSCIA1_IRQHandler                         
00013fdb  EUSCIA2_IRQHandler                         
00013fdb  EUSCIA3_IRQHandler                         
00013fdb  EUSCIB0_IRQHandler                         
00013fdb  EUSCIB1_IRQHandler                         
00013fdb  EUSCIB2_IRQHandler                         
00013fdb  EUSCIB3_IRQHandler                         
00013fdb  FLCTL_IRQHandler                           
00013fdb  FPU_IRQHandler                             
00013fdb  HardFault_Handler                          
00013fdb  MemManage_Handler                          
00013fdb  NMI_Handler                                
00013fdb  PCM_IRQHandler                             
00013fdb  PORT1_IRQHandler                           
00013fdb  PORT2_IRQHandler                           
00013fdb  PORT3_IRQHandler                           
00013fdb  PORT4_IRQHandler                           
00013fdb  PORT5_IRQHandler                           
00013fdb  PORT6_IRQHandler                           
00013fdb  PSS_IRQHandler                             
00013fdb  PendSV_Handler                             
00013fdb  RTC_C_IRQHandler                           
00013fdb  SVC_Handler                                
00013fdb  SysTick_Handler                            
00013fdb  T32_INT2_IRQHandler                        
00013fdb  T32_INTC_IRQHandler                        
00013fdb  TA0_0_IRQHandler                           
00013fdb  TA0_N_IRQHandler                           
00013fdb  TA1_0_IRQHandler                           
00013fdb  TA1_N_IRQHandler                           
00013fdb  TA2_0_IRQHandler                           
00013fdb  TA2_N_IRQHandler                           
00013fdb  TA3_0_IRQHandler                           
00013fdb  TA3_N_IRQHandler                           
00013fdb  UsageFault_Handler                         
00013fdb  WDT_A_IRQHandler                           
00013fdd  ToolState_FSM                              
000143e1  GenerateFFT                                
0001467d  Graphics_fillCircle                        
000148a9  DrawFFTScreen_constantElements             
00014c69  arm_cfft_radix4by2_inverse_q15             
00014deb  arm_cfft_radix4by2_q15                     
00014f6d  FFT_Setup                                  
0001538d  Crystalfontz128x128_SetDrawFrame           
000154c1  arm_rfft_init_q15                          
000155f5  arm_split_rfft_q15                         
00015725  Crystalfontz128x128_Init                   
00015851  arm_max_q15                                
0001597d  initialize                                 
00015a9d  DrawFFT                                    
00015b9d  Graphics_getStringWidth                    
00015c99  DMA_setChannelTransfer                     
00015d89  arm_cfft_q15                               
00015e71  OPT3001_getLux                             
00015f49  Debounce                                   
00016017  arm_bitreversal_32                         
00016081  arm_bitreversal_16                         
000160d9  cosf                                       
0001618d  arm_split_rifft_q15                        
0001623f  SPI_initMaster                             
000162ef  OneShotSWTimerExpired                      
00016399  ADC14_configureConversionMemory            
0001643d  arm_rfft_q15                               
0001657d  Graphics_drawLineH                         
00016619  Graphics_drawLineV                         
000166b5  __aeabi_memcpy                             
000166b5  __aeabi_memcpy4                            
000166b5  __aeabi_memcpy8                            
000166b5  memcpy                                     
00016751  I2C_read16                                 
000167dd  GPIO_setAsPeripheralModuleFunctionInputPin 
00016865  GPIO_setAsPeripheralModuleFunctionOutputPin
000168ed  DMA_getChannelAttribute                    
0001696d  Interrupt_enableInterrupt                  
000169ed  __aeabi_memclr                             
000169ed  __aeabi_memclr4                            
000169ed  __aeabi_memclr8                            
000169ef  __aeabi_memset                             
000169ef  __aeabi_memset4                            
000169ef  __aeabi_memset8                            
000169f5  memset                                     
00016a69  SystemInit                                 
00016ae1  Timer_A_generatePWM                        
00016b55  DMA_INT1_IRQHandler                        
00016b55  DMA_INT1_IRQHandler                        
00016bc1  I2C_masterSendMultiByteFinish              
00016c2d  I2C_masterSendMultiByteStart               
00016c95  Timer32_initModule                         
00016cfd  __TI_decompress_lzss                       
00016d65  DMA_disableChannelAttribute                
00016dc9  initHWTimer0                               
00016e2d  initHWTimer1                               
00016e91  I2C_initMaster                             
00016fb5  ADC14_configureSingleSampleMode            
0001700d  GPIO_setAsInputPinWithPullUpResistor       
00017065  startHWTimer                               
000170bd  ADC14_initModule                           
00017111  Crystalfontz128x128_SetOrientation         
00017165  Graphics_initContext                       
000171b7  ButtonPushed                               
00017205  ADC14_setSampleHoldTrigger                 
0001724d  Graphics_drawStringCentered                
00017295  I2C_write16                                
000172dd  __TI_auto_init_nobinit_nopinit             
00017321  make_3digit_NumString                      
000173a5  GPIO_setAsOutputPin                        
00017425  HAL_LCD_SpiInit                            
00017465  I2C_masterReceiveMultiByteFinish           
000174e5  DMA_setChannelControl                      
00017521  LightSensor_Dark                           
0001755d  HAL_LCD_writeCommand                       
00017595  I2C_masterSendMultiByteStop                
000175cd  Timer32_startTimer                         
00017605  _c_int00_noargs                            
0001763d  Graphics_drawHorizontalLineOnDisplay       
00017673  Graphics_drawVerticalLineOnDisplay         
000176a9  I2C_masterSendMultiByteNext                
000176dd  Timer32_setCount                           
00017711  ADC14_setResultFormat                      
00017741  GPIO_getInputPinValue                      
00017771  HAL_LCD_PortInit                           
000177cd  Graphics_drawPixelOnDisplay                
000177f9  HAL_LCD_writeData                          
00017825  drawBPM                                    
00017851  main                                       
000178a5  GPIO_setOutputHighOnPin                    
000178cd  GPIO_setOutputLowOnPin                     
000178f5  sqrtf                                      
0001791d  WaitCycles                                 
00017945  I2C_init                                   
00017965  InitOneShotSWTimer                         
00017983  StartOneShotSWTimer                        
000179a1  I2C_setMode                                
000179bd  I2C_setslave                               
000179d9  SPI_enableModule                           
000179f5  T32_INT1_IRQHandler                        
000179f5  T32_INT1_IRQHandler                        
00017a11  Graphics_clearDisplayOnDisplay             
00017a2b  Graphics_setBackgroundColor                
00017a45  Graphics_setFont                           
00017a5f  I2C_masterReceiveStart                     
00017a79  I2C_getInterruptStatus                     
00017a91  I2C_isBusBusy                              
00017aa9  Init_I2C_GPIO                              
00017ac1  __aeabi_lmul                               
00017ad9  EUSCI_A_SPI_enable                         
00017aef  EUSCI_B_SPI_enable                         
00017b05  Graphics_setForegroundColor                
00017b1b  Graphics_translateColorOnDisplay           
00017b31  I2C_clearInterruptFlag                     
00017b47  I2C_disableModule                          
00017b5d  I2C_enableModule                           
00017b75  DMA_setControlBase                         
00017b89  I2C_masterReceiveMultiByteNext             
00017b9d  I2C_setSlaveAddress                        
00017bb1  OPT3001_init                               
00017bc5  Timer32_clearInterruptFlag                 
00017bd9  Graphics_clearDisplay                      
00017beb  showBeat_full                              
00017bfd  showBeat_initial                           
00017c0f  showBeat_midway                            
00017c31  InitSound                                  
00017c3f  Timer32_getValue                           
00017c4d  __TI_decompress_none                       
00017c5d  ADC14_enableModule                         
00017c69  DMA_enableModule                           
00017c75  LCDClearDisplay                            
00017c81  Reset_Handler                              
00017c8d  __TI_zero_init                             
00017c99  initialize_BoosterpackBottomButton         
00017ca5  initialize_BoosterpackLED_blue             
00017cb1  initialize_BoosterpackLED_green            
00017cbd  initialize_BoosterpackLED_red              
00017cc9  initialize_BoosterpackTopButton            
00017cd5  initialize_LaunchpadLED1                   
00017ce1  initialize_LaunchpadLED2_blue              
00017ced  initialize_LaunchpadLED2_green             
00017cf9  initialize_LaunchpadLED2_red               
00017d05  initialize_LaunchpadLeftButton             
00017d11  initialize_LaunchpadRightButton            
00017d1d  turnOff_BoosterpackLED_blue                
00017d29  turnOff_BoosterpackLED_green               
00017d35  turnOff_BoosterpackLED_red                 
00017d41  turnOff_LaunchpadLED1                      
00017d4d  turnOff_LaunchpadLED2_blue                 
00017d59  turnOff_LaunchpadLED2_green                
00017d65  turnOff_LaunchpadLED2_red                  
00017d7d  __aeabi_errno_addr                         
00017d85  _system_pre_init                           
00017d89  C$$EXIT                                    
00017d89  abort                                      
00017de8  __TI_Handler_Table_Base                    
00017df4  __TI_Handler_Table_Limit                   
00017e00  __TI_CINIT_Base                            
00017e10  __TI_CINIT_Limit                           
20000000  data_input                                 
20002000  hann                                       
20004000  data_array1                                
20005000  data_array2                                
20006000  data_output                                
20007200  g_sContext                                 
2000721c  timer0                                     
20007234  timer1                                     
2000724c  lux                                        
20007250  Lcd_ScreenHeigth                           
20007252  Lcd_ScreenWidth                            
20007254  Lcd_TouchTrim                              
20007256  Lcd_FlagRead                               
20007257  Lcd_FontSolid                              
20007258  Lcd_Orientation                            
20007259  Lcd_PenSolid                               
2000725a  status                                     
2000725c  fftSize                                    
20007260  ifftFlag                                   
20007264  doBitReverse                               
20007268  switch_data                                
2000726c  color                                      
20007288  Boosterpack_S1                             
200072a4  Boosterpack_S2                             
200072c0  Launchpad_Left                             
200072dc  Launchpad_Right                            
200072f8  pwmConfig                                  
20007310  g_sCrystalfontz128x128                     
20007320  errno                                      
2000fe00  __stack                                    
20010000  __STACK_END                                
4000480c  WDTCTL_SYM                                 
ffffffff  __TI_pprof_out_hndl                        
ffffffff  __TI_prof_data_size                        
ffffffff  __TI_prof_data_start                       
ffffffff  __binit__                                  
ffffffff  __c_args__                                 
ffffffff  binit                                      
UNDEFED   __mpu_init                                 
UNDEFED   _system_post_cinit                         

[287 symbols]
