******************************************************************************
                  TI ARM Linker PC v18.1.5                     
******************************************************************************
>> Linked Thu Aug  1 18:54:21 2019

OUTPUT FILE NAME:   <Pierce_SummerProject.out>
ENTRY POINT SYMBOL: "_c_int00_noargs"  address: 00003fcd


MEMORY CONFIGURATION

         name            origin    length      used     unused   attr    fill
----------------------  --------  ---------  --------  --------  ----  --------
  MAIN                  00000000   00040000  000059c7  0003a639  R  X
  INFO                  00200000   00004000  00000000  00004000  R  X
  SRAM_CODE             01000000   00010000  000007fb  0000f805  RW X
  SRAM_DATA             20000000   00010000  000007fb  0000f805  RW  


SEGMENT ALLOCATION MAP

run origin  load origin   length   init length attrs members
----------  ----------- ---------- ----------- ----- -------
00000000    00000000    000059d0   000059d0    r-x
  00000000    00000000    000000e4   000000e4    r-- .intvecs
  000000e4    000000e4    0000481a   0000481a    r-x .text
  00004900    00004900    00000ff9   00000ff9    r-- .const
  00005900    00005900    000000d0   000000d0    r-- .cinit
20000000    20000000    000005fd   00000000    rw-
  20000000    20000000    0000044a   00000000    rw- .bss
  2000044c    2000044c    000001b1   00000000    rw- .data
2000fe00    2000fe00    00000200   00000000    rw-
  2000fe00    2000fe00    00000200   00000000    rw- .stack


SECTION ALLOCATION MAP

 output                                  attributes/
section   page    origin      length       input sections
--------  ----  ----------  ----------   ----------------
.intvecs   0    00000000    000000e4     
                  00000000    000000e4     startup_msp432p401r_ccs.obj (.intvecs:retain)

.text      0    000000e4    0000481a     
                  000000e4    00000870     main.obj (.text:GameState_FSM)
                  00000954    0000047e     grlib.a : string.obj (.text:Graphics_drawString)
                  00000dd2    00000390             : image.obj (.text:Graphics_drawImage)
                  00001162    000001d8     Crystalfontz128x128_ST7735.obj (.text:Crystalfontz128x128_PixelDrawMultiple)
                  0000133a    00000002     startup_msp432p401r_ccs.obj (.text:Default_Handler)
                  0000133c    00000184     graphics_HAL.obj (.text:DisplayHowToPlayScreen1)
                  000014c0    00000180     graphics_HAL.obj (.text:DisplayHowToPlayScreen2)
                  00001640    00000180     grlib.a : line.obj (.text:Graphics_clipLine)
                  000017c0    00000174             : line.obj (.text:Graphics_drawLine)
                  00001934    00000160     msp432p4xx_driverlib.lib : adc14.o (.text:_getIndexForMemRegister)
                  00001a94    00000144                              : timer_a.o (.text:privateTimer_AProcessClockSourceDivider)
                  00001bd8    00000136     rtsv7M4_T_le_v4SPD16_eabi.lib : fd_div_t2.asm.obj (.text)
                  00001d0e    00000002     --HOLE-- [fill = 0]
                  00001d10    00000134     Crystalfontz128x128_ST7735.obj (.text:Crystalfontz128x128_SetDrawFrame)
                  00001e44    0000012c     Crystalfontz128x128_ST7735.obj (.text:Crystalfontz128x128_Init)
                  00001f70    00000112     grlib.a : rectangle.obj (.text:Graphics_fillRectangle)
                  00002082    000000fc     rtsv7M4_T_le_v4SPD16_eabi.lib : fd_mul_t2.asm.obj (.text)
                  0000217e    000000fa     song.obj (.text:InitSongList_GameOver)
                  00002278    000000d2     graphics_HAL.obj (.text:XTile)
                  0000234a    000000ce     ButtonLED_HAL.obj (.text:Debounce)
                  00002418    000000bc     system_msp432p401r.obj (.text:SystemInit)
                  000024d4    000000b6     graphics_HAL.obj (.text:DrawMenuCursor)
                  0000258a    000000b0     msp432p4xx_driverlib.lib : spi.o (.text:SPI_initMaster)
                  0000263a    00000002     --HOLE-- [fill = 0]
                  0000263c    000000af     graphics_HAL.obj (.text:DrawTileColor)
                  000026eb    00000001     --HOLE-- [fill = 0]
                  000026ec    000000ab     graphics_HAL.obj (.text:EraseTileColor)
                  00002797    00000001     --HOLE-- [fill = 0]
                  00002798    000000a8     msp432p4xx_driverlib.lib : adc14.o (.text:ADC14_configureMultiSequenceMode)
                  00002840    000000a8     Timer32_HAL.obj (.text:OneShotSWTimerExpired)
                  000028e8    000000a4     msp432p4xx_driverlib.lib : adc14.o (.text:ADC14_configureConversionMemory)
                  0000298c    000000a2     graphics_HAL.obj (.text:DrawHeart)
                  00002a2e    000000a2     grlib.a : rectangle.obj (.text:Graphics_drawRectangle)
                  00002ad0    000000a0     graphics_HAL.obj (.text:DisplayHighScores)
                  00002b70    0000009c     Crystalfontz128x128_ST7735.obj (.text:Crystalfontz128x128_RectFill)
                  00002c0c    0000009c     grlib.a : line.obj (.text:Graphics_drawLineH)
                  00002ca8    0000009c             : line.obj (.text:Graphics_drawLineV)
                  00002d44    0000009c     rtsv7M4_T_le_v4SPD16_eabi.lib : memcpy_t2.asm.obj (.text)
                  00002de0    00000094     graphics_HAL.obj (.text:DisplayMenuScreen)
                  00002e74    00000090     sound.obj (.text:ConfigurePWM)
                  00002f04    00000088     msp432p4xx_driverlib.lib : gpio.o (.text:GPIO_setAsPeripheralModuleFunctionInputPin)
                  00002f8c    00000088                              : gpio.o (.text:GPIO_setAsPeripheralModuleFunctionOutputPin)
                  00003014    00000088     main.obj (.text:isJoyStickDown)
                  0000309c    00000088     main.obj (.text:isJoyStickRight)
                  00003124    00000088     main.obj (.text:isJoyStickUp)
                  000031ac    00000084     main.obj (.text:isJoyStickLeft)
                  00003230    00000080     msp432p4xx_driverlib.lib : interrupt.o (.text:Interrupt_enableInterrupt)
                  000032b0    0000007a     rtsv7M4_T_le_v4SPD16_eabi.lib : memset_t2.asm.obj (.text)
                  0000332a    00000002     --HOLE-- [fill = 0]
                  0000332c    00000078     graphics_HAL.obj (.text:DisplayGameOverScreen)
                  000033a4    00000074     msp432p4xx_driverlib.lib : timer_a.o (.text:Timer_A_generatePWM)
                  00003418    00000070     graphics_HAL.obj (.text:AllCorrect)
                  00003488    00000070     sound.obj (.text:PlayNote_nonblocking)
                  000034f8    0000006c     grlib.a : image.obj (.text:Graphics_convertPalette)
                  00003564    00000068     msp432p4xx_driverlib.lib : timer32.o (.text:Timer32_initModule)
                  000035cc    00000068     rtsv7M4_T_le_v4SPD16_eabi.lib : copy_decompress_lzss.c.obj (.text:decompress:lzss:__TI_decompress_lzss)
                  00003634    00000064     graphics_HAL.obj (.text:DrawTile)
                  00003698    00000064     grlib.a : line.obj (.text:Graphics_getClipCode)
                  000036fc    00000064     song.obj (.text:PlaySong_nonblocking)
                  00003760    00000064     Timer32_HAL.obj (.text:initHWTimer0)
                  000037c4    00000064     Timer32_HAL.obj (.text:initHWTimer1)
                  00003828    00000064     main.obj (.text:initialize)
                  0000388c    00000060     Crystalfontz128x128_ST7735.obj (.text:Crystalfontz128x128_LineDrawH)
                  000038ec    00000060     Crystalfontz128x128_ST7735.obj (.text:Crystalfontz128x128_LineDrawV)
                  0000394c    0000005a     graphics_HAL.obj (.text:DisplayStartupScreen)
                  000039a6    00000002     --HOLE-- [fill = 0]
                  000039a8    00000058     msp432p4xx_driverlib.lib : gpio.o (.text:GPIO_setAsInputPinWithPullUpResistor)
                  00003a00    00000056     Timer32_HAL.obj (.text:startHWTimer)
                  00003a56    00000002     --HOLE-- [fill = 0]
                  00003a58    00000054     msp432p4xx_driverlib.lib : adc14.o (.text:ADC14_initModule)
                  00003aac    00000054     Crystalfontz128x128_ST7735.obj (.text:Crystalfontz128x128_SetOrientation)
                  00003b00    00000052     grlib.a : context.obj (.text:Graphics_initContext)
                  00003b52    0000004c     ButtonLED_HAL.obj (.text:ButtonPushed)
                  00003b9e    00000046     grlib.a : display.obj (.text:Graphics_drawMultiplePixelsOnDisplay)
                  00003be4    00000044     rtsv7M4_T_le_v4SPD16_eabi.lib : autoinit.c.obj (.text:__TI_auto_init_nobinit_nopinit:__TI_auto_init_nobinit_nopinit)
                  00003c28    00000044     graphics_HAL.obj (.text:make_3digit_NumString)
                  00003c6c    00000044     rtsv7M4_T_le_v4SPD16_eabi.lib : fd_tou_t2.asm.obj (.text)
                  00003cb0    00000040     Crystalfontz128x128_ST7735.obj (.text:Crystalfontz128x128_PixelDraw)
                  00003cf0    00000040     msp432p4xx_driverlib.lib : gpio.o (.text:GPIO_setAsOutputPin)
                  00003d30    00000040     grlib.a : string.obj (.text:Graphics_getNumberOfLeadingZeros)
                  00003d70    00000040     HAL_MSP_EXP432P401R_Crystalfontz128x128_ST7735.obj (.text:HAL_LCD_SpiInit)
                  00003db0    00000040     graphics_HAL.obj (.text:InitGraphics)
                  00003df0    00000040     msp432p4xx_driverlib.lib : spi.o (.text:is_A_Module)
                  00003e30    00000040     main.obj (.text:main)
                  00003e70    0000003c     graphics_HAL.obj (.text:MoveMenuCursorDown)
                  00003eac    0000003c     graphics_HAL.obj (.text:MoveMenuCursorUp)
                  00003ee8    0000003c     main.obj (.text:generateRandomTileSet_2_Color)
                  00003f24    00000038     HAL_MSP_EXP432P401R_Crystalfontz128x128_ST7735.obj (.text:HAL_LCD_writeCommand)
                  00003f5c    00000038     graphics_HAL.obj (.text:HighlightTile)
                  00003f94    00000038     msp432p4xx_driverlib.lib : timer32.o (.text:Timer32_startTimer)
                  00003fcc    00000038     rtsv7M4_T_le_v4SPD16_eabi.lib : boot_cortex_m.c.obj (.text:_c_int00_noargs:_c_int00_noargs)
                  00004004    00000036     graphics_HAL.obj (.text:DrawLives)
                  0000403a    00000036     graphics_HAL.obj (.text:DrawScore)
                  00004070    00000036     graphics_HAL.obj (.text:DrawTileNumber)
                  000040a6    00000036     grlib.a : display.obj (.text:Graphics_drawHorizontalLineOnDisplay)
                  000040dc    00000036             : display.obj (.text:Graphics_drawVerticalLineOnDisplay)
                  00004112    00000002     --HOLE-- [fill = 0]
                  00004114    00000034     msp432p4xx_driverlib.lib : adc14.o (.text:ADC14_enableSampleTimer)
                  00004148    00000034     graphics_HAL.obj (.text:EraseLives)
                  0000417c    00000034     graphics_HAL.obj (.text:EraseScore)
                  000041b0    00000034     graphics_HAL.obj (.text:EraseTileNumber)
                  000041e4    00000034     msp432p4xx_driverlib.lib : timer32.o (.text:Timer32_setCount)
                  00004218    00000030                              : gpio.o (.text:GPIO_getInputPinValue)
                  00004248    00000030     HAL_MSP_EXP432P401R_Crystalfontz128x128_ST7735.obj (.text:HAL_LCD_PortInit)
                  00004278    00000030     ADC_HAL.obj (.text:initJoyStick)
                  000042a8    0000002e     graphics_HAL.obj (.text:DrawConstantGameGraphics)
                  000042d6    00000002     --HOLE-- [fill = 0]
                  000042d8    0000002c     msp432p4xx_driverlib.lib : adc14.o (.text:ADC14_toggleConversionTrigger)
                  00004304    0000002c     Crystalfontz128x128_ST7735.obj (.text:Crystalfontz128x128_ClearScreen)
                  00004330    0000002c     graphics_HAL.obj (.text:DrawBoard)
                  0000435c    0000002c     grlib.a : display.obj (.text:Graphics_drawPixelOnDisplay)
                  00004388    0000002c     HAL_MSP_EXP432P401R_Crystalfontz128x128_ST7735.obj (.text:HAL_LCD_writeData)
                  000043b4    0000002c     graphics_HAL.obj (.text:make_2digit_NumString)
                  000043e0    00000028     msp432p4xx_driverlib.lib : adc14.o (.text:ADC14_enableConversion)
                  00004408    00000028     Crystalfontz128x128_ST7735.obj (.text:Crystalfontz128x128_ColorTranslate)
                  00004430    00000028     msp432p4xx_driverlib.lib : gpio.o (.text:GPIO_setOutputHighOnPin)
                  00004458    00000028                              : gpio.o (.text:GPIO_setOutputLowOnPin)
                  00004480    00000026     Timer32_HAL.obj (.text:WaitCycles)
                  000044a6    00000002     --HOLE-- [fill = 0]
                  000044a8    00000024     msp432p4xx_driverlib.lib : wdt_a.o (.text:WDT_A_holdTimer)
                  000044cc    00000024     ADC_HAL.obj (.text:initADC)
                  000044f0    00000022     main.obj (.text:random_1or0)
                  00004512    00000020     rtsv7M4_T_le_v4SPD16_eabi.lib : u_tofd_t2.asm.obj (.text)
                  00004532    0000001e     graphics_HAL.obj (.text:DrawTileInfo)
                  00004550    0000001e     graphics_HAL.obj (.text:EraseTileInfo)
                  0000456e    0000001e     grlib.a : display.obj (.text:Graphics_fillRectangleOnDisplay)
                  0000458c    0000001e     Timer32_HAL.obj (.text:InitOneShotSWTimer)
                  000045aa    0000001e     Timer32_HAL.obj (.text:StartOneShotSWTimer)
                  000045c8    0000001c     msp432p4xx_driverlib.lib : adc14.o (.text:ADC14_getResult)
                  000045e4    0000001c     song.obj (.text:InitSongList_Bonk)
                  00004600    0000001c     msp432p4xx_driverlib.lib : spi.o (.text:SPI_enableModule)
                  0000461c    0000001c     Timer32_HAL.obj (.text:T32_INT1_IRQHandler)
                  00004638    0000001c     main.obj (.text:UnHighlightTile)
                  00004654    0000001c     ADC_HAL.obj (.text:getSampleJoyStick)
                  00004670    0000001a     graphics_HAL.obj (.text:DrawScoreAndLives)
                  0000468a    0000001a     graphics_HAL.obj (.text:EraseScoreAndLives)
                  000046a4    0000001a     grlib.a : display.obj (.text:Graphics_clearDisplayOnDisplay)
                  000046be    0000001a             : context.obj (.text:Graphics_setBackgroundColor)
                  000046d8    0000001a             : context.obj (.text:Graphics_setFont)
                  000046f2    00000018     rtsv7M4_T_le_v4SPD16_eabi.lib : ll_mul_t2.asm.obj (.text)
                  0000470a    00000016     msp432p4xx_driverlib.lib : spi.o (.text:EUSCI_A_SPI_enable)
                  00004720    00000016                              : spi.o (.text:EUSCI_B_SPI_enable)
                  00004736    00000016     grlib.a : context.obj (.text:Graphics_setForegroundColor)
                  0000474c    00000016             : display.obj (.text:Graphics_translateColorOnDisplay)
                  00004762    00000014     msp432p4xx_driverlib.lib : timer32.o (.text:Timer32_clearInterruptFlag)
                  00004776    00000014                              : timer_a.o (.text:Timer_A_stopTimer)
                  0000478a    00000012     grlib.a : context.obj (.text:Graphics_clearDisplay)
                  0000479c    00000010     msp432p4xx_driverlib.lib : adc14.o (.text:ADCIsConversionRunning)
                  000047ac    0000000e     graphics_HAL.obj (.text:InitFonts)
                  000047ba    0000000e     sound.obj (.text:InitSound)
                  000047c8    0000000e     msp432p4xx_driverlib.lib : timer32.o (.text:Timer32_getValue)
                  000047d6    0000000e     rtsv7M4_T_le_v4SPD16_eabi.lib : copy_decompress_none.c.obj (.text:decompress:none:__TI_decompress_none)
                  000047e4    0000000c     msp432p4xx_driverlib.lib : adc14.o (.text:ADC14_enableModule)
                  000047f0    0000000c     graphics_HAL.obj (.text:LCDClearDisplay)
                  000047fc    0000000c     startup_msp432p401r_ccs.obj (.text:Reset_Handler)
                  00004808    0000000c     rtsv7M4_T_le_v4SPD16_eabi.lib : copy_zero_init.c.obj (.text:decompress:ZI:__TI_zero_init)
                  00004814    0000000c     ButtonLED_HAL.obj (.text:initialize_BoosterpackBottomButton)
                  00004820    0000000c     ButtonLED_HAL.obj (.text:initialize_BoosterpackLED_blue)
                  0000482c    0000000c     ButtonLED_HAL.obj (.text:initialize_BoosterpackLED_green)
                  00004838    0000000c     ButtonLED_HAL.obj (.text:initialize_BoosterpackLED_red)
                  00004844    0000000c     ButtonLED_HAL.obj (.text:initialize_BoosterpackTopButton)
                  00004850    0000000c     ButtonLED_HAL.obj (.text:initialize_JoystickButton)
                  0000485c    0000000c     ButtonLED_HAL.obj (.text:initialize_LaunchpadLED1)
                  00004868    0000000c     ButtonLED_HAL.obj (.text:initialize_LaunchpadLED2_blue)
                  00004874    0000000c     ButtonLED_HAL.obj (.text:initialize_LaunchpadLED2_green)
                  00004880    0000000c     ButtonLED_HAL.obj (.text:initialize_LaunchpadLED2_red)
                  0000488c    0000000c     ADC_HAL.obj (.text:startADC)
                  00004898    0000000c     ButtonLED_HAL.obj (.text:turnOff_BoosterpackLED_blue)
                  000048a4    0000000c     ButtonLED_HAL.obj (.text:turnOff_BoosterpackLED_green)
                  000048b0    0000000c     ButtonLED_HAL.obj (.text:turnOff_BoosterpackLED_red)
                  000048bc    0000000c     ButtonLED_HAL.obj (.text:turnOff_LaunchpadLED1)
                  000048c8    0000000c     ButtonLED_HAL.obj (.text:turnOff_LaunchpadLED2_blue)
                  000048d4    0000000c     ButtonLED_HAL.obj (.text:turnOff_LaunchpadLED2_green)
                  000048e0    0000000c     ButtonLED_HAL.obj (.text:turnOff_LaunchpadLED2_red)
                  000048ec    0000000a     Crystalfontz128x128_ST7735.obj (.text:Crystalfontz128x128_Flush)
                  000048f6    00000004     rtsv7M4_T_le_v4SPD16_eabi.lib : pre_init.c.obj (.text:_system_pre_init)
                  000048fa    00000004                                   : exit.c.obj (.text:abort:abort)

.const     0    00004900    00000ff9     
                  00004900    00000600     gameover_screen.obj (.const:.string:pixel_gameover1BPP_UNCOMP)
                  00004f00    00000514     grlib.a : fontcmss12.obj (.const:.string:g_pucCmss12Data)
                  00005414    00000004     --HOLE-- [fill = 0]
                  00005418    00000188     sound.obj (.const:$P$T0$1)
                  000055a0    000000c8     grlib.a : fontcmss12.obj (.const:g_sFontCmss12)
                  00005668    00000080     msp432p4xx_driverlib.lib : adc14.o (.const:_ctlRegs)
                  000056e8    00000030                              : gpio.o (.const:GPIO_PORT_TO_BASE)
                  00005718    00000020     Crystalfontz128x128_ST7735.obj (.const:g_sCrystalfontz128x128_funcs)
                  00005738    0000001c     HAL_MSP_EXP432P401R_Crystalfontz128x128_ST7735.obj (.const:$P$T0$1)
                  00005754    0000001c     graphics_HAL.obj (.const:.string:$P$T19$20)
                  00005770    00000019     graphics_HAL.obj (.const:.string:$P$T15$16)
                  00005789    00000019     graphics_HAL.obj (.const:.string:$P$T8$9)
                  000057a2    00000018     graphics_HAL.obj (.const:.string:$P$T18$19)
                  000057ba    00000018     graphics_HAL.obj (.const:.string:$P$T7$8)
                  000057d2    00000017     graphics_HAL.obj (.const:.string:$P$T11$12)
                  000057e9    00000017     graphics_HAL.obj (.const:.string:$P$T13$14)
                  00005800    00000016     graphics_HAL.obj (.const:.string:$P$T10$11)
                  00005816    00000015     graphics_HAL.obj (.const:.string:$P$T16$17)
                  0000582b    00000015     graphics_HAL.obj (.const:.string:$P$T21$22)
                  00005840    00000015     graphics_HAL.obj (.const:.string:$P$T22$23)
                  00005855    00000011     graphics_HAL.obj (.const:.string:$P$T17$18)
                  00005866    00000011     graphics_HAL.obj (.const:.string:$P$T20$21)
                  00005877    00000011     graphics_HAL.obj (.const:.string:$P$T9$10)
                  00005888    00000010     gameover_screen.obj (.const:gameover1BPP_UNCOMP)
                  00005898    0000000c     graphics_HAL.obj (.const:.string:$P$T1$2)
                  000058a4    0000000c     graphics_HAL.obj (.const:.string:$P$T14$15)
                  000058b0    0000000c     graphics_HAL.obj (.const:.string:$P$T2$3)
                  000058bc    0000000c     graphics_HAL.obj (.const:.string:$P$T6$7)
                  000058c8    0000000a     graphics_HAL.obj (.const:.string:$P$T23$24)
                  000058d2    00000009     graphics_HAL.obj (.const:.string:$P$T12$13)
                  000058db    00000001     --HOLE-- [fill = 0]
                  000058dc    00000008     Crystalfontz128x128_ST7735.obj (.const:$P$T0$1)
                  000058e4    00000008     msp432p4xx_driverlib.lib : interrupt.o (.const:g_pulEnRegs)
                  000058ec    00000008     gameover_screen.obj (.const:palette_gameover1BPP_UNCOMP)
                  000058f4    00000005     graphics_HAL.obj (.const:.string:$P$T0$1)

.cinit     0    00005900    000000d0     
                  00005900    000000aa     (.cinit..data.load) [load image, compression = lzss]
                  000059aa    00000002     --HOLE-- [fill = 0]
                  000059ac    0000000c     (__TI_handler_table)
                  000059b8    00000008     (.cinit..bss.load) [load image, compression = zero_init]
                  000059c0    00000010     (__TI_cinit_table)

.init_array 
*          0    00000000    00000000     UNINITIALIZED

.binit     0    00000000    00000000     

.bss       0    20000000    0000044a     UNINITIALIZED
                  20000000    00000400     grlib.a : image.obj (.bss:g_pulConvertedPalette)
                  20000400    00000018     (.common:timer0)
                  20000418    00000018     (.common:timer1)
                  20000430    00000010     sound.obj (.bss:noteLength$2)
                  20000440    00000002     (.common:Lcd_ScreenHeigth)
                  20000442    00000002     (.common:Lcd_ScreenWidth)
                  20000444    00000002     (.common:Lcd_TouchTrim)
                  20000446    00000001     (.common:Lcd_FlagRead)
                  20000447    00000001     (.common:Lcd_FontSolid)
                  20000448    00000001     (.common:Lcd_Orientation)
                  20000449    00000001     (.common:Lcd_PenSolid)

.data      0    2000044c    000001b1     UNINITIALIZED
                  2000044c    00000080     graphics_HAL.obj (.data:intHighlight)
                  200004cc    00000080     graphics_HAL.obj (.data:tile)
                  2000054c    0000001c     main.obj (.data:Boosterpack_S1)
                  20000568    0000001c     main.obj (.data:Boosterpack_S2)
                  20000584    0000001c     main.obj (.data:Joystick_Button)
                  200005a0    00000019     main.obj (.data)
                  200005b9    00000010     main.obj (.data:checkSet)
                  200005c9    00000001     sound.obj (.data)
                  200005ca    00000002     --HOLE--
                  200005cc    00000010     Crystalfontz128x128_ST7735.obj (.data:g_sCrystalfontz128x128)
                  200005dc    00000010     main.obj (.data:playSet)
                  200005ec    0000000c     main.obj (.data:highScores$1)
                  200005f8    00000005     song.obj (.data)

.stack     0    2000fe00    00000200     UNINITIALIZED
                  2000fe00    00000004     rtsv7M4_T_le_v4SPD16_eabi.lib : boot_cortex_m.c.obj (.stack)
                  2000fe04    000001fc     --HOLE--

MODULE SUMMARY

       Module                                               code    ro data   rw data
       ------                                               ----    -------   -------
    .\
       graphics_HAL.obj                                     3300    380       512    
       main.obj                                             2986    0         306    
       gameover_screen.obj                                  0       1560      0      
       sound.obj                                            270     392       34     
       Timer32_HAL.obj                                      580     0         96     
       ButtonLED_HAL.obj                                    486     0         0      
       song.obj                                             378     0         10     
       system_msp432p401r.obj                               188     0         0      
       ADC_HAL.obj                                          124     0         0      
    +--+----------------------------------------------------+-------+---------+---------+
       Total:                                               8312    2332      958    
                                                                                     
    .\LcdDriver\
       Crystalfontz128x128_ST7735.obj                       1670    40        52     
       HAL_MSP_EXP432P401R_Crystalfontz128x128_ST7735.obj   212     28        0      
    +--+----------------------------------------------------+-------+---------+---------+
       Total:                                               1882    68        52     
                                                                                     
    .\ccs\
       startup_msp432p401r_ccs.obj                          14      228       0      
    +--+----------------------------------------------------+-------+---------+---------+
       Total:                                               14      228       0      
                                                                                     
    C:/ti/simplelink_msp432p4_sdk_2_40_00_10/source/ti/devices/msp432p4xx/driverlib/ccs/msp432p4xx_driverlib.lib
       adc14.o                                              960     128       0      
       gpio.o                                               552     48        0      
       timer_a.o                                            460     0         0      
       spi.o                                                312     0         0      
       timer32.o                                            246     0         0      
       interrupt.o                                          128     8         0      
       wdt_a.o                                              36      0         0      
    +--+----------------------------------------------------+-------+---------+---------+
       Total:                                               2694    184       0      
                                                                                     
    C:/ti/simplelink_msp432p4_sdk_2_40_00_10/source/ti/grlib/lib/ccs/m4f/grlib.a
       image.obj                                            1020    0         2048   
       fontcmss12.obj                                       0       1500      0      
       string.obj                                           1214    0         0      
       line.obj                                             1168    0         0      
       rectangle.obj                                        436     0         0      
       display.obj                                          300     0         0      
       context.obj                                          174     0         0      
    +--+----------------------------------------------------+-------+---------+---------+
       Total:                                               4312    1500      2048   
                                                                                     
    C:\ti\ccs830\ccsv8\tools\compiler\ti-cgt-arm_18.1.5.LTS\lib\rtsv7M4_T_le_v4SPD16_eabi.lib
       fd_div_t2.asm.obj                                    310     0         0      
       fd_mul_t2.asm.obj                                    252     0         0      
       memcpy_t2.asm.obj                                    156     0         0      
       memset_t2.asm.obj                                    122     0         0      
       copy_decompress_lzss.c.obj                           104     0         0      
       autoinit.c.obj                                       68      0         0      
       fd_tou_t2.asm.obj                                    68      0         0      
       boot_cortex_m.c.obj                                  56      0         0      
       u_tofd_t2.asm.obj                                    32      0         0      
       ll_mul_t2.asm.obj                                    24      0         0      
       copy_decompress_none.c.obj                           14      0         0      
       copy_zero_init.c.obj                                 12      0         0      
       exit.c.obj                                           4       0         0      
       pre_init.c.obj                                       4       0         0      
    +--+----------------------------------------------------+-------+---------+---------+
       Total:                                               1226    0         0      
                                                                                     
       Stack:                                               0       0         1024   
       Linker Generated:                                    0       206       0      
    +--+----------------------------------------------------+-------+---------+---------+
       Grand Total:                                         18440   4518      4082   


LINKER GENERATED COPY TABLES

__TI_cinit_table @ 000059c0 records: 2, size/record: 8, table size: 16
	.data: load addr=00005900, load size=000000aa bytes, run addr=2000044c, run size=000001b1 bytes, compression=lzss
	.bss: load addr=000059b8, load size=00000008 bytes, run addr=20000000, run size=0000044a bytes, compression=zero_init


LINKER GENERATED HANDLER TABLE

__TI_handler_table @ 000059ac records: 3, size/record: 4, table size: 12
	index: 0, handler: __TI_decompress_lzss
	index: 1, handler: __TI_decompress_none
	index: 2, handler: __TI_zero_init


GLOBAL SYMBOLS: SORTED ALPHABETICALLY BY Name 

address   name                                       
-------   ----                                       
0000133b  ADC14_IRQHandler                           
000028e9  ADC14_configureConversionMemory            
00002799  ADC14_configureMultiSequenceMode           
000043e1  ADC14_enableConversion                     
000047e5  ADC14_enableModule                         
00004115  ADC14_enableSampleTimer                    
000045c9  ADC14_getResult                            
00003a59  ADC14_initModule                           
000042d9  ADC14_toggleConversionTrigger              
0000133b  AES256_IRQHandler                          
00003419  AllCorrect                                 
2000054c  Boosterpack_S1                             
20000568  Boosterpack_S2                             
0000133b  BusFault_Handler                           
00003b53  ButtonPushed                               
000048fb  C$$EXIT                                    
0000133b  COMP_E0_IRQHandler                         
0000133b  COMP_E1_IRQHandler                         
0000133b  CS_IRQHandler                              
00002e75  ConfigurePWM                               
00001e45  Crystalfontz128x128_Init                   
00001d11  Crystalfontz128x128_SetDrawFrame           
00003aad  Crystalfontz128x128_SetOrientation         
0000133b  DMA_ERR_IRQHandler                         
0000133b  DMA_INT0_IRQHandler                        
0000133b  DMA_INT1_IRQHandler                        
0000133b  DMA_INT2_IRQHandler                        
0000133b  DMA_INT3_IRQHandler                        
0000234b  Debounce                                   
0000133b  DebugMon_Handler                           
0000133b  Default_Handler                            
0000332d  DisplayGameOverScreen                      
00002ad1  DisplayHighScores                          
0000133d  DisplayHowToPlayScreen1                    
000014c1  DisplayHowToPlayScreen2                    
00002de1  DisplayMenuScreen                          
0000394d  DisplayStartupScreen                       
00004331  DrawBoard                                  
000042a9  DrawConstantGameGraphics                   
0000298d  DrawHeart                                  
00004005  DrawLives                                  
000024d5  DrawMenuCursor                             
0000403b  DrawScore                                  
00004671  DrawScoreAndLives                          
00003635  DrawTile                                   
0000263d  DrawTileColor                              
00004533  DrawTileInfo                               
00004071  DrawTileNumber                             
0000133b  EUSCIA0_IRQHandler                         
0000133b  EUSCIA1_IRQHandler                         
0000133b  EUSCIA2_IRQHandler                         
0000133b  EUSCIA3_IRQHandler                         
0000133b  EUSCIB0_IRQHandler                         
0000133b  EUSCIB1_IRQHandler                         
0000133b  EUSCIB2_IRQHandler                         
0000133b  EUSCIB3_IRQHandler                         
0000470b  EUSCI_A_SPI_enable                         
00004721  EUSCI_B_SPI_enable                         
00004149  EraseLives                                 
0000417d  EraseScore                                 
0000468b  EraseScoreAndLives                         
000026ed  EraseTileColor                             
00004551  EraseTileInfo                              
000041b1  EraseTileNumber                            
0000133b  FLCTL_IRQHandler                           
0000133b  FPU_IRQHandler                             
00004219  GPIO_getInputPinValue                      
000039a9  GPIO_setAsInputPinWithPullUpResistor       
00003cf1  GPIO_setAsOutputPin                        
00002f05  GPIO_setAsPeripheralModuleFunctionInputPin 
00002f8d  GPIO_setAsPeripheralModuleFunctionOutputPin
00004431  GPIO_setOutputHighOnPin                    
00004459  GPIO_setOutputLowOnPin                     
000000e5  GameState_FSM                              
0000478b  Graphics_clearDisplay                      
000046a5  Graphics_clearDisplayOnDisplay             
000040a7  Graphics_drawHorizontalLineOnDisplay       
00000dd3  Graphics_drawImage                         
000017c1  Graphics_drawLine                          
00002c0d  Graphics_drawLineH                         
00002ca9  Graphics_drawLineV                         
00003b9f  Graphics_drawMultiplePixelsOnDisplay       
0000435d  Graphics_drawPixelOnDisplay                
00002a2f  Graphics_drawRectangle                     
00000955  Graphics_drawString                        
000040dd  Graphics_drawVerticalLineOnDisplay         
00001f71  Graphics_fillRectangle                     
0000456f  Graphics_fillRectangleOnDisplay            
00003b01  Graphics_initContext                       
000046bf  Graphics_setBackgroundColor                
000046d9  Graphics_setFont                           
00004737  Graphics_setForegroundColor                
0000474d  Graphics_translateColorOnDisplay           
00004249  HAL_LCD_PortInit                           
00003d71  HAL_LCD_SpiInit                            
00003f25  HAL_LCD_writeCommand                       
00004389  HAL_LCD_writeData                          
0000133b  HardFault_Handler                          
00003f5d  HighlightTile                              
000047ad  InitFonts                                  
00003db1  InitGraphics                               
0000458d  InitOneShotSWTimer                         
000045e5  InitSongList_Bonk                          
0000217f  InitSongList_GameOver                      
000047bb  InitSound                                  
00003231  Interrupt_enableInterrupt                  
20000584  Joystick_Button                            
000047f1  LCDClearDisplay                            
20000446  Lcd_FlagRead                               
20000447  Lcd_FontSolid                              
20000448  Lcd_Orientation                            
20000449  Lcd_PenSolid                               
20000440  Lcd_ScreenHeigth                           
20000442  Lcd_ScreenWidth                            
20000444  Lcd_TouchTrim                              
0000133b  MemManage_Handler                          
00003e71  MoveMenuCursorDown                         
00003ead  MoveMenuCursorUp                           
0000133b  NMI_Handler                                
00002841  OneShotSWTimerExpired                      
0000133b  PCM_IRQHandler                             
0000133b  PORT1_IRQHandler                           
0000133b  PORT2_IRQHandler                           
0000133b  PORT3_IRQHandler                           
0000133b  PORT4_IRQHandler                           
0000133b  PORT5_IRQHandler                           
0000133b  PORT6_IRQHandler                           
0000133b  PSS_IRQHandler                             
0000133b  PendSV_Handler                             
00003489  PlayNote_nonblocking                       
000036fd  PlaySong_nonblocking                       
0000133b  RTC_C_IRQHandler                           
000047fd  Reset_Handler                              
00004601  SPI_enableModule                           
0000258b  SPI_initMaster                             
0000133b  SVC_Handler                                
000045ab  StartOneShotSWTimer                        
0000133b  SysTick_Handler                            
00002419  SystemInit                                 
0000461d  T32_INT1_IRQHandler                        
0000461d  T32_INT1_IRQHandler                        
0000133b  T32_INT2_IRQHandler                        
0000133b  T32_INTC_IRQHandler                        
0000133b  TA0_0_IRQHandler                           
0000133b  TA0_N_IRQHandler                           
0000133b  TA1_0_IRQHandler                           
0000133b  TA1_N_IRQHandler                           
0000133b  TA2_0_IRQHandler                           
0000133b  TA2_N_IRQHandler                           
0000133b  TA3_0_IRQHandler                           
0000133b  TA3_N_IRQHandler                           
00004763  Timer32_clearInterruptFlag                 
000047c9  Timer32_getValue                           
00003565  Timer32_initModule                         
000041e5  Timer32_setCount                           
00003f95  Timer32_startTimer                         
000033a5  Timer_A_generatePWM                        
00004777  Timer_A_stopTimer                          
00004639  UnHighlightTile                            
0000133b  UsageFault_Handler                         
4000480c  WDTCTL_SYM                                 
0000133b  WDT_A_IRQHandler                           
000044a9  WDT_A_holdTimer                            
00004481  WaitCycles                                 
00002279  XTile                                      
20010000  __STACK_END                                
00000200  __STACK_SIZE                               
000059c0  __TI_CINIT_Base                            
000059d0  __TI_CINIT_Limit                           
000059ac  __TI_Handler_Table_Base                    
000059b8  __TI_Handler_Table_Limit                   
00003be5  __TI_auto_init_nobinit_nopinit             
000035cd  __TI_decompress_lzss                       
000047d7  __TI_decompress_none                       
ffffffff  __TI_pprof_out_hndl                        
ffffffff  __TI_prof_data_size                        
ffffffff  __TI_prof_data_start                       
00000000  __TI_static_base__                         
00004809  __TI_zero_init                             
00003c6d  __aeabi_d2uiz                              
00001bd9  __aeabi_ddiv                               
00002083  __aeabi_dmul                               
000046f3  __aeabi_lmul                               
000032b1  __aeabi_memclr                             
000032b1  __aeabi_memclr4                            
000032b1  __aeabi_memclr8                            
00002d45  __aeabi_memcpy                             
00002d45  __aeabi_memcpy4                            
00002d45  __aeabi_memcpy8                            
000032b3  __aeabi_memset                             
000032b3  __aeabi_memset4                            
000032b3  __aeabi_memset8                            
00004513  __aeabi_ui2d                               
ffffffff  __binit__                                  
ffffffff  __c_args__                                 
UNDEFED   __mpu_init                                 
2000fe00  __stack                                    
00003fcd  _c_int00_noargs                            
UNDEFED   _system_post_cinit                         
000048f7  _system_pre_init                           
000048fb  abort                                      
ffffffff  binit                                      
200005cc  g_sCrystalfontz128x128                     
00005718  g_sCrystalfontz128x128_funcs               
000055a0  g_sFontCmss12                              
00005888  gameover1BPP_UNCOMP                        
00003ee9  generateRandomTileSet_2_Color              
00004655  getSampleJoyStick                          
000044cd  initADC                                    
00003761  initHWTimer0                               
000037c5  initHWTimer1                               
00004279  initJoyStick                               
00003829  initialize                                 
00004815  initialize_BoosterpackBottomButton         
00004821  initialize_BoosterpackLED_blue             
0000482d  initialize_BoosterpackLED_green            
00004839  initialize_BoosterpackLED_red              
00004845  initialize_BoosterpackTopButton            
00004851  initialize_JoystickButton                  
0000485d  initialize_LaunchpadLED1                   
00004869  initialize_LaunchpadLED2_blue              
00004875  initialize_LaunchpadLED2_green             
00004881  initialize_LaunchpadLED2_red               
2000044c  intHighlight                               
00000000  interruptVectors                           
00003015  isJoyStickDown                             
000031ad  isJoyStickLeft                             
0000309d  isJoyStickRight                            
00003125  isJoyStickUp                               
00003e31  main                                       
000043b5  make_2digit_NumString                      
00003c29  make_3digit_NumString                      
00002d45  memcpy                                     
000032b9  memset                                     
000044f1  random_1or0                                
0000488d  startADC                                   
00003a01  startHWTimer                               
200004cc  tile                                       
20000400  timer0                                     
20000418  timer1                                     
00004899  turnOff_BoosterpackLED_blue                
000048a5  turnOff_BoosterpackLED_green               
000048b1  turnOff_BoosterpackLED_red                 
000048bd  turnOff_LaunchpadLED1                      
000048c9  turnOff_LaunchpadLED2_blue                 
000048d5  turnOff_LaunchpadLED2_green                
000048e1  turnOff_LaunchpadLED2_red                  


GLOBAL SYMBOLS: SORTED BY Symbol Address 

address   name                                       
-------   ----                                       
00000000  __TI_static_base__                         
00000000  interruptVectors                           
000000e5  GameState_FSM                              
00000200  __STACK_SIZE                               
00000955  Graphics_drawString                        
00000dd3  Graphics_drawImage                         
0000133b  ADC14_IRQHandler                           
0000133b  AES256_IRQHandler                          
0000133b  BusFault_Handler                           
0000133b  COMP_E0_IRQHandler                         
0000133b  COMP_E1_IRQHandler                         
0000133b  CS_IRQHandler                              
0000133b  DMA_ERR_IRQHandler                         
0000133b  DMA_INT0_IRQHandler                        
0000133b  DMA_INT1_IRQHandler                        
0000133b  DMA_INT2_IRQHandler                        
0000133b  DMA_INT3_IRQHandler                        
0000133b  DebugMon_Handler                           
0000133b  Default_Handler                            
0000133b  EUSCIA0_IRQHandler                         
0000133b  EUSCIA1_IRQHandler                         
0000133b  EUSCIA2_IRQHandler                         
0000133b  EUSCIA3_IRQHandler                         
0000133b  EUSCIB0_IRQHandler                         
0000133b  EUSCIB1_IRQHandler                         
0000133b  EUSCIB2_IRQHandler                         
0000133b  EUSCIB3_IRQHandler                         
0000133b  FLCTL_IRQHandler                           
0000133b  FPU_IRQHandler                             
0000133b  HardFault_Handler                          
0000133b  MemManage_Handler                          
0000133b  NMI_Handler                                
0000133b  PCM_IRQHandler                             
0000133b  PORT1_IRQHandler                           
0000133b  PORT2_IRQHandler                           
0000133b  PORT3_IRQHandler                           
0000133b  PORT4_IRQHandler                           
0000133b  PORT5_IRQHandler                           
0000133b  PORT6_IRQHandler                           
0000133b  PSS_IRQHandler                             
0000133b  PendSV_Handler                             
0000133b  RTC_C_IRQHandler                           
0000133b  SVC_Handler                                
0000133b  SysTick_Handler                            
0000133b  T32_INT2_IRQHandler                        
0000133b  T32_INTC_IRQHandler                        
0000133b  TA0_0_IRQHandler                           
0000133b  TA0_N_IRQHandler                           
0000133b  TA1_0_IRQHandler                           
0000133b  TA1_N_IRQHandler                           
0000133b  TA2_0_IRQHandler                           
0000133b  TA2_N_IRQHandler                           
0000133b  TA3_0_IRQHandler                           
0000133b  TA3_N_IRQHandler                           
0000133b  UsageFault_Handler                         
0000133b  WDT_A_IRQHandler                           
0000133d  DisplayHowToPlayScreen1                    
000014c1  DisplayHowToPlayScreen2                    
000017c1  Graphics_drawLine                          
00001bd9  __aeabi_ddiv                               
00001d11  Crystalfontz128x128_SetDrawFrame           
00001e45  Crystalfontz128x128_Init                   
00001f71  Graphics_fillRectangle                     
00002083  __aeabi_dmul                               
0000217f  InitSongList_GameOver                      
00002279  XTile                                      
0000234b  Debounce                                   
00002419  SystemInit                                 
000024d5  DrawMenuCursor                             
0000258b  SPI_initMaster                             
0000263d  DrawTileColor                              
000026ed  EraseTileColor                             
00002799  ADC14_configureMultiSequenceMode           
00002841  OneShotSWTimerExpired                      
000028e9  ADC14_configureConversionMemory            
0000298d  DrawHeart                                  
00002a2f  Graphics_drawRectangle                     
00002ad1  DisplayHighScores                          
00002c0d  Graphics_drawLineH                         
00002ca9  Graphics_drawLineV                         
00002d45  __aeabi_memcpy                             
00002d45  __aeabi_memcpy4                            
00002d45  __aeabi_memcpy8                            
00002d45  memcpy                                     
00002de1  DisplayMenuScreen                          
00002e75  ConfigurePWM                               
00002f05  GPIO_setAsPeripheralModuleFunctionInputPin 
00002f8d  GPIO_setAsPeripheralModuleFunctionOutputPin
00003015  isJoyStickDown                             
0000309d  isJoyStickRight                            
00003125  isJoyStickUp                               
000031ad  isJoyStickLeft                             
00003231  Interrupt_enableInterrupt                  
000032b1  __aeabi_memclr                             
000032b1  __aeabi_memclr4                            
000032b1  __aeabi_memclr8                            
000032b3  __aeabi_memset                             
000032b3  __aeabi_memset4                            
000032b3  __aeabi_memset8                            
000032b9  memset                                     
0000332d  DisplayGameOverScreen                      
000033a5  Timer_A_generatePWM                        
00003419  AllCorrect                                 
00003489  PlayNote_nonblocking                       
00003565  Timer32_initModule                         
000035cd  __TI_decompress_lzss                       
00003635  DrawTile                                   
000036fd  PlaySong_nonblocking                       
00003761  initHWTimer0                               
000037c5  initHWTimer1                               
00003829  initialize                                 
0000394d  DisplayStartupScreen                       
000039a9  GPIO_setAsInputPinWithPullUpResistor       
00003a01  startHWTimer                               
00003a59  ADC14_initModule                           
00003aad  Crystalfontz128x128_SetOrientation         
00003b01  Graphics_initContext                       
00003b53  ButtonPushed                               
00003b9f  Graphics_drawMultiplePixelsOnDisplay       
00003be5  __TI_auto_init_nobinit_nopinit             
00003c29  make_3digit_NumString                      
00003c6d  __aeabi_d2uiz                              
00003cf1  GPIO_setAsOutputPin                        
00003d71  HAL_LCD_SpiInit                            
00003db1  InitGraphics                               
00003e31  main                                       
00003e71  MoveMenuCursorDown                         
00003ead  MoveMenuCursorUp                           
00003ee9  generateRandomTileSet_2_Color              
00003f25  HAL_LCD_writeCommand                       
00003f5d  HighlightTile                              
00003f95  Timer32_startTimer                         
00003fcd  _c_int00_noargs                            
00004005  DrawLives                                  
0000403b  DrawScore                                  
00004071  DrawTileNumber                             
000040a7  Graphics_drawHorizontalLineOnDisplay       
000040dd  Graphics_drawVerticalLineOnDisplay         
00004115  ADC14_enableSampleTimer                    
00004149  EraseLives                                 
0000417d  EraseScore                                 
000041b1  EraseTileNumber                            
000041e5  Timer32_setCount                           
00004219  GPIO_getInputPinValue                      
00004249  HAL_LCD_PortInit                           
00004279  initJoyStick                               
000042a9  DrawConstantGameGraphics                   
000042d9  ADC14_toggleConversionTrigger              
00004331  DrawBoard                                  
0000435d  Graphics_drawPixelOnDisplay                
00004389  HAL_LCD_writeData                          
000043b5  make_2digit_NumString                      
000043e1  ADC14_enableConversion                     
00004431  GPIO_setOutputHighOnPin                    
00004459  GPIO_setOutputLowOnPin                     
00004481  WaitCycles                                 
000044a9  WDT_A_holdTimer                            
000044cd  initADC                                    
000044f1  random_1or0                                
00004513  __aeabi_ui2d                               
00004533  DrawTileInfo                               
00004551  EraseTileInfo                              
0000456f  Graphics_fillRectangleOnDisplay            
0000458d  InitOneShotSWTimer                         
000045ab  StartOneShotSWTimer                        
000045c9  ADC14_getResult                            
000045e5  InitSongList_Bonk                          
00004601  SPI_enableModule                           
0000461d  T32_INT1_IRQHandler                        
0000461d  T32_INT1_IRQHandler                        
00004639  UnHighlightTile                            
00004655  getSampleJoyStick                          
00004671  DrawScoreAndLives                          
0000468b  EraseScoreAndLives                         
000046a5  Graphics_clearDisplayOnDisplay             
000046bf  Graphics_setBackgroundColor                
000046d9  Graphics_setFont                           
000046f3  __aeabi_lmul                               
0000470b  EUSCI_A_SPI_enable                         
00004721  EUSCI_B_SPI_enable                         
00004737  Graphics_setForegroundColor                
0000474d  Graphics_translateColorOnDisplay           
00004763  Timer32_clearInterruptFlag                 
00004777  Timer_A_stopTimer                          
0000478b  Graphics_clearDisplay                      
000047ad  InitFonts                                  
000047bb  InitSound                                  
000047c9  Timer32_getValue                           
000047d7  __TI_decompress_none                       
000047e5  ADC14_enableModule                         
000047f1  LCDClearDisplay                            
000047fd  Reset_Handler                              
00004809  __TI_zero_init                             
00004815  initialize_BoosterpackBottomButton         
00004821  initialize_BoosterpackLED_blue             
0000482d  initialize_BoosterpackLED_green            
00004839  initialize_BoosterpackLED_red              
00004845  initialize_BoosterpackTopButton            
00004851  initialize_JoystickButton                  
0000485d  initialize_LaunchpadLED1                   
00004869  initialize_LaunchpadLED2_blue              
00004875  initialize_LaunchpadLED2_green             
00004881  initialize_LaunchpadLED2_red               
0000488d  startADC                                   
00004899  turnOff_BoosterpackLED_blue                
000048a5  turnOff_BoosterpackLED_green               
000048b1  turnOff_BoosterpackLED_red                 
000048bd  turnOff_LaunchpadLED1                      
000048c9  turnOff_LaunchpadLED2_blue                 
000048d5  turnOff_LaunchpadLED2_green                
000048e1  turnOff_LaunchpadLED2_red                  
000048f7  _system_pre_init                           
000048fb  C$$EXIT                                    
000048fb  abort                                      
000055a0  g_sFontCmss12                              
00005718  g_sCrystalfontz128x128_funcs               
00005888  gameover1BPP_UNCOMP                        
000059ac  __TI_Handler_Table_Base                    
000059b8  __TI_Handler_Table_Limit                   
000059c0  __TI_CINIT_Base                            
000059d0  __TI_CINIT_Limit                           
20000400  timer0                                     
20000418  timer1                                     
20000440  Lcd_ScreenHeigth                           
20000442  Lcd_ScreenWidth                            
20000444  Lcd_TouchTrim                              
20000446  Lcd_FlagRead                               
20000447  Lcd_FontSolid                              
20000448  Lcd_Orientation                            
20000449  Lcd_PenSolid                               
2000044c  intHighlight                               
200004cc  tile                                       
2000054c  Boosterpack_S1                             
20000568  Boosterpack_S2                             
20000584  Joystick_Button                            
200005cc  g_sCrystalfontz128x128                     
2000fe00  __stack                                    
20010000  __STACK_END                                
4000480c  WDTCTL_SYM                                 
ffffffff  __TI_pprof_out_hndl                        
ffffffff  __TI_prof_data_size                        
ffffffff  __TI_prof_data_start                       
ffffffff  __binit__                                  
ffffffff  __c_args__                                 
ffffffff  binit                                      
UNDEFED   __mpu_init                                 
UNDEFED   _system_post_cinit                         

[247 symbols]
