<?xml version="1.0" encoding="ISO-8859-1" ?>
<link_info>
   <banner>TI ARM Linker PC v18.1.5.LTS</banner>
   <copyright>Copyright (c) 1996-2018 Texas Instruments Incorporated</copyright>
   <link_time>0x5d4386c4</link_time>
   <link_errors>0x0</link_errors>
   <output_file>Pierce_SummerProject.out</output_file>
   <entry_point>
      <name>_c_int00_noargs</name>
      <address>0x3a01</address>
   </entry_point>
   <input_file_list>
      <input_file id="fl-2">
         <path>.\</path>
         <kind>object</kind>
         <file>ADC_HAL.obj</file>
         <name>ADC_HAL.obj</name>
      </input_file>
      <input_file id="fl-3">
         <path>.\</path>
         <kind>object</kind>
         <file>ButtonLED_HAL.obj</file>
         <name>ButtonLED_HAL.obj</name>
      </input_file>
      <input_file id="fl-4">
         <path>.\</path>
         <kind>object</kind>
         <file>Timer32_HAL.obj</file>
         <name>Timer32_HAL.obj</name>
      </input_file>
      <input_file id="fl-5">
         <path>.\</path>
         <kind>object</kind>
         <file>gameover_screen.obj</file>
         <name>gameover_screen.obj</name>
      </input_file>
      <input_file id="fl-6">
         <path>.\</path>
         <kind>object</kind>
         <file>graphics_HAL.obj</file>
         <name>graphics_HAL.obj</name>
      </input_file>
      <input_file id="fl-7">
         <path>.\</path>
         <kind>object</kind>
         <file>main.obj</file>
         <name>main.obj</name>
      </input_file>
      <input_file id="fl-8">
         <path>.\</path>
         <kind>object</kind>
         <file>song.obj</file>
         <name>song.obj</name>
      </input_file>
      <input_file id="fl-9">
         <path>.\</path>
         <kind>object</kind>
         <file>sound.obj</file>
         <name>sound.obj</name>
      </input_file>
      <input_file id="fl-a">
         <path>.\</path>
         <kind>object</kind>
         <file>system_msp432p401r.obj</file>
         <name>system_msp432p401r.obj</name>
      </input_file>
      <input_file id="fl-b">
         <path>.\LcdDriver\</path>
         <kind>object</kind>
         <file>Crystalfontz128x128_ST7735.obj</file>
         <name>Crystalfontz128x128_ST7735.obj</name>
      </input_file>
      <input_file id="fl-c">
         <path>.\LcdDriver\</path>
         <kind>object</kind>
         <file>HAL_MSP_EXP432P401R_Crystalfontz128x128_ST7735.obj</file>
         <name>HAL_MSP_EXP432P401R_Crystalfontz128x128_ST7735.obj</name>
      </input_file>
      <input_file id="fl-d">
         <path>.\ccs\</path>
         <kind>object</kind>
         <file>startup_msp432p401r_ccs.obj</file>
         <name>startup_msp432p401r_ccs.obj</name>
      </input_file>
      <input_file id="fl-19">
         <kind>object</kind>
         <file>&lt;internal&gt;</file>
         <name>&lt;internal&gt;</name>
      </input_file>
      <input_file id="fl-1a">
         <path>C:\ti\simplelink_msp432p4_sdk_2_40_00_10\source\ti\grlib\lib\ccs\m4f\</path>
         <kind>archive</kind>
         <file>grlib.a</file>
         <name>context.obj</name>
      </input_file>
      <input_file id="fl-1b">
         <path>C:\ti\simplelink_msp432p4_sdk_2_40_00_10\source\ti\grlib\lib\ccs\m4f\</path>
         <kind>archive</kind>
         <file>grlib.a</file>
         <name>display.obj</name>
      </input_file>
      <input_file id="fl-1c">
         <path>C:\ti\simplelink_msp432p4_sdk_2_40_00_10\source\ti\grlib\lib\ccs\m4f\</path>
         <kind>archive</kind>
         <file>grlib.a</file>
         <name>fontcmss12.obj</name>
      </input_file>
      <input_file id="fl-1d">
         <path>C:\ti\simplelink_msp432p4_sdk_2_40_00_10\source\ti\grlib\lib\ccs\m4f\</path>
         <kind>archive</kind>
         <file>grlib.a</file>
         <name>image.obj</name>
      </input_file>
      <input_file id="fl-1e">
         <path>C:\ti\simplelink_msp432p4_sdk_2_40_00_10\source\ti\grlib\lib\ccs\m4f\</path>
         <kind>archive</kind>
         <file>grlib.a</file>
         <name>line.obj</name>
      </input_file>
      <input_file id="fl-1f">
         <path>C:\ti\simplelink_msp432p4_sdk_2_40_00_10\source\ti\grlib\lib\ccs\m4f\</path>
         <kind>archive</kind>
         <file>grlib.a</file>
         <name>rectangle.obj</name>
      </input_file>
      <input_file id="fl-20">
         <path>C:\ti\simplelink_msp432p4_sdk_2_40_00_10\source\ti\grlib\lib\ccs\m4f\</path>
         <kind>archive</kind>
         <file>grlib.a</file>
         <name>string.obj</name>
      </input_file>
      <input_file id="fl-21">
         <path>C:\ti\simplelink_msp432p4_sdk_2_40_00_10\source\ti\devices\msp432p4xx\driverlib\ccs\</path>
         <kind>archive</kind>
         <file>msp432p4xx_driverlib.lib</file>
         <name>adc14.o</name>
      </input_file>
      <input_file id="fl-22">
         <path>C:\ti\simplelink_msp432p4_sdk_2_40_00_10\source\ti\devices\msp432p4xx\driverlib\ccs\</path>
         <kind>archive</kind>
         <file>msp432p4xx_driverlib.lib</file>
         <name>gpio.o</name>
      </input_file>
      <input_file id="fl-23">
         <path>C:\ti\simplelink_msp432p4_sdk_2_40_00_10\source\ti\devices\msp432p4xx\driverlib\ccs\</path>
         <kind>archive</kind>
         <file>msp432p4xx_driverlib.lib</file>
         <name>interrupt.o</name>
      </input_file>
      <input_file id="fl-24">
         <path>C:\ti\simplelink_msp432p4_sdk_2_40_00_10\source\ti\devices\msp432p4xx\driverlib\ccs\</path>
         <kind>archive</kind>
         <file>msp432p4xx_driverlib.lib</file>
         <name>spi.o</name>
      </input_file>
      <input_file id="fl-25">
         <path>C:\ti\simplelink_msp432p4_sdk_2_40_00_10\source\ti\devices\msp432p4xx\driverlib\ccs\</path>
         <kind>archive</kind>
         <file>msp432p4xx_driverlib.lib</file>
         <name>timer32.o</name>
      </input_file>
      <input_file id="fl-26">
         <path>C:\ti\simplelink_msp432p4_sdk_2_40_00_10\source\ti\devices\msp432p4xx\driverlib\ccs\</path>
         <kind>archive</kind>
         <file>msp432p4xx_driverlib.lib</file>
         <name>timer_a.o</name>
      </input_file>
      <input_file id="fl-27">
         <path>C:\ti\simplelink_msp432p4_sdk_2_40_00_10\source\ti\devices\msp432p4xx\driverlib\ccs\</path>
         <kind>archive</kind>
         <file>msp432p4xx_driverlib.lib</file>
         <name>wdt_a.o</name>
      </input_file>
      <input_file id="fl-28">
         <path>C:\ti\simplelink_msp432p4_sdk_2_40_00_10\source\ti\devices\msp432p4xx\driverlib\ccs\</path>
         <kind>archive</kind>
         <file>msp432p4xx_driverlib.lib</file>
         <name>cpu.o</name>
      </input_file>
      <input_file id="fl-29">
         <path>C:\ti\simplelink_msp432p4_sdk_2_40_00_10\source\ti\devices\msp432p4xx\driverlib\ccs\</path>
         <kind>archive</kind>
         <file>msp432p4xx_driverlib.lib</file>
         <name>sysctl_a.o</name>
      </input_file>
      <input_file id="fl-df">
         <path>C:\ti\ccs830\ccsv8\tools\compiler\ti-cgt-arm_18.1.5.LTS\lib\</path>
         <kind>archive</kind>
         <file>rtsv7M4_T_le_v4SPD16_eabi.lib</file>
         <name>memset_t2.asm.obj</name>
      </input_file>
      <input_file id="fl-e0">
         <path>C:\ti\ccs830\ccsv8\tools\compiler\ti-cgt-arm_18.1.5.LTS\lib\</path>
         <kind>archive</kind>
         <file>rtsv7M4_T_le_v4SPD16_eabi.lib</file>
         <name>fd_div_t2.asm.obj</name>
      </input_file>
      <input_file id="fl-e1">
         <path>C:\ti\ccs830\ccsv8\tools\compiler\ti-cgt-arm_18.1.5.LTS\lib\</path>
         <kind>archive</kind>
         <file>rtsv7M4_T_le_v4SPD16_eabi.lib</file>
         <name>fd_mul_t2.asm.obj</name>
      </input_file>
      <input_file id="fl-e2">
         <path>C:\ti\ccs830\ccsv8\tools\compiler\ti-cgt-arm_18.1.5.LTS\lib\</path>
         <kind>archive</kind>
         <file>rtsv7M4_T_le_v4SPD16_eabi.lib</file>
         <name>fd_tou_t2.asm.obj</name>
      </input_file>
      <input_file id="fl-e3">
         <path>C:\ti\ccs830\ccsv8\tools\compiler\ti-cgt-arm_18.1.5.LTS\lib\</path>
         <kind>archive</kind>
         <file>rtsv7M4_T_le_v4SPD16_eabi.lib</file>
         <name>ll_mul_t2.asm.obj</name>
      </input_file>
      <input_file id="fl-e4">
         <path>C:\ti\ccs830\ccsv8\tools\compiler\ti-cgt-arm_18.1.5.LTS\lib\</path>
         <kind>archive</kind>
         <file>rtsv7M4_T_le_v4SPD16_eabi.lib</file>
         <name>memcpy_t2.asm.obj</name>
      </input_file>
      <input_file id="fl-e5">
         <path>C:\ti\ccs830\ccsv8\tools\compiler\ti-cgt-arm_18.1.5.LTS\lib\</path>
         <kind>archive</kind>
         <file>rtsv7M4_T_le_v4SPD16_eabi.lib</file>
         <name>u_tofd_t2.asm.obj</name>
      </input_file>
      <input_file id="fl-e6">
         <path>C:\ti\ccs830\ccsv8\tools\compiler\ti-cgt-arm_18.1.5.LTS\lib\</path>
         <kind>archive</kind>
         <file>rtsv7M4_T_le_v4SPD16_eabi.lib</file>
         <name>copy_zero_init.c.obj</name>
      </input_file>
      <input_file id="fl-e7">
         <path>C:\ti\ccs830\ccsv8\tools\compiler\ti-cgt-arm_18.1.5.LTS\lib\</path>
         <kind>archive</kind>
         <file>rtsv7M4_T_le_v4SPD16_eabi.lib</file>
         <name>copy_decompress_none.c.obj</name>
      </input_file>
      <input_file id="fl-e8">
         <path>C:\ti\ccs830\ccsv8\tools\compiler\ti-cgt-arm_18.1.5.LTS\lib\</path>
         <kind>archive</kind>
         <file>rtsv7M4_T_le_v4SPD16_eabi.lib</file>
         <name>copy_decompress_lzss.c.obj</name>
      </input_file>
      <input_file id="fl-e9">
         <path>C:\ti\ccs830\ccsv8\tools\compiler\ti-cgt-arm_18.1.5.LTS\lib\</path>
         <kind>archive</kind>
         <file>rtsv7M4_T_le_v4SPD16_eabi.lib</file>
         <name>boot_cortex_m.c.obj</name>
      </input_file>
      <input_file id="fl-ea">
         <path>C:\ti\ccs830\ccsv8\tools\compiler\ti-cgt-arm_18.1.5.LTS\lib\</path>
         <kind>archive</kind>
         <file>rtsv7M4_T_le_v4SPD16_eabi.lib</file>
         <name>exit.c.obj</name>
      </input_file>
      <input_file id="fl-eb">
         <path>C:\ti\ccs830\ccsv8\tools\compiler\ti-cgt-arm_18.1.5.LTS\lib\</path>
         <kind>archive</kind>
         <file>rtsv7M4_T_le_v4SPD16_eabi.lib</file>
         <name>_lock.c.obj</name>
      </input_file>
      <input_file id="fl-ec">
         <path>C:\ti\ccs830\ccsv8\tools\compiler\ti-cgt-arm_18.1.5.LTS\lib\</path>
         <kind>archive</kind>
         <file>rtsv7M4_T_le_v4SPD16_eabi.lib</file>
         <name>args_main.c.obj</name>
      </input_file>
      <input_file id="fl-ed">
         <path>C:\ti\ccs830\ccsv8\tools\compiler\ti-cgt-arm_18.1.5.LTS\lib\</path>
         <kind>archive</kind>
         <file>rtsv7M4_T_le_v4SPD16_eabi.lib</file>
         <name>autoinit.c.obj</name>
      </input_file>
      <input_file id="fl-ee">
         <path>C:\ti\ccs830\ccsv8\tools\compiler\ti-cgt-arm_18.1.5.LTS\lib\</path>
         <kind>archive</kind>
         <file>rtsv7M4_T_le_v4SPD16_eabi.lib</file>
         <name>pre_init.c.obj</name>
      </input_file>
      <input_file id="fl-ef">
         <path>C:\ti\ccs830\ccsv8\tools\compiler\ti-cgt-arm_18.1.5.LTS\lib\</path>
         <kind>archive</kind>
         <file>rtsv7M4_T_le_v4SPD16_eabi.lib</file>
         <name>cpy_tbl.c.obj</name>
      </input_file>
   </input_file_list>
   <object_component_list>
      <object_component id="oc-23">
         <name>.intvecs:retain</name>
         <load_address>0x0</load_address>
         <run_address>0x0</run_address>
         <size>0xe4</size>
         <input_file_ref idref="fl-d"/>
      </object_component>
      <object_component id="oc-fb">
         <name>.text:GameState_FSM</name>
         <load_address>0xe4</load_address>
         <run_address>0xe4</run_address>
         <size>0x838</size>
         <input_file_ref idref="fl-7"/>
      </object_component>
      <object_component id="oc-23c">
         <name>.text:Graphics_drawString</name>
         <load_address>0x91c</load_address>
         <run_address>0x91c</run_address>
         <size>0x47e</size>
         <input_file_ref idref="fl-20"/>
      </object_component>
      <object_component id="oc-4e6">
         <name>.text:Graphics_drawImage</name>
         <load_address>0xd9a</load_address>
         <run_address>0xd9a</run_address>
         <size>0x390</size>
         <input_file_ref idref="fl-1d"/>
      </object_component>
      <object_component id="oc-3bb">
         <name>.text:Crystalfontz128x128_PixelDrawMultiple</name>
         <load_address>0x112a</load_address>
         <run_address>0x112a</run_address>
         <size>0x1d8</size>
         <input_file_ref idref="fl-b"/>
      </object_component>
      <object_component id="oc-6a">
         <name>.text:Default_Handler</name>
         <load_address>0x1302</load_address>
         <run_address>0x1302</run_address>
         <size>0x2</size>
         <input_file_ref idref="fl-d"/>
      </object_component>
      <object_component id="oc-28b">
         <name>.text:DisplayHowToPlayScreen1</name>
         <load_address>0x1304</load_address>
         <run_address>0x1304</run_address>
         <size>0x184</size>
         <input_file_ref idref="fl-6"/>
      </object_component>
      <object_component id="oc-291">
         <name>.text:DisplayHowToPlayScreen2</name>
         <load_address>0x1488</load_address>
         <run_address>0x1488</run_address>
         <size>0x180</size>
         <input_file_ref idref="fl-6"/>
      </object_component>
      <object_component id="oc-608">
         <name>.text:Graphics_clipLine</name>
         <load_address>0x1608</load_address>
         <run_address>0x1608</run_address>
         <size>0x180</size>
         <input_file_ref idref="fl-1e"/>
      </object_component>
      <object_component id="oc-4de">
         <name>.text:Graphics_drawLine</name>
         <load_address>0x1788</load_address>
         <run_address>0x1788</run_address>
         <size>0x174</size>
         <input_file_ref idref="fl-1e"/>
      </object_component>
      <object_component id="oc-54d">
         <name>.text:_getIndexForMemRegister</name>
         <load_address>0x18fc</load_address>
         <run_address>0x18fc</run_address>
         <size>0x160</size>
         <input_file_ref idref="fl-21"/>
      </object_component>
      <object_component id="oc-57f">
         <name>.text:Crystalfontz128x128_SetDrawFrame</name>
         <load_address>0x1a5c</load_address>
         <run_address>0x1a5c</run_address>
         <size>0x134</size>
         <input_file_ref idref="fl-b"/>
      </object_component>
      <object_component id="oc-39f">
         <name>.text:Crystalfontz128x128_Init</name>
         <load_address>0x1b90</load_address>
         <run_address>0x1b90</run_address>
         <size>0x12c</size>
         <input_file_ref idref="fl-b"/>
      </object_component>
      <object_component id="oc-4c6">
         <name>.text:Graphics_fillRectangle</name>
         <load_address>0x1cbc</load_address>
         <run_address>0x1cbc</run_address>
         <size>0x112</size>
         <input_file_ref idref="fl-1f"/>
      </object_component>
      <object_component id="oc-24f">
         <name>.text:InitSongList_GameOver</name>
         <load_address>0x1dce</load_address>
         <run_address>0x1dce</run_address>
         <size>0xfa</size>
         <input_file_ref idref="fl-8"/>
      </object_component>
      <object_component id="oc-2e6">
         <name>.text:XTile</name>
         <load_address>0x1ec8</load_address>
         <run_address>0x1ec8</run_address>
         <size>0xd2</size>
         <input_file_ref idref="fl-6"/>
      </object_component>
      <object_component id="oc-416">
         <name>.text:Debounce</name>
         <load_address>0x1f9a</load_address>
         <run_address>0x1f9a</run_address>
         <size>0xce</size>
         <input_file_ref idref="fl-3"/>
      </object_component>
      <object_component id="oc-ae">
         <name>.text:SystemInit</name>
         <load_address>0x2068</load_address>
         <run_address>0x2068</run_address>
         <size>0xbc</size>
         <input_file_ref idref="fl-a"/>
      </object_component>
      <object_component id="oc-427">
         <name>.text:DrawMenuCursor</name>
         <load_address>0x2124</load_address>
         <run_address>0x2124</run_address>
         <size>0xb6</size>
         <input_file_ref idref="fl-6"/>
      </object_component>
      <object_component id="oc-64f">
         <name>.text:SPI_initMaster</name>
         <load_address>0x21da</load_address>
         <run_address>0x21da</run_address>
         <size>0xb0</size>
         <input_file_ref idref="fl-24"/>
      </object_component>
      <object_component id="oc-4af">
         <name>.text:DrawTileColor</name>
         <load_address>0x228c</load_address>
         <run_address>0x228c</run_address>
         <size>0xaf</size>
         <input_file_ref idref="fl-6"/>
      </object_component>
      <object_component id="oc-4bd">
         <name>.text:EraseTileColor</name>
         <load_address>0x233c</load_address>
         <run_address>0x233c</run_address>
         <size>0xab</size>
         <input_file_ref idref="fl-6"/>
      </object_component>
      <object_component id="oc-36d">
         <name>.text:ADC14_configureMultiSequenceMode</name>
         <load_address>0x23e8</load_address>
         <run_address>0x23e8</run_address>
         <size>0xa8</size>
         <input_file_ref idref="fl-21"/>
      </object_component>
      <object_component id="oc-f5">
         <name>.text:OneShotSWTimerExpired</name>
         <load_address>0x2490</load_address>
         <run_address>0x2490</run_address>
         <size>0xa8</size>
         <input_file_ref idref="fl-4"/>
      </object_component>
      <object_component id="oc-37a">
         <name>.text:ADC14_configureConversionMemory</name>
         <load_address>0x2538</load_address>
         <run_address>0x2538</run_address>
         <size>0xa4</size>
         <input_file_ref idref="fl-21"/>
      </object_component>
      <object_component id="oc-475">
         <name>.text:DrawHeart</name>
         <load_address>0x25dc</load_address>
         <run_address>0x25dc</run_address>
         <size>0xa2</size>
         <input_file_ref idref="fl-6"/>
      </object_component>
      <object_component id="oc-49c">
         <name>.text:Graphics_drawRectangle</name>
         <load_address>0x267e</load_address>
         <run_address>0x267e</run_address>
         <size>0xa2</size>
         <input_file_ref idref="fl-1f"/>
      </object_component>
      <object_component id="oc-285">
         <name>.text:DisplayHighScores</name>
         <load_address>0x2720</load_address>
         <run_address>0x2720</run_address>
         <size>0xa0</size>
         <input_file_ref idref="fl-6"/>
      </object_component>
      <object_component id="oc-3cd">
         <name>.text:Crystalfontz128x128_RectFill</name>
         <load_address>0x27c0</load_address>
         <run_address>0x27c0</run_address>
         <size>0x9c</size>
         <input_file_ref idref="fl-b"/>
      </object_component>
      <object_component id="oc-404">
         <name>.text:Graphics_drawLineH</name>
         <load_address>0x285c</load_address>
         <run_address>0x285c</run_address>
         <size>0x9c</size>
         <input_file_ref idref="fl-1e"/>
      </object_component>
      <object_component id="oc-5eb">
         <name>.text:Graphics_drawLineV</name>
         <load_address>0x28f8</load_address>
         <run_address>0x28f8</run_address>
         <size>0x9c</size>
         <input_file_ref idref="fl-1e"/>
      </object_component>
      <object_component id="oc-34">
         <name>.text</name>
         <load_address>0x2994</load_address>
         <run_address>0x2994</run_address>
         <size>0x9c</size>
         <input_file_ref idref="fl-e4"/>
      </object_component>
      <object_component id="oc-273">
         <name>.text:DisplayMenuScreen</name>
         <load_address>0x2a30</load_address>
         <run_address>0x2a30</run_address>
         <size>0x94</size>
         <input_file_ref idref="fl-6"/>
      </object_component>
      <object_component id="oc-380">
         <name>.text:GPIO_setAsPeripheralModuleFunctionInputPin</name>
         <load_address>0x2ac4</load_address>
         <run_address>0x2ac4</run_address>
         <size>0x88</size>
         <input_file_ref idref="fl-22"/>
      </object_component>
      <object_component id="oc-35a">
         <name>.text:GPIO_setAsPeripheralModuleFunctionOutputPin</name>
         <load_address>0x2b4c</load_address>
         <run_address>0x2b4c</run_address>
         <size>0x88</size>
         <input_file_ref idref="fl-22"/>
      </object_component>
      <object_component id="oc-261">
         <name>.text:isJoyStickDown</name>
         <load_address>0x2bd4</load_address>
         <run_address>0x2bd4</run_address>
         <size>0x88</size>
         <input_file_ref idref="fl-7"/>
      </object_component>
      <object_component id="oc-26d">
         <name>.text:isJoyStickRight</name>
         <load_address>0x2c5c</load_address>
         <run_address>0x2c5c</run_address>
         <size>0x88</size>
         <input_file_ref idref="fl-7"/>
      </object_component>
      <object_component id="oc-25b">
         <name>.text:isJoyStickUp</name>
         <load_address>0x2ce4</load_address>
         <run_address>0x2ce4</run_address>
         <size>0x88</size>
         <input_file_ref idref="fl-7"/>
      </object_component>
      <object_component id="oc-267">
         <name>.text:isJoyStickLeft</name>
         <load_address>0x2d6c</load_address>
         <run_address>0x2d6c</run_address>
         <size>0x84</size>
         <input_file_ref idref="fl-7"/>
      </object_component>
      <object_component id="oc-531">
         <name>.text:Interrupt_enableInterrupt</name>
         <load_address>0x2df0</load_address>
         <run_address>0x2df0</run_address>
         <size>0x80</size>
         <input_file_ref idref="fl-23"/>
      </object_component>
      <object_component id="oc-90">
         <name>.text</name>
         <load_address>0x2e70</load_address>
         <run_address>0x2e70</run_address>
         <size>0x7a</size>
         <input_file_ref idref="fl-df"/>
      </object_component>
      <object_component id="oc-2f2">
         <name>.text:DisplayGameOverScreen</name>
         <load_address>0x2eec</load_address>
         <run_address>0x2eec</run_address>
         <size>0x78</size>
         <input_file_ref idref="fl-6"/>
      </object_component>
      <object_component id="oc-2ec">
         <name>.text:AllCorrect</name>
         <load_address>0x2f64</load_address>
         <run_address>0x2f64</run_address>
         <size>0x70</size>
         <input_file_ref idref="fl-6"/>
      </object_component>
      <object_component id="oc-60f">
         <name>.text:Graphics_convertPalette</name>
         <load_address>0x2fd4</load_address>
         <run_address>0x2fd4</run_address>
         <size>0x6c</size>
         <input_file_ref idref="fl-1d"/>
      </object_component>
      <object_component id="oc-52b">
         <name>.text:Timer32_initModule</name>
         <load_address>0x3040</load_address>
         <run_address>0x3040</run_address>
         <size>0x68</size>
         <input_file_ref idref="fl-25"/>
      </object_component>
      <object_component id="oc-14">
         <name>.text:decompress:lzss:__TI_decompress_lzss</name>
         <load_address>0x30a8</load_address>
         <run_address>0x30a8</run_address>
         <size>0x68</size>
         <input_file_ref idref="fl-e8"/>
      </object_component>
      <object_component id="oc-2d4">
         <name>.text:DrawTile</name>
         <load_address>0x3110</load_address>
         <run_address>0x3110</run_address>
         <size>0x64</size>
         <input_file_ref idref="fl-6"/>
      </object_component>
      <object_component id="oc-67a">
         <name>.text:Graphics_getClipCode</name>
         <load_address>0x3174</load_address>
         <run_address>0x3174</run_address>
         <size>0x64</size>
         <input_file_ref idref="fl-1e"/>
      </object_component>
      <object_component id="oc-1d4">
         <name>.text:initHWTimer0</name>
         <load_address>0x31d8</load_address>
         <run_address>0x31d8</run_address>
         <size>0x64</size>
         <input_file_ref idref="fl-4"/>
      </object_component>
      <object_component id="oc-1da">
         <name>.text:initHWTimer1</name>
         <load_address>0x323c</load_address>
         <run_address>0x323c</run_address>
         <size>0x64</size>
         <input_file_ref idref="fl-4"/>
      </object_component>
      <object_component id="oc-d7">
         <name>.text:initialize</name>
         <load_address>0x32a0</load_address>
         <run_address>0x32a0</run_address>
         <size>0x64</size>
         <input_file_ref idref="fl-7"/>
      </object_component>
      <object_component id="oc-3c1">
         <name>.text:Crystalfontz128x128_LineDrawH</name>
         <load_address>0x3304</load_address>
         <run_address>0x3304</run_address>
         <size>0x60</size>
         <input_file_ref idref="fl-b"/>
      </object_component>
      <object_component id="oc-3c7">
         <name>.text:Crystalfontz128x128_LineDrawV</name>
         <load_address>0x3364</load_address>
         <run_address>0x3364</run_address>
         <size>0x60</size>
         <input_file_ref idref="fl-b"/>
      </object_component>
      <object_component id="oc-ef">
         <name>.text:DisplayStartupScreen</name>
         <load_address>0x33c4</load_address>
         <run_address>0x33c4</run_address>
         <size>0x5a</size>
         <input_file_ref idref="fl-6"/>
      </object_component>
      <object_component id="oc-348">
         <name>.text:GPIO_setAsInputPinWithPullUpResistor</name>
         <load_address>0x3420</load_address>
         <run_address>0x3420</run_address>
         <size>0x58</size>
         <input_file_ref idref="fl-22"/>
      </object_component>
      <object_component id="oc-351">
         <name>.text:startHWTimer</name>
         <load_address>0x3478</load_address>
         <run_address>0x3478</run_address>
         <size>0x56</size>
         <input_file_ref idref="fl-4"/>
      </object_component>
      <object_component id="oc-367">
         <name>.text:ADC14_initModule</name>
         <load_address>0x34d0</load_address>
         <run_address>0x34d0</run_address>
         <size>0x54</size>
         <input_file_ref idref="fl-21"/>
      </object_component>
      <object_component id="oc-3a5">
         <name>.text:Crystalfontz128x128_SetOrientation</name>
         <load_address>0x3524</load_address>
         <run_address>0x3524</run_address>
         <size>0x54</size>
         <input_file_ref idref="fl-b"/>
      </object_component>
      <object_component id="oc-1f9">
         <name>.text:Graphics_initContext</name>
         <load_address>0x3578</load_address>
         <run_address>0x3578</run_address>
         <size>0x52</size>
         <input_file_ref idref="fl-1a"/>
      </object_component>
      <object_component id="oc-255">
         <name>.text:ButtonPushed</name>
         <load_address>0x35ca</load_address>
         <run_address>0x35ca</run_address>
         <size>0x4c</size>
         <input_file_ref idref="fl-3"/>
      </object_component>
      <object_component id="oc-615">
         <name>.text:Graphics_drawMultiplePixelsOnDisplay</name>
         <load_address>0x3616</load_address>
         <run_address>0x3616</run_address>
         <size>0x46</size>
         <input_file_ref idref="fl-1b"/>
      </object_component>
      <object_component id="oc-11d">
         <name>.text:__TI_auto_init_nobinit_nopinit:__TI_auto_init_nobinit_nopinit</name>
         <load_address>0x365c</load_address>
         <run_address>0x365c</run_address>
         <size>0x44</size>
         <input_file_ref idref="fl-ed"/>
      </object_component>
      <object_component id="oc-4ec">
         <name>.text:make_3digit_NumString</name>
         <load_address>0x36a0</load_address>
         <run_address>0x36a0</run_address>
         <size>0x44</size>
         <input_file_ref idref="fl-6"/>
      </object_component>
      <object_component id="oc-3b5">
         <name>.text:Crystalfontz128x128_PixelDraw</name>
         <load_address>0x36e4</load_address>
         <run_address>0x36e4</run_address>
         <size>0x40</size>
         <input_file_ref idref="fl-b"/>
      </object_component>
      <object_component id="oc-32e">
         <name>.text:GPIO_setAsOutputPin</name>
         <load_address>0x3724</load_address>
         <run_address>0x3724</run_address>
         <size>0x40</size>
         <input_file_ref idref="fl-22"/>
      </object_component>
      <object_component id="oc-3fe">
         <name>.text:Graphics_getNumberOfLeadingZeros</name>
         <load_address>0x3764</load_address>
         <run_address>0x3764</run_address>
         <size>0x40</size>
         <input_file_ref idref="fl-20"/>
      </object_component>
      <object_component id="oc-567">
         <name>.text:HAL_LCD_SpiInit</name>
         <load_address>0x37a4</load_address>
         <run_address>0x37a4</run_address>
         <size>0x40</size>
         <input_file_ref idref="fl-c"/>
      </object_component>
      <object_component id="oc-dd">
         <name>.text:InitGraphics</name>
         <load_address>0x37e4</load_address>
         <run_address>0x37e4</run_address>
         <size>0x40</size>
         <input_file_ref idref="fl-6"/>
      </object_component>
      <object_component id="oc-691">
         <name>.text:is_A_Module</name>
         <load_address>0x3824</load_address>
         <run_address>0x3824</run_address>
         <size>0x40</size>
         <input_file_ref idref="fl-24"/>
      </object_component>
      <object_component id="oc-9c">
         <name>.text:main</name>
         <load_address>0x3864</load_address>
         <run_address>0x3864</run_address>
         <size>0x40</size>
         <input_file_ref idref="fl-7"/>
      </object_component>
      <object_component id="oc-279">
         <name>.text:MoveMenuCursorDown</name>
         <load_address>0x38a4</load_address>
         <run_address>0x38a4</run_address>
         <size>0x3c</size>
         <input_file_ref idref="fl-6"/>
      </object_component>
      <object_component id="oc-27f">
         <name>.text:MoveMenuCursorUp</name>
         <load_address>0x38e0</load_address>
         <run_address>0x38e0</run_address>
         <size>0x3c</size>
         <input_file_ref idref="fl-6"/>
      </object_component>
      <object_component id="oc-2a3">
         <name>.text:generateRandomTileSet_2_Color</name>
         <load_address>0x391c</load_address>
         <run_address>0x391c</run_address>
         <size>0x3c</size>
         <input_file_ref idref="fl-7"/>
      </object_component>
      <object_component id="oc-573">
         <name>.text:HAL_LCD_writeCommand</name>
         <load_address>0x3958</load_address>
         <run_address>0x3958</run_address>
         <size>0x38</size>
         <input_file_ref idref="fl-c"/>
      </object_component>
      <object_component id="oc-2b8">
         <name>.text:HighlightTile</name>
         <load_address>0x3990</load_address>
         <run_address>0x3990</run_address>
         <size>0x38</size>
         <input_file_ref idref="fl-6"/>
      </object_component>
      <object_component id="oc-53d">
         <name>.text:Timer32_startTimer</name>
         <load_address>0x39c8</load_address>
         <run_address>0x39c8</run_address>
         <size>0x38</size>
         <input_file_ref idref="fl-25"/>
      </object_component>
      <object_component id="oc-52">
         <name>.text:_c_int00_noargs:_c_int00_noargs</name>
         <load_address>0x3a00</load_address>
         <run_address>0x3a00</run_address>
         <size>0x38</size>
         <input_file_ref idref="fl-e9"/>
      </object_component>
      <object_component id="oc-47c">
         <name>.text:DrawLives</name>
         <load_address>0x3a38</load_address>
         <run_address>0x3a38</run_address>
         <size>0x36</size>
         <input_file_ref idref="fl-6"/>
      </object_component>
      <object_component id="oc-482">
         <name>.text:DrawScore</name>
         <load_address>0x3a6e</load_address>
         <run_address>0x3a6e</run_address>
         <size>0x36</size>
         <input_file_ref idref="fl-6"/>
      </object_component>
      <object_component id="oc-4a9">
         <name>.text:DrawTileNumber</name>
         <load_address>0x3aa4</load_address>
         <run_address>0x3aa4</run_address>
         <size>0x36</size>
         <input_file_ref idref="fl-6"/>
      </object_component>
      <object_component id="oc-5a6">
         <name>.text:Graphics_drawHorizontalLineOnDisplay</name>
         <load_address>0x3ada</load_address>
         <run_address>0x3ada</run_address>
         <size>0x36</size>
         <input_file_ref idref="fl-1b"/>
      </object_component>
      <object_component id="oc-670">
         <name>.text:Graphics_drawVerticalLineOnDisplay</name>
         <load_address>0x3b10</load_address>
         <run_address>0x3b10</run_address>
         <size>0x36</size>
         <input_file_ref idref="fl-1b"/>
      </object_component>
      <object_component id="oc-373">
         <name>.text:ADC14_enableSampleTimer</name>
         <load_address>0x3b48</load_address>
         <run_address>0x3b48</run_address>
         <size>0x34</size>
         <input_file_ref idref="fl-21"/>
      </object_component>
      <object_component id="oc-4d3">
         <name>.text:EraseLives</name>
         <load_address>0x3b7c</load_address>
         <run_address>0x3b7c</run_address>
         <size>0x34</size>
         <input_file_ref idref="fl-6"/>
      </object_component>
      <object_component id="oc-4cd">
         <name>.text:EraseScore</name>
         <load_address>0x3bb0</load_address>
         <run_address>0x3bb0</run_address>
         <size>0x34</size>
         <input_file_ref idref="fl-6"/>
      </object_component>
      <object_component id="oc-4b7">
         <name>.text:EraseTileNumber</name>
         <load_address>0x3be4</load_address>
         <run_address>0x3be4</run_address>
         <size>0x34</size>
         <input_file_ref idref="fl-6"/>
      </object_component>
      <object_component id="oc-537">
         <name>.text:Timer32_setCount</name>
         <load_address>0x3c18</load_address>
         <run_address>0x3c18</run_address>
         <size>0x34</size>
         <input_file_ref idref="fl-25"/>
      </object_component>
      <object_component id="oc-5b3">
         <name>.text:GPIO_getInputPinValue</name>
         <load_address>0x3c4c</load_address>
         <run_address>0x3c4c</run_address>
         <size>0x30</size>
         <input_file_ref idref="fl-22"/>
      </object_component>
      <object_component id="oc-561">
         <name>.text:HAL_LCD_PortInit</name>
         <load_address>0x3c7c</load_address>
         <run_address>0x3c7c</run_address>
         <size>0x30</size>
         <input_file_ref idref="fl-c"/>
      </object_component>
      <object_component id="oc-1ec">
         <name>.text:initJoyStick</name>
         <load_address>0x3cac</load_address>
         <run_address>0x3cac</run_address>
         <size>0x30</size>
         <input_file_ref idref="fl-2"/>
      </object_component>
      <object_component id="oc-297">
         <name>.text:DrawConstantGameGraphics</name>
         <load_address>0x3cdc</load_address>
         <run_address>0x3cdc</run_address>
         <size>0x2e</size>
         <input_file_ref idref="fl-6"/>
      </object_component>
      <object_component id="oc-38d">
         <name>.text:ADC14_toggleConversionTrigger</name>
         <load_address>0x3d0c</load_address>
         <run_address>0x3d0c</run_address>
         <size>0x2c</size>
         <input_file_ref idref="fl-21"/>
      </object_component>
      <object_component id="oc-3df">
         <name>.text:Crystalfontz128x128_ClearScreen</name>
         <load_address>0x3d38</load_address>
         <run_address>0x3d38</run_address>
         <size>0x2c</size>
         <input_file_ref idref="fl-b"/>
      </object_component>
      <object_component id="oc-2a9">
         <name>.text:DrawBoard</name>
         <load_address>0x3d64</load_address>
         <run_address>0x3d64</run_address>
         <size>0x2c</size>
         <input_file_ref idref="fl-6"/>
      </object_component>
      <object_component id="oc-40a">
         <name>.text:Graphics_drawPixelOnDisplay</name>
         <load_address>0x3d90</load_address>
         <run_address>0x3d90</run_address>
         <size>0x2c</size>
         <input_file_ref idref="fl-1b"/>
      </object_component>
      <object_component id="oc-579">
         <name>.text:HAL_LCD_writeData</name>
         <load_address>0x3dbc</load_address>
         <run_address>0x3dbc</run_address>
         <size>0x2c</size>
         <input_file_ref idref="fl-c"/>
      </object_component>
      <object_component id="oc-439">
         <name>.text:make_2digit_NumString</name>
         <load_address>0x3de8</load_address>
         <run_address>0x3de8</run_address>
         <size>0x2c</size>
         <input_file_ref idref="fl-6"/>
      </object_component>
      <object_component id="oc-387">
         <name>.text:ADC14_enableConversion</name>
         <load_address>0x3e14</load_address>
         <run_address>0x3e14</run_address>
         <size>0x28</size>
         <input_file_ref idref="fl-21"/>
      </object_component>
      <object_component id="oc-3d3">
         <name>.text:Crystalfontz128x128_ColorTranslate</name>
         <load_address>0x3e3c</load_address>
         <run_address>0x3e3c</run_address>
         <size>0x28</size>
         <input_file_ref idref="fl-b"/>
      </object_component>
      <object_component id="oc-56d">
         <name>.text:GPIO_setOutputHighOnPin</name>
         <load_address>0x3e64</load_address>
         <run_address>0x3e64</run_address>
         <size>0x28</size>
         <input_file_ref idref="fl-22"/>
      </object_component>
      <object_component id="oc-33b">
         <name>.text:GPIO_setOutputLowOnPin</name>
         <load_address>0x3e8c</load_address>
         <run_address>0x3e8c</run_address>
         <size>0x28</size>
         <input_file_ref idref="fl-22"/>
      </object_component>
      <object_component id="oc-228">
         <name>.text:WaitCycles</name>
         <load_address>0x3eb4</load_address>
         <run_address>0x3eb4</run_address>
         <size>0x26</size>
         <input_file_ref idref="fl-4"/>
      </object_component>
      <object_component id="oc-168">
         <name>.text:WDT_A_holdTimer</name>
         <load_address>0x3edc</load_address>
         <run_address>0x3edc</run_address>
         <size>0x24</size>
         <input_file_ref idref="fl-27"/>
      </object_component>
      <object_component id="oc-1e6">
         <name>.text:initADC</name>
         <load_address>0x3f00</load_address>
         <run_address>0x3f00</run_address>
         <size>0x24</size>
         <input_file_ref idref="fl-2"/>
      </object_component>
      <object_component id="oc-489">
         <name>.text:random_1or0</name>
         <load_address>0x3f24</load_address>
         <run_address>0x3f24</run_address>
         <size>0x22</size>
         <input_file_ref idref="fl-7"/>
      </object_component>
      <object_component id="oc-2be">
         <name>.text:DrawTileInfo</name>
         <load_address>0x3f46</load_address>
         <run_address>0x3f46</run_address>
         <size>0x1e</size>
         <input_file_ref idref="fl-6"/>
      </object_component>
      <object_component id="oc-2ca">
         <name>.text:EraseTileInfo</name>
         <load_address>0x3f64</load_address>
         <run_address>0x3f64</run_address>
         <size>0x1e</size>
         <input_file_ref idref="fl-6"/>
      </object_component>
      <object_component id="oc-5ff">
         <name>.text:Graphics_fillRectangleOnDisplay</name>
         <load_address>0x3f82</load_address>
         <run_address>0x3f82</run_address>
         <size>0x1e</size>
         <input_file_ref idref="fl-1b"/>
      </object_component>
      <object_component id="oc-e3">
         <name>.text:InitOneShotSWTimer</name>
         <load_address>0x3fa0</load_address>
         <run_address>0x3fa0</run_address>
         <size>0x1e</size>
         <input_file_ref idref="fl-4"/>
      </object_component>
      <object_component id="oc-e9">
         <name>.text:StartOneShotSWTimer</name>
         <load_address>0x3fbe</load_address>
         <run_address>0x3fbe</run_address>
         <size>0x1e</size>
         <input_file_ref idref="fl-4"/>
      </object_component>
      <object_component id="oc-5ba">
         <name>.text:ADC14_getResult</name>
         <load_address>0x3fdc</load_address>
         <run_address>0x3fdc</run_address>
         <size>0x1c</size>
         <input_file_ref idref="fl-21"/>
      </object_component>
      <object_component id="oc-249">
         <name>.text:InitSongList_Bonk</name>
         <load_address>0x3ff8</load_address>
         <run_address>0x3ff8</run_address>
         <size>0x1c</size>
         <input_file_ref idref="fl-8"/>
      </object_component>
      <object_component id="oc-655">
         <name>.text:SPI_enableModule</name>
         <load_address>0x4014</load_address>
         <run_address>0x4014</run_address>
         <size>0x1c</size>
         <input_file_ref idref="fl-24"/>
      </object_component>
      <object_component id="oc-70">
         <name>.text:T32_INT1_IRQHandler</name>
         <load_address>0x4030</load_address>
         <run_address>0x4030</run_address>
         <size>0x1c</size>
         <input_file_ref idref="fl-4"/>
      </object_component>
      <object_component id="oc-2c4">
         <name>.text:UnHighlightTile</name>
         <load_address>0x404c</load_address>
         <run_address>0x404c</run_address>
         <size>0x1c</size>
         <input_file_ref idref="fl-7"/>
      </object_component>
      <object_component id="oc-41d">
         <name>.text:getSampleJoyStick</name>
         <load_address>0x4068</load_address>
         <run_address>0x4068</run_address>
         <size>0x1c</size>
         <input_file_ref idref="fl-2"/>
      </object_component>
      <object_component id="oc-29d">
         <name>.text:DrawScoreAndLives</name>
         <load_address>0x4084</load_address>
         <run_address>0x4084</run_address>
         <size>0x1a</size>
         <input_file_ref idref="fl-6"/>
      </object_component>
      <object_component id="oc-2da">
         <name>.text:EraseScoreAndLives</name>
         <load_address>0x409e</load_address>
         <run_address>0x409e</run_address>
         <size>0x1a</size>
         <input_file_ref idref="fl-6"/>
      </object_component>
      <object_component id="oc-3ac">
         <name>.text:Graphics_clearDisplayOnDisplay</name>
         <load_address>0x40b8</load_address>
         <run_address>0x40b8</run_address>
         <size>0x1a</size>
         <input_file_ref idref="fl-1b"/>
      </object_component>
      <object_component id="oc-205">
         <name>.text:Graphics_setBackgroundColor</name>
         <load_address>0x40d2</load_address>
         <run_address>0x40d2</run_address>
         <size>0x1a</size>
         <input_file_ref idref="fl-1a"/>
      </object_component>
      <object_component id="oc-20b">
         <name>.text:Graphics_setFont</name>
         <load_address>0x40ec</load_address>
         <run_address>0x40ec</run_address>
         <size>0x1a</size>
         <input_file_ref idref="fl-1a"/>
      </object_component>
      <object_component id="oc-243">
         <name>.text</name>
         <load_address>0x4106</load_address>
         <run_address>0x4106</run_address>
         <size>0x18</size>
         <input_file_ref idref="fl-e3"/>
      </object_component>
      <object_component id="oc-699">
         <name>.text:EUSCI_A_SPI_enable</name>
         <load_address>0x411e</load_address>
         <run_address>0x411e</run_address>
         <size>0x16</size>
         <input_file_ref idref="fl-24"/>
      </object_component>
      <object_component id="oc-69f">
         <name>.text:EUSCI_B_SPI_enable</name>
         <load_address>0x4134</load_address>
         <run_address>0x4134</run_address>
         <size>0x16</size>
         <input_file_ref idref="fl-24"/>
      </object_component>
      <object_component id="oc-1ff">
         <name>.text:Graphics_setForegroundColor</name>
         <load_address>0x414a</load_address>
         <run_address>0x414a</run_address>
         <size>0x16</size>
         <input_file_ref idref="fl-1a"/>
      </object_component>
      <object_component id="oc-396">
         <name>.text:Graphics_translateColorOnDisplay</name>
         <load_address>0x4160</load_address>
         <run_address>0x4160</run_address>
         <size>0x16</size>
         <input_file_ref idref="fl-1b"/>
      </object_component>
      <object_component id="oc-b6">
         <name>.text:Timer32_clearInterruptFlag</name>
         <load_address>0x4176</load_address>
         <run_address>0x4176</run_address>
         <size>0x14</size>
         <input_file_ref idref="fl-25"/>
      </object_component>
      <object_component id="oc-217">
         <name>.text:Graphics_clearDisplay</name>
         <load_address>0x418a</load_address>
         <run_address>0x418a</run_address>
         <size>0x12</size>
         <input_file_ref idref="fl-1a"/>
      </object_component>
      <object_component id="oc-546">
         <name>.text:ADCIsConversionRunning</name>
         <load_address>0x419c</load_address>
         <run_address>0x419c</run_address>
         <size>0x10</size>
         <input_file_ref idref="fl-21"/>
      </object_component>
      <object_component id="oc-211">
         <name>.text:InitFonts</name>
         <load_address>0x41ac</load_address>
         <run_address>0x41ac</run_address>
         <size>0xe</size>
         <input_file_ref idref="fl-6"/>
      </object_component>
      <object_component id="oc-1e0">
         <name>.text:InitSound</name>
         <load_address>0x41ba</load_address>
         <run_address>0x41ba</run_address>
         <size>0xe</size>
         <input_file_ref idref="fl-9"/>
      </object_component>
      <object_component id="oc-22f">
         <name>.text:Timer32_getValue</name>
         <load_address>0x41c8</load_address>
         <run_address>0x41c8</run_address>
         <size>0xe</size>
         <input_file_ref idref="fl-25"/>
      </object_component>
      <object_component id="oc-1a">
         <name>.text:decompress:none:__TI_decompress_none</name>
         <load_address>0x41d6</load_address>
         <run_address>0x41d6</run_address>
         <size>0xe</size>
         <input_file_ref idref="fl-e7"/>
      </object_component>
      <object_component id="oc-361">
         <name>.text:ADC14_enableModule</name>
         <load_address>0x41e4</load_address>
         <run_address>0x41e4</run_address>
         <size>0xc</size>
         <input_file_ref idref="fl-21"/>
      </object_component>
      <object_component id="oc-236">
         <name>.text:LCDClearDisplay</name>
         <load_address>0x41f0</load_address>
         <run_address>0x41f0</run_address>
         <size>0xc</size>
         <input_file_ref idref="fl-6"/>
      </object_component>
      <object_component id="oc-64">
         <name>.text:Reset_Handler</name>
         <load_address>0x41fc</load_address>
         <run_address>0x41fc</run_address>
         <size>0xc</size>
         <input_file_ref idref="fl-d"/>
      </object_component>
      <object_component id="oc-46">
         <name>.text:decompress:ZI:__TI_zero_init</name>
         <load_address>0x4208</load_address>
         <run_address>0x4208</run_address>
         <size>0xc</size>
         <input_file_ref idref="fl-e6"/>
      </object_component>
      <object_component id="oc-1c8">
         <name>.text:initialize_BoosterpackBottomButton</name>
         <load_address>0x4214</load_address>
         <run_address>0x4214</run_address>
         <size>0xc</size>
         <input_file_ref idref="fl-3"/>
      </object_component>
      <object_component id="oc-17a">
         <name>.text:initialize_BoosterpackLED_blue</name>
         <load_address>0x4220</load_address>
         <run_address>0x4220</run_address>
         <size>0xc</size>
         <input_file_ref idref="fl-3"/>
      </object_component>
      <object_component id="oc-174">
         <name>.text:initialize_BoosterpackLED_green</name>
         <load_address>0x422c</load_address>
         <run_address>0x422c</run_address>
         <size>0xc</size>
         <input_file_ref idref="fl-3"/>
      </object_component>
      <object_component id="oc-16e">
         <name>.text:initialize_BoosterpackLED_red</name>
         <load_address>0x4238</load_address>
         <run_address>0x4238</run_address>
         <size>0xc</size>
         <input_file_ref idref="fl-3"/>
      </object_component>
      <object_component id="oc-1c2">
         <name>.text:initialize_BoosterpackTopButton</name>
         <load_address>0x4244</load_address>
         <run_address>0x4244</run_address>
         <size>0xc</size>
         <input_file_ref idref="fl-3"/>
      </object_component>
      <object_component id="oc-1ce">
         <name>.text:initialize_JoystickButton</name>
         <load_address>0x4250</load_address>
         <run_address>0x4250</run_address>
         <size>0xc</size>
         <input_file_ref idref="fl-3"/>
      </object_component>
      <object_component id="oc-180">
         <name>.text:initialize_LaunchpadLED1</name>
         <load_address>0x425c</load_address>
         <run_address>0x425c</run_address>
         <size>0xc</size>
         <input_file_ref idref="fl-3"/>
      </object_component>
      <object_component id="oc-18c">
         <name>.text:initialize_LaunchpadLED2_blue</name>
         <load_address>0x4268</load_address>
         <run_address>0x4268</run_address>
         <size>0xc</size>
         <input_file_ref idref="fl-3"/>
      </object_component>
      <object_component id="oc-192">
         <name>.text:initialize_LaunchpadLED2_green</name>
         <load_address>0x4274</load_address>
         <run_address>0x4274</run_address>
         <size>0xc</size>
         <input_file_ref idref="fl-3"/>
      </object_component>
      <object_component id="oc-186">
         <name>.text:initialize_LaunchpadLED2_red</name>
         <load_address>0x4280</load_address>
         <run_address>0x4280</run_address>
         <size>0xc</size>
         <input_file_ref idref="fl-3"/>
      </object_component>
      <object_component id="oc-1f2">
         <name>.text:startADC</name>
         <load_address>0x428c</load_address>
         <run_address>0x428c</run_address>
         <size>0xc</size>
         <input_file_ref idref="fl-2"/>
      </object_component>
      <object_component id="oc-1a4">
         <name>.text:turnOff_BoosterpackLED_blue</name>
         <load_address>0x4298</load_address>
         <run_address>0x4298</run_address>
         <size>0xc</size>
         <input_file_ref idref="fl-3"/>
      </object_component>
      <object_component id="oc-19e">
         <name>.text:turnOff_BoosterpackLED_green</name>
         <load_address>0x42a4</load_address>
         <run_address>0x42a4</run_address>
         <size>0xc</size>
         <input_file_ref idref="fl-3"/>
      </object_component>
      <object_component id="oc-198">
         <name>.text:turnOff_BoosterpackLED_red</name>
         <load_address>0x42b0</load_address>
         <run_address>0x42b0</run_address>
         <size>0xc</size>
         <input_file_ref idref="fl-3"/>
      </object_component>
      <object_component id="oc-1aa">
         <name>.text:turnOff_LaunchpadLED1</name>
         <load_address>0x42bc</load_address>
         <run_address>0x42bc</run_address>
         <size>0xc</size>
         <input_file_ref idref="fl-3"/>
      </object_component>
      <object_component id="oc-1b6">
         <name>.text:turnOff_LaunchpadLED2_blue</name>
         <load_address>0x42c8</load_address>
         <run_address>0x42c8</run_address>
         <size>0xc</size>
         <input_file_ref idref="fl-3"/>
      </object_component>
      <object_component id="oc-1bc">
         <name>.text:turnOff_LaunchpadLED2_green</name>
         <load_address>0x42d4</load_address>
         <run_address>0x42d4</run_address>
         <size>0xc</size>
         <input_file_ref idref="fl-3"/>
      </object_component>
      <object_component id="oc-1b0">
         <name>.text:turnOff_LaunchpadLED2_red</name>
         <load_address>0x42e0</load_address>
         <run_address>0x42e0</run_address>
         <size>0xc</size>
         <input_file_ref idref="fl-3"/>
      </object_component>
      <object_component id="oc-3d9">
         <name>.text:Crystalfontz128x128_Flush</name>
         <load_address>0x42ec</load_address>
         <run_address>0x42ec</run_address>
         <size>0xa</size>
         <input_file_ref idref="fl-b"/>
      </object_component>
      <object_component id="oc-96">
         <name>.text:_system_pre_init</name>
         <load_address>0x42f6</load_address>
         <run_address>0x42f6</run_address>
         <size>0x4</size>
         <input_file_ref idref="fl-ee"/>
      </object_component>
      <object_component id="oc-111">
         <name>.text:abort:abort</name>
         <load_address>0x42fa</load_address>
         <run_address>0x42fa</run_address>
         <size>0x4</size>
         <input_file_ref idref="fl-ea"/>
      </object_component>
      <object_component id="oc-621">
         <name>.const:.string:pixel_gameover1BPP_UNCOMP</name>
         <load_address>0x4300</load_address>
         <run_address>0x4300</run_address>
         <size>0x600</size>
         <input_file_ref idref="fl-5"/>
      </object_component>
      <object_component id="oc-3e9">
         <name>.const:.string:g_pucCmss12Data</name>
         <load_address>0x4900</load_address>
         <run_address>0x4900</run_address>
         <size>0x514</size>
         <input_file_ref idref="fl-1c"/>
      </object_component>
      <object_component id="oc-223">
         <name>.const:g_sFontCmss12</name>
         <load_address>0x4e14</load_address>
         <run_address>0x4e14</run_address>
         <size>0xc8</size>
         <input_file_ref idref="fl-1c"/>
      </object_component>
      <object_component id="oc-553">
         <name>.const:_ctlRegs</name>
         <load_address>0x4edc</load_address>
         <run_address>0x4edc</run_address>
         <size>0x80</size>
         <input_file_ref idref="fl-21"/>
      </object_component>
      <object_component id="oc-525">
         <name>.const:GPIO_PORT_TO_BASE</name>
         <load_address>0x4f5c</load_address>
         <run_address>0x4f5c</run_address>
         <size>0x30</size>
         <input_file_ref idref="fl-22"/>
      </object_component>
      <object_component id="oc-220">
         <name>.const:g_sCrystalfontz128x128_funcs</name>
         <load_address>0x4f8c</load_address>
         <run_address>0x4f8c</run_address>
         <size>0x20</size>
         <input_file_ref idref="fl-b"/>
      </object_component>
      <object_component id="oc-65b">
         <name>.const:$P$T0$1</name>
         <load_address>0x4fac</load_address>
         <run_address>0x4fac</run_address>
         <size>0x1c</size>
         <input_file_ref idref="fl-c"/>
      </object_component>
      <object_component id="oc-468">
         <name>.const:.string:$P$T19$20</name>
         <load_address>0x4fc8</load_address>
         <run_address>0x4fc8</run_address>
         <size>0x1c</size>
         <input_file_ref idref="fl-6"/>
      </object_component>
      <object_component id="oc-45c">
         <name>.const:.string:$P$T15$16</name>
         <load_address>0x4fe4</load_address>
         <run_address>0x4fe4</run_address>
         <size>0x19</size>
         <input_file_ref idref="fl-6"/>
      </object_component>
      <object_component id="oc-446">
         <name>.const:.string:$P$T8$9</name>
         <load_address>0x4ffd</load_address>
         <run_address>0x4ffd</run_address>
         <size>0x19</size>
         <input_file_ref idref="fl-6"/>
      </object_component>
      <object_component id="oc-465">
         <name>.const:.string:$P$T18$19</name>
         <load_address>0x5016</load_address>
         <run_address>0x5016</run_address>
         <size>0x18</size>
         <input_file_ref idref="fl-6"/>
      </object_component>
      <object_component id="oc-443">
         <name>.const:.string:$P$T7$8</name>
         <load_address>0x502e</load_address>
         <run_address>0x502e</run_address>
         <size>0x18</size>
         <input_file_ref idref="fl-6"/>
      </object_component>
      <object_component id="oc-44f">
         <name>.const:.string:$P$T11$12</name>
         <load_address>0x5046</load_address>
         <run_address>0x5046</run_address>
         <size>0x17</size>
         <input_file_ref idref="fl-6"/>
      </object_component>
      <object_component id="oc-455">
         <name>.const:.string:$P$T13$14</name>
         <load_address>0x505d</load_address>
         <run_address>0x505d</run_address>
         <size>0x17</size>
         <input_file_ref idref="fl-6"/>
      </object_component>
      <object_component id="oc-44c">
         <name>.const:.string:$P$T10$11</name>
         <load_address>0x5074</load_address>
         <run_address>0x5074</run_address>
         <size>0x16</size>
         <input_file_ref idref="fl-6"/>
      </object_component>
      <object_component id="oc-45f">
         <name>.const:.string:$P$T16$17</name>
         <load_address>0x508a</load_address>
         <run_address>0x508a</run_address>
         <size>0x15</size>
         <input_file_ref idref="fl-6"/>
      </object_component>
      <object_component id="oc-46e">
         <name>.const:.string:$P$T21$22</name>
         <load_address>0x509f</load_address>
         <run_address>0x509f</run_address>
         <size>0x15</size>
         <input_file_ref idref="fl-6"/>
      </object_component>
      <object_component id="oc-471">
         <name>.const:.string:$P$T22$23</name>
         <load_address>0x50b4</load_address>
         <run_address>0x50b4</run_address>
         <size>0x15</size>
         <input_file_ref idref="fl-6"/>
      </object_component>
      <object_component id="oc-462">
         <name>.const:.string:$P$T17$18</name>
         <load_address>0x50c9</load_address>
         <run_address>0x50c9</run_address>
         <size>0x11</size>
         <input_file_ref idref="fl-6"/>
      </object_component>
      <object_component id="oc-46b">
         <name>.const:.string:$P$T20$21</name>
         <load_address>0x50da</load_address>
         <run_address>0x50da</run_address>
         <size>0x11</size>
         <input_file_ref idref="fl-6"/>
      </object_component>
      <object_component id="oc-449">
         <name>.const:.string:$P$T9$10</name>
         <load_address>0x50eb</load_address>
         <run_address>0x50eb</run_address>
         <size>0x11</size>
         <input_file_ref idref="fl-6"/>
      </object_component>
      <object_component id="oc-4f2">
         <name>.const:gameover1BPP_UNCOMP</name>
         <load_address>0x50fc</load_address>
         <run_address>0x50fc</run_address>
         <size>0x10</size>
         <input_file_ref idref="fl-5"/>
      </object_component>
      <object_component id="oc-430">
         <name>.const:.string:$P$T1$2</name>
         <load_address>0x510c</load_address>
         <run_address>0x510c</run_address>
         <size>0xc</size>
         <input_file_ref idref="fl-6"/>
      </object_component>
      <object_component id="oc-459">
         <name>.const:.string:$P$T14$15</name>
         <load_address>0x5118</load_address>
         <run_address>0x5118</run_address>
         <size>0xc</size>
         <input_file_ref idref="fl-6"/>
      </object_component>
      <object_component id="oc-433">
         <name>.const:.string:$P$T2$3</name>
         <load_address>0x5124</load_address>
         <run_address>0x5124</run_address>
         <size>0xc</size>
         <input_file_ref idref="fl-6"/>
      </object_component>
      <object_component id="oc-440">
         <name>.const:.string:$P$T6$7</name>
         <load_address>0x5130</load_address>
         <run_address>0x5130</run_address>
         <size>0xc</size>
         <input_file_ref idref="fl-6"/>
      </object_component>
      <object_component id="oc-4f5">
         <name>.const:.string:$P$T23$24</name>
         <load_address>0x513c</load_address>
         <run_address>0x513c</run_address>
         <size>0xa</size>
         <input_file_ref idref="fl-6"/>
      </object_component>
      <object_component id="oc-452">
         <name>.const:.string:$P$T12$13</name>
         <load_address>0x5146</load_address>
         <run_address>0x5146</run_address>
         <size>0x9</size>
         <input_file_ref idref="fl-6"/>
      </object_component>
      <object_component id="oc-596">
         <name>.const:$P$T0$1</name>
         <load_address>0x5150</load_address>
         <run_address>0x5150</run_address>
         <size>0x8</size>
         <input_file_ref idref="fl-b"/>
      </object_component>
      <object_component id="oc-63b">
         <name>.const:g_pulEnRegs</name>
         <load_address>0x5158</load_address>
         <run_address>0x5158</run_address>
         <size>0x8</size>
         <input_file_ref idref="fl-23"/>
      </object_component>
      <object_component id="oc-61e">
         <name>.const:palette_gameover1BPP_UNCOMP</name>
         <load_address>0x5160</load_address>
         <run_address>0x5160</run_address>
         <size>0x8</size>
         <input_file_ref idref="fl-5"/>
      </object_component>
      <object_component id="oc-42d">
         <name>.const:.string:$P$T0$1</name>
         <load_address>0x5168</load_address>
         <run_address>0x5168</run_address>
         <size>0x5</size>
         <input_file_ref idref="fl-6"/>
      </object_component>
      <object_component id="oc-6ec">
         <name>.cinit..data.load</name>
         <load_address>0x5170</load_address>
         <run_address>0x5170</run_address>
         <size>0xa8</size>
      </object_component>
      <object_component id="oc-6ea">
         <name>__TI_handler_table</name>
         <load_address>0x5218</load_address>
         <run_address>0x5218</run_address>
         <size>0xc</size>
      </object_component>
      <object_component id="oc-6ed">
         <name>.cinit..bss.load</name>
         <load_address>0x5228</load_address>
         <run_address>0x5228</run_address>
         <size>0x8</size>
      </object_component>
      <object_component id="oc-6eb">
         <name>__TI_cinit_table</name>
         <load_address>0x5230</load_address>
         <run_address>0x5230</run_address>
         <size>0x10</size>
      </object_component>
      <object_component id="oc-6bf">
         <name>.binit</name>
         <load_address>0x0</load_address>
         <run_address>0x0</run_address>
         <size>0x0</size>
      </object_component>
      <object_component id="oc-4a2">
         <name>.data:tile</name>
         <load_address>0x200004bc</load_address>
         <run_address>0x200004bc</run_address>
         <size>0x80</size>
         <input_file_ref idref="fl-6"/>
      </object_component>
      <object_component id="oc-4a5">
         <name>.data:intHighlight</name>
         <load_address>0x2000043c</load_address>
         <run_address>0x2000043c</run_address>
         <size>0x80</size>
         <input_file_ref idref="fl-6"/>
      </object_component>
      <object_component id="oc-2d0">
         <name>.data</name>
         <load_address>0x20000590</load_address>
         <run_address>0x20000590</run_address>
         <size>0x18</size>
         <input_file_ref idref="fl-7"/>
      </object_component>
      <object_component id="oc-2af">
         <name>.data:Joystick_Button</name>
         <load_address>0x20000574</load_address>
         <run_address>0x20000574</run_address>
         <size>0x1c</size>
         <input_file_ref idref="fl-7"/>
      </object_component>
      <object_component id="oc-2b2">
         <name>.data:Boosterpack_S1</name>
         <load_address>0x2000053c</load_address>
         <run_address>0x2000053c</run_address>
         <size>0x1c</size>
         <input_file_ref idref="fl-7"/>
      </object_component>
      <object_component id="oc-2b5">
         <name>.data:Boosterpack_S2</name>
         <load_address>0x20000558</load_address>
         <run_address>0x20000558</run_address>
         <size>0x1c</size>
         <input_file_ref idref="fl-7"/>
      </object_component>
      <object_component id="oc-2e0">
         <name>.data:checkSet</name>
         <load_address>0x200005a8</load_address>
         <run_address>0x200005a8</run_address>
         <size>0x10</size>
         <input_file_ref idref="fl-7"/>
      </object_component>
      <object_component id="oc-2e3">
         <name>.data:playSet</name>
         <load_address>0x200005c8</load_address>
         <run_address>0x200005c8</run_address>
         <size>0x10</size>
         <input_file_ref idref="fl-7"/>
      </object_component>
      <object_component id="oc-2d3">
         <name>.data:highScores$1</name>
         <load_address>0x200005d8</load_address>
         <run_address>0x200005d8</run_address>
         <size>0xc</size>
         <input_file_ref idref="fl-7"/>
      </object_component>
      <object_component id="oc-21d">
         <name>.data:g_sCrystalfontz128x128</name>
         <load_address>0x200005b8</load_address>
         <run_address>0x200005b8</run_address>
         <size>0x10</size>
         <input_file_ref idref="fl-b"/>
      </object_component>
      <object_component id="oc-681">
         <name>.bss:g_pulConvertedPalette</name>
         <uninitialized>true</uninitialized>
         <run_address>0x20000000</run_address>
         <size>0x400</size>
         <input_file_ref idref="fl-1d"/>
      </object_component>
      <object_component id="oc-bc">
         <name>.common:timer0</name>
         <uninitialized>true</uninitialized>
         <run_address>0x20000400</run_address>
         <size>0x18</size>
      </object_component>
      <object_component id="oc-358">
         <name>.common:timer1</name>
         <uninitialized>true</uninitialized>
         <run_address>0x20000418</run_address>
         <size>0x18</size>
      </object_component>
      <object_component id="oc-58c">
         <name>.common:Lcd_Orientation</name>
         <uninitialized>true</uninitialized>
         <run_address>0x20000438</run_address>
         <size>0x1</size>
      </object_component>
      <object_component id="oc-585">
         <name>.common:Lcd_ScreenWidth</name>
         <uninitialized>true</uninitialized>
         <run_address>0x20000432</run_address>
         <size>0x2</size>
      </object_component>
      <object_component id="oc-586">
         <name>.common:Lcd_ScreenHeigth</name>
         <uninitialized>true</uninitialized>
         <run_address>0x20000430</run_address>
         <size>0x2</size>
      </object_component>
      <object_component id="oc-587">
         <name>.common:Lcd_PenSolid</name>
         <uninitialized>true</uninitialized>
         <run_address>0x20000439</run_address>
         <size>0x1</size>
      </object_component>
      <object_component id="oc-588">
         <name>.common:Lcd_FontSolid</name>
         <uninitialized>true</uninitialized>
         <run_address>0x20000437</run_address>
         <size>0x1</size>
      </object_component>
      <object_component id="oc-589">
         <name>.common:Lcd_FlagRead</name>
         <uninitialized>true</uninitialized>
         <run_address>0x20000436</run_address>
         <size>0x1</size>
      </object_component>
      <object_component id="oc-58a">
         <name>.common:Lcd_TouchTrim</name>
         <uninitialized>true</uninitialized>
         <run_address>0x20000434</run_address>
         <size>0x2</size>
      </object_component>
      <object_component id="oc-26">
         <name>.stack</name>
         <uninitialized>true</uninitialized>
         <run_address>0x2000fe00</run_address>
         <size>0x4</size>
         <input_file_ref idref="fl-e9"/>
      </object_component>
      <object_component id="oc-6ee">
         <name>.stack</name>
         <uninitialized>true</uninitialized>
         <run_address>0x2000fe00</run_address>
         <size>0x0</size>
      </object_component>
      <object_component id="oc-167">
         <name>.debug_info</name>
         <load_address>0x0</load_address>
         <run_address>0x0</run_address>
         <size>0x7e4</size>
         <input_file_ref idref="fl-2"/>
      </object_component>
      <object_component id="oc-1e7">
         <name>.debug_info</name>
         <load_address>0x7e4</load_address>
         <run_address>0x7e4</run_address>
         <size>0x17c</size>
         <input_file_ref idref="fl-2"/>
      </object_component>
      <object_component id="oc-1f4">
         <name>.debug_info</name>
         <load_address>0x960</load_address>
         <run_address>0x960</run_address>
         <size>0x14a</size>
         <input_file_ref idref="fl-2"/>
      </object_component>
      <object_component id="oc-1ee">
         <name>.debug_info</name>
         <load_address>0xaaa</load_address>
         <run_address>0xaaa</run_address>
         <size>0x1bf</size>
         <input_file_ref idref="fl-2"/>
      </object_component>
      <object_component id="oc-41f">
         <name>.debug_info</name>
         <load_address>0xc69</load_address>
         <run_address>0xc69</run_address>
         <size>0x175</size>
         <input_file_ref idref="fl-2"/>
      </object_component>
      <object_component id="oc-c2">
         <name>.debug_info</name>
         <load_address>0xdde</load_address>
         <run_address>0xdde</run_address>
         <size>0x26b</size>
         <input_file_ref idref="fl-2"/>
      </object_component>
      <object_component id="oc-15d">
         <name>.debug_info</name>
         <load_address>0x1049</load_address>
         <run_address>0x1049</run_address>
         <size>0x1055</size>
         <input_file_ref idref="fl-2"/>
      </object_component>
      <object_component id="oc-158">
         <name>.debug_info</name>
         <load_address>0x209e</load_address>
         <run_address>0x209e</run_address>
         <size>0x37e2</size>
         <input_file_ref idref="fl-2"/>
      </object_component>
      <object_component id="oc-6ab">
         <name>.debug_info</name>
         <load_address>0x5880</load_address>
         <run_address>0x5880</run_address>
         <size>0x341</size>
         <input_file_ref idref="fl-2"/>
      </object_component>
      <object_component id="oc-102">
         <name>.debug_info</name>
         <load_address>0x5bc1</load_address>
         <run_address>0x5bc1</run_address>
         <size>0x8b</size>
         <input_file_ref idref="fl-2"/>
      </object_component>
      <object_component id="oc-162">
         <name>.debug_info</name>
         <load_address>0x5c4c</load_address>
         <run_address>0x5c4c</run_address>
         <size>0x297</size>
         <input_file_ref idref="fl-2"/>
      </object_component>
      <object_component id="oc-328">
         <name>.debug_info</name>
         <load_address>0x5ee3</load_address>
         <run_address>0x5ee3</run_address>
         <size>0xef</size>
         <input_file_ref idref="fl-2"/>
      </object_component>
      <object_component id="oc-151">
         <name>.debug_info</name>
         <load_address>0x5fd2</load_address>
         <run_address>0x5fd2</run_address>
         <size>0xbb</size>
         <input_file_ref idref="fl-2"/>
      </object_component>
      <object_component id="oc-65f">
         <name>.debug_info</name>
         <load_address>0x608d</load_address>
         <run_address>0x608d</run_address>
         <size>0x131</size>
         <input_file_ref idref="fl-2"/>
      </object_component>
      <object_component id="oc-305">
         <name>.debug_info</name>
         <load_address>0x61be</load_address>
         <run_address>0x61be</run_address>
         <size>0x7af</size>
         <input_file_ref idref="fl-3"/>
      </object_component>
      <object_component id="oc-181">
         <name>.debug_info</name>
         <load_address>0x696d</load_address>
         <run_address>0x696d</run_address>
         <size>0x148</size>
         <input_file_ref idref="fl-3"/>
      </object_component>
      <object_component id="oc-187">
         <name>.debug_info</name>
         <load_address>0x6ab5</load_address>
         <run_address>0x6ab5</run_address>
         <size>0x150</size>
         <input_file_ref idref="fl-3"/>
      </object_component>
      <object_component id="oc-193">
         <name>.debug_info</name>
         <load_address>0x6c05</load_address>
         <run_address>0x6c05</run_address>
         <size>0x154</size>
         <input_file_ref idref="fl-3"/>
      </object_component>
      <object_component id="oc-18d">
         <name>.debug_info</name>
         <load_address>0x6d59</load_address>
         <run_address>0x6d59</run_address>
         <size>0x152</size>
         <input_file_ref idref="fl-3"/>
      </object_component>
      <object_component id="oc-16f">
         <name>.debug_info</name>
         <load_address>0x6eab</load_address>
         <run_address>0x6eab</run_address>
         <size>0x152</size>
         <input_file_ref idref="fl-3"/>
      </object_component>
      <object_component id="oc-175">
         <name>.debug_info</name>
         <load_address>0x6ffd</load_address>
         <run_address>0x6ffd</run_address>
         <size>0x156</size>
         <input_file_ref idref="fl-3"/>
      </object_component>
      <object_component id="oc-17b">
         <name>.debug_info</name>
         <load_address>0x7153</load_address>
         <run_address>0x7153</run_address>
         <size>0x154</size>
         <input_file_ref idref="fl-3"/>
      </object_component>
      <object_component id="oc-1ab">
         <name>.debug_info</name>
         <load_address>0x72a7</load_address>
         <run_address>0x72a7</run_address>
         <size>0x145</size>
         <input_file_ref idref="fl-3"/>
      </object_component>
      <object_component id="oc-1b1">
         <name>.debug_info</name>
         <load_address>0x73ec</load_address>
         <run_address>0x73ec</run_address>
         <size>0x14d</size>
         <input_file_ref idref="fl-3"/>
      </object_component>
      <object_component id="oc-1bd">
         <name>.debug_info</name>
         <load_address>0x7539</load_address>
         <run_address>0x7539</run_address>
         <size>0x151</size>
         <input_file_ref idref="fl-3"/>
      </object_component>
      <object_component id="oc-1b7">
         <name>.debug_info</name>
         <load_address>0x768a</load_address>
         <run_address>0x768a</run_address>
         <size>0x14f</size>
         <input_file_ref idref="fl-3"/>
      </object_component>
      <object_component id="oc-199">
         <name>.debug_info</name>
         <load_address>0x77d9</load_address>
         <run_address>0x77d9</run_address>
         <size>0x14f</size>
         <input_file_ref idref="fl-3"/>
      </object_component>
      <object_component id="oc-19f">
         <name>.debug_info</name>
         <load_address>0x7928</load_address>
         <run_address>0x7928</run_address>
         <size>0x153</size>
         <input_file_ref idref="fl-3"/>
      </object_component>
      <object_component id="oc-1a5">
         <name>.debug_info</name>
         <load_address>0x7a7b</load_address>
         <run_address>0x7a7b</run_address>
         <size>0x151</size>
         <input_file_ref idref="fl-3"/>
      </object_component>
      <object_component id="oc-1c3">
         <name>.debug_info</name>
         <load_address>0x7bcc</load_address>
         <run_address>0x7bcc</run_address>
         <size>0x167</size>
         <input_file_ref idref="fl-3"/>
      </object_component>
      <object_component id="oc-1c9">
         <name>.debug_info</name>
         <load_address>0x7d33</load_address>
         <run_address>0x7d33</run_address>
         <size>0x16d</size>
         <input_file_ref idref="fl-3"/>
      </object_component>
      <object_component id="oc-1cf">
         <name>.debug_info</name>
         <load_address>0x7ea0</load_address>
         <run_address>0x7ea0</run_address>
         <size>0x15b</size>
         <input_file_ref idref="fl-3"/>
      </object_component>
      <object_component id="oc-417">
         <name>.debug_info</name>
         <load_address>0x7ffb</load_address>
         <run_address>0x7ffb</run_address>
         <size>0x22c</size>
         <input_file_ref idref="fl-3"/>
      </object_component>
      <object_component id="oc-256">
         <name>.debug_info</name>
         <load_address>0x8227</load_address>
         <run_address>0x8227</run_address>
         <size>0x1ab</size>
         <input_file_ref idref="fl-3"/>
      </object_component>
      <object_component id="oc-493">
         <name>.debug_info</name>
         <load_address>0x83d2</load_address>
         <run_address>0x83d2</run_address>
         <size>0xfe</size>
         <input_file_ref idref="fl-3"/>
      </object_component>
      <object_component id="oc-10c">
         <name>.debug_info</name>
         <load_address>0x84d0</load_address>
         <run_address>0x84d0</run_address>
         <size>0x115</size>
         <input_file_ref idref="fl-3"/>
      </object_component>
      <object_component id="oc-bd">
         <name>.debug_info</name>
         <load_address>0x85e5</load_address>
         <run_address>0x85e5</run_address>
         <size>0x6fe</size>
         <input_file_ref idref="fl-4"/>
      </object_component>
      <object_component id="oc-72">
         <name>.debug_info</name>
         <load_address>0x8ce3</load_address>
[...]
      </symbol>
      <symbol id="sm-636">
         <name>Lcd_FlagRead</name>
         <value>0x20000436</value>
      </symbol>
      <symbol id="sm-637">
         <name>Lcd_TouchTrim</name>
         <value>0x20000434</value>
      </symbol>
      <symbol id="sm-638">
         <name>Crystalfontz128x128_SetDrawFrame</name>
         <value>0x1a5d</value>
         <object_component_ref idref="oc-57f"/>
      </symbol>
      <symbol id="sm-639">
         <name>Crystalfontz128x128_SetOrientation</name>
         <value>0x3525</value>
         <object_component_ref idref="oc-3a5"/>
      </symbol>
      <symbol id="sm-63a">
         <name>g_sCrystalfontz128x128_funcs</name>
         <value>0x4f8c</value>
         <object_component_ref idref="oc-220"/>
      </symbol>
      <symbol id="sm-63b">
         <name>g_sCrystalfontz128x128</name>
         <value>0x200005b8</value>
         <object_component_ref idref="oc-21d"/>
      </symbol>
      <symbol id="sm-63c">
         <name>Crystalfontz128x128_Init</name>
         <value>0x1b91</value>
         <object_component_ref idref="oc-39f"/>
      </symbol>
      <symbol id="sm-675">
         <name>HAL_LCD_writeData</name>
         <value>0x3dbd</value>
         <object_component_ref idref="oc-579"/>
      </symbol>
      <symbol id="sm-676">
         <name>HAL_LCD_SpiInit</name>
         <value>0x37a5</value>
         <object_component_ref idref="oc-567"/>
      </symbol>
      <symbol id="sm-677">
         <name>HAL_LCD_PortInit</name>
         <value>0x3c7d</value>
         <object_component_ref idref="oc-561"/>
      </symbol>
      <symbol id="sm-678">
         <name>HAL_LCD_writeCommand</name>
         <value>0x3959</value>
         <object_component_ref idref="oc-573"/>
      </symbol>
      <symbol id="sm-694">
         <name>Reset_Handler</name>
         <value>0x41fd</value>
         <object_component_ref idref="oc-64"/>
      </symbol>
      <symbol id="sm-695">
         <name>Default_Handler</name>
         <value>0x1303</value>
         <object_component_ref idref="oc-6a"/>
      </symbol>
      <symbol id="sm-696">
         <name>interruptVectors</name>
         <value>0x0</value>
         <object_component_ref idref="oc-23"/>
      </symbol>
      <symbol id="sm-6c3">
         <name>Graphics_setBackgroundColor</name>
         <value>0x40d3</value>
         <object_component_ref idref="oc-205"/>
      </symbol>
      <symbol id="sm-6c4">
         <name>Graphics_setFont</name>
         <value>0x40ed</value>
         <object_component_ref idref="oc-20b"/>
      </symbol>
      <symbol id="sm-6c5">
         <name>Graphics_initContext</name>
         <value>0x3579</value>
         <object_component_ref idref="oc-1f9"/>
      </symbol>
      <symbol id="sm-6c6">
         <name>Graphics_setForegroundColor</name>
         <value>0x414b</value>
         <object_component_ref idref="oc-1ff"/>
      </symbol>
      <symbol id="sm-6c7">
         <name>Graphics_clearDisplay</name>
         <value>0x418b</value>
         <object_component_ref idref="oc-217"/>
      </symbol>
      <symbol id="sm-704">
         <name>Graphics_clearDisplayOnDisplay</name>
         <value>0x40b9</value>
         <object_component_ref idref="oc-3ac"/>
      </symbol>
      <symbol id="sm-705">
         <name>Graphics_drawPixelOnDisplay</name>
         <value>0x3d91</value>
         <object_component_ref idref="oc-40a"/>
      </symbol>
      <symbol id="sm-706">
         <name>Graphics_translateColorOnDisplay</name>
         <value>0x4161</value>
         <object_component_ref idref="oc-396"/>
      </symbol>
      <symbol id="sm-707">
         <name>Graphics_drawHorizontalLineOnDisplay</name>
         <value>0x3adb</value>
         <object_component_ref idref="oc-5a6"/>
      </symbol>
      <symbol id="sm-708">
         <name>Graphics_drawVerticalLineOnDisplay</name>
         <value>0x3b11</value>
         <object_component_ref idref="oc-670"/>
      </symbol>
      <symbol id="sm-709">
         <name>Graphics_drawMultiplePixelsOnDisplay</name>
         <value>0x3617</value>
         <object_component_ref idref="oc-615"/>
      </symbol>
      <symbol id="sm-70a">
         <name>Graphics_fillRectangleOnDisplay</name>
         <value>0x3f83</value>
         <object_component_ref idref="oc-5ff"/>
      </symbol>
      <symbol id="sm-71c">
         <name>g_sFontCmss12</name>
         <value>0x4e14</value>
         <object_component_ref idref="oc-223"/>
      </symbol>
      <symbol id="sm-752">
         <name>Graphics_drawImage</name>
         <value>0xd9b</value>
         <object_component_ref idref="oc-4e6"/>
      </symbol>
      <symbol id="sm-7af">
         <name>Graphics_drawLineH</name>
         <value>0x285d</value>
         <object_component_ref idref="oc-404"/>
      </symbol>
      <symbol id="sm-7b0">
         <name>Graphics_drawLineV</name>
         <value>0x28f9</value>
         <object_component_ref idref="oc-5eb"/>
      </symbol>
      <symbol id="sm-7b1">
         <name>Graphics_drawLine</name>
         <value>0x1789</value>
         <object_component_ref idref="oc-4de"/>
      </symbol>
      <symbol id="sm-7d1">
         <name>Graphics_drawRectangle</name>
         <value>0x267f</value>
         <object_component_ref idref="oc-49c"/>
      </symbol>
      <symbol id="sm-7d2">
         <name>Graphics_fillRectangle</name>
         <value>0x1cbd</value>
         <object_component_ref idref="oc-4c6"/>
      </symbol>
      <symbol id="sm-812">
         <name>Graphics_drawString</name>
         <value>0x91d</value>
         <object_component_ref idref="oc-23c"/>
      </symbol>
      <symbol id="sm-8d3">
         <name>ADC14_enableSampleTimer</name>
         <value>0x3b49</value>
         <object_component_ref idref="oc-373"/>
      </symbol>
      <symbol id="sm-8d4">
         <name>ADC14_enableConversion</name>
         <value>0x3e15</value>
         <object_component_ref idref="oc-387"/>
      </symbol>
      <symbol id="sm-8d5">
         <name>ADC14_toggleConversionTrigger</name>
         <value>0x3d0d</value>
         <object_component_ref idref="oc-38d"/>
      </symbol>
      <symbol id="sm-8d6">
         <name>ADC14_initModule</name>
         <value>0x34d1</value>
         <object_component_ref idref="oc-367"/>
      </symbol>
      <symbol id="sm-8d7">
         <name>ADC14_configureMultiSequenceMode</name>
         <value>0x23e9</value>
         <object_component_ref idref="oc-36d"/>
      </symbol>
      <symbol id="sm-8d8">
         <name>ADC14_configureConversionMemory</name>
         <value>0x2539</value>
         <object_component_ref idref="oc-37a"/>
      </symbol>
      <symbol id="sm-8d9">
         <name>ADC14_enableModule</name>
         <value>0x41e5</value>
         <object_component_ref idref="oc-361"/>
      </symbol>
      <symbol id="sm-8da">
         <name>ADC14_getResult</name>
         <value>0x3fdd</value>
         <object_component_ref idref="oc-5ba"/>
      </symbol>
      <symbol id="sm-938">
         <name>GPIO_setOutputHighOnPin</name>
         <value>0x3e65</value>
         <object_component_ref idref="oc-56d"/>
      </symbol>
      <symbol id="sm-939">
         <name>GPIO_setAsInputPinWithPullUpResistor</name>
         <value>0x3421</value>
         <object_component_ref idref="oc-348"/>
      </symbol>
      <symbol id="sm-93a">
         <name>GPIO_setAsOutputPin</name>
         <value>0x3725</value>
         <object_component_ref idref="oc-32e"/>
      </symbol>
      <symbol id="sm-93b">
         <name>GPIO_setOutputLowOnPin</name>
         <value>0x3e8d</value>
         <object_component_ref idref="oc-33b"/>
      </symbol>
      <symbol id="sm-93c">
         <name>GPIO_setAsPeripheralModuleFunctionOutputPin</name>
         <value>0x2b4d</value>
         <object_component_ref idref="oc-35a"/>
      </symbol>
      <symbol id="sm-93d">
         <name>GPIO_getInputPinValue</name>
         <value>0x3c4d</value>
         <object_component_ref idref="oc-5b3"/>
      </symbol>
      <symbol id="sm-93e">
         <name>GPIO_setAsPeripheralModuleFunctionInputPin</name>
         <value>0x2ac5</value>
         <object_component_ref idref="oc-380"/>
      </symbol>
      <symbol id="sm-95b">
         <name>Interrupt_enableInterrupt</name>
         <value>0x2df1</value>
         <object_component_ref idref="oc-531"/>
      </symbol>
      <symbol id="sm-995">
         <name>EUSCI_B_SPI_enable</name>
         <value>0x4135</value>
         <object_component_ref idref="oc-69f"/>
      </symbol>
      <symbol id="sm-996">
         <name>SPI_enableModule</name>
         <value>0x4015</value>
         <object_component_ref idref="oc-655"/>
      </symbol>
      <symbol id="sm-997">
         <name>EUSCI_A_SPI_enable</name>
         <value>0x411f</value>
         <object_component_ref idref="oc-699"/>
      </symbol>
      <symbol id="sm-998">
         <name>SPI_initMaster</name>
         <value>0x21db</value>
         <object_component_ref idref="oc-64f"/>
      </symbol>
      <symbol id="sm-9d1">
         <name>Timer32_startTimer</name>
         <value>0x39c9</value>
         <object_component_ref idref="oc-53d"/>
      </symbol>
      <symbol id="sm-9d2">
         <name>Timer32_setCount</name>
         <value>0x3c19</value>
         <object_component_ref idref="oc-537"/>
      </symbol>
      <symbol id="sm-9d3">
         <name>Timer32_getValue</name>
         <value>0x41c9</value>
         <object_component_ref idref="oc-22f"/>
      </symbol>
      <symbol id="sm-9d4">
         <name>Timer32_initModule</name>
         <value>0x3041</value>
         <object_component_ref idref="oc-52b"/>
      </symbol>
      <symbol id="sm-9d5">
         <name>Timer32_clearInterruptFlag</name>
         <value>0x4177</value>
         <object_component_ref idref="oc-b6"/>
      </symbol>
      <symbol id="sm-9e2">
         <name>WDT_A_holdTimer</name>
         <value>0x3edd</value>
         <object_component_ref idref="oc-168"/>
      </symbol>
      <symbol id="sm-9f3">
         <name>__aeabi_memset</name>
         <value>0x2e73</value>
         <object_component_ref idref="oc-90"/>
      </symbol>
      <symbol id="sm-9f4">
         <name>memset</name>
         <value>0x2e79</value>
         <object_component_ref idref="oc-90"/>
      </symbol>
      <symbol id="sm-9f5">
         <name>__aeabi_memset8</name>
         <value>0x2e73</value>
         <object_component_ref idref="oc-90"/>
      </symbol>
      <symbol id="sm-9f6">
         <name>__aeabi_memset4</name>
         <value>0x2e73</value>
         <object_component_ref idref="oc-90"/>
      </symbol>
      <symbol id="sm-9f7">
         <name>__aeabi_memclr8</name>
         <value>0x2e71</value>
         <object_component_ref idref="oc-90"/>
      </symbol>
      <symbol id="sm-9f8">
         <name>__aeabi_memclr4</name>
         <value>0x2e71</value>
         <object_component_ref idref="oc-90"/>
      </symbol>
      <symbol id="sm-9f9">
         <name>__aeabi_memclr</name>
         <value>0x2e71</value>
         <object_component_ref idref="oc-90"/>
      </symbol>
      <symbol id="sm-a05">
         <name>__aeabi_lmul</name>
         <value>0x4107</value>
         <object_component_ref idref="oc-243"/>
      </symbol>
      <symbol id="sm-a20">
         <name>memcpy</name>
         <value>0x2995</value>
         <object_component_ref idref="oc-34"/>
      </symbol>
      <symbol id="sm-a21">
         <name>__aeabi_memcpy</name>
         <value>0x2995</value>
         <object_component_ref idref="oc-34"/>
      </symbol>
      <symbol id="sm-a22">
         <name>__aeabi_memcpy8</name>
         <value>0x2995</value>
         <object_component_ref idref="oc-34"/>
      </symbol>
      <symbol id="sm-a23">
         <name>__aeabi_memcpy4</name>
         <value>0x2995</value>
         <object_component_ref idref="oc-34"/>
      </symbol>
      <symbol id="sm-a3b">
         <name>__TI_zero_init</name>
         <value>0x4209</value>
         <object_component_ref idref="oc-46"/>
      </symbol>
      <symbol id="sm-a52">
         <name>__TI_decompress_none</name>
         <value>0x41d7</value>
         <object_component_ref idref="oc-1a"/>
      </symbol>
      <symbol id="sm-a75">
         <name>__TI_decompress_lzss</name>
         <value>0x30a9</value>
         <object_component_ref idref="oc-14"/>
      </symbol>
      <symbol id="sm-a88">
         <name>__stack</name>
         <value>0x2000fe00</value>
         <object_component_ref idref="oc-26"/>
      </symbol>
      <symbol id="sm-a89">
         <name>_c_int00_noargs</name>
         <value>0x3a01</value>
         <object_component_ref idref="oc-52"/>
      </symbol>
      <symbol id="sm-a94">
         <name>C$$EXIT</name>
         <value>0x42fb</value>
         <object_component_ref idref="oc-111"/>
      </symbol>
      <symbol id="sm-a95">
         <name>abort</name>
         <value>0x42fb</value>
         <object_component_ref idref="oc-111"/>
      </symbol>
      <symbol id="sm-abf">
         <name>__TI_auto_init_nobinit_nopinit</name>
         <value>0x365d</value>
         <object_component_ref idref="oc-11d"/>
      </symbol>
      <symbol id="sm-ac9">
         <name>_system_pre_init</name>
         <value>0x42f7</value>
         <object_component_ref idref="oc-96"/>
      </symbol>
      <symbol id="sm-acb">
         <name>__TI_static_base__</name>
         <value>0x0</value>
      </symbol>
      <symbol id="sm-ace">
         <name>__mpu_init</name>
         <value>0x0</value>
      </symbol>
      <symbol id="sm-acf">
         <name>_system_post_cinit</name>
         <value>0x0</value>
      </symbol>
      <symbol id="sm-ad0">
         <name>NMI_Handler</name>
         <value>0x1303</value>
      </symbol>
      <symbol id="sm-ad1">
         <name>HardFault_Handler</name>
         <value>0x1303</value>
      </symbol>
      <symbol id="sm-ad2">
         <name>MemManage_Handler</name>
         <value>0x1303</value>
      </symbol>
      <symbol id="sm-ad3">
         <name>BusFault_Handler</name>
         <value>0x1303</value>
      </symbol>
      <symbol id="sm-ad4">
         <name>UsageFault_Handler</name>
         <value>0x1303</value>
      </symbol>
      <symbol id="sm-ad5">
         <name>SVC_Handler</name>
         <value>0x1303</value>
      </symbol>
      <symbol id="sm-ad6">
         <name>DebugMon_Handler</name>
         <value>0x1303</value>
      </symbol>
      <symbol id="sm-ad7">
         <name>PendSV_Handler</name>
         <value>0x1303</value>
      </symbol>
      <symbol id="sm-ad8">
         <name>SysTick_Handler</name>
         <value>0x1303</value>
      </symbol>
      <symbol id="sm-ad9">
         <name>PSS_IRQHandler</name>
         <value>0x1303</value>
      </symbol>
      <symbol id="sm-ada">
         <name>CS_IRQHandler</name>
         <value>0x1303</value>
      </symbol>
      <symbol id="sm-adb">
         <name>PCM_IRQHandler</name>
         <value>0x1303</value>
      </symbol>
      <symbol id="sm-adc">
         <name>WDT_A_IRQHandler</name>
         <value>0x1303</value>
      </symbol>
      <symbol id="sm-add">
         <name>FPU_IRQHandler</name>
         <value>0x1303</value>
      </symbol>
      <symbol id="sm-ade">
         <name>FLCTL_IRQHandler</name>
         <value>0x1303</value>
      </symbol>
      <symbol id="sm-adf">
         <name>COMP_E0_IRQHandler</name>
         <value>0x1303</value>
      </symbol>
      <symbol id="sm-ae0">
         <name>COMP_E1_IRQHandler</name>
         <value>0x1303</value>
      </symbol>
      <symbol id="sm-ae1">
         <name>TA0_0_IRQHandler</name>
         <value>0x1303</value>
      </symbol>
      <symbol id="sm-ae2">
         <name>TA0_N_IRQHandler</name>
         <value>0x1303</value>
      </symbol>
      <symbol id="sm-ae3">
         <name>TA1_0_IRQHandler</name>
         <value>0x1303</value>
      </symbol>
      <symbol id="sm-ae4">
         <name>TA1_N_IRQHandler</name>
         <value>0x1303</value>
      </symbol>
      <symbol id="sm-ae5">
         <name>TA2_0_IRQHandler</name>
         <value>0x1303</value>
      </symbol>
      <symbol id="sm-ae6">
         <name>TA2_N_IRQHandler</name>
         <value>0x1303</value>
      </symbol>
      <symbol id="sm-ae7">
         <name>TA3_0_IRQHandler</name>
         <value>0x1303</value>
      </symbol>
      <symbol id="sm-ae8">
         <name>TA3_N_IRQHandler</name>
         <value>0x1303</value>
      </symbol>
      <symbol id="sm-ae9">
         <name>EUSCIA0_IRQHandler</name>
         <value>0x1303</value>
      </symbol>
      <symbol id="sm-aea">
         <name>EUSCIA1_IRQHandler</name>
         <value>0x1303</value>
      </symbol>
      <symbol id="sm-aeb">
         <name>EUSCIA2_IRQHandler</name>
         <value>0x1303</value>
      </symbol>
      <symbol id="sm-aec">
         <name>EUSCIA3_IRQHandler</name>
         <value>0x1303</value>
      </symbol>
      <symbol id="sm-aed">
         <name>EUSCIB0_IRQHandler</name>
         <value>0x1303</value>
      </symbol>
      <symbol id="sm-aee">
         <name>EUSCIB1_IRQHandler</name>
         <value>0x1303</value>
      </symbol>
      <symbol id="sm-aef">
         <name>EUSCIB2_IRQHandler</name>
         <value>0x1303</value>
      </symbol>
      <symbol id="sm-af0">
         <name>EUSCIB3_IRQHandler</name>
         <value>0x1303</value>
      </symbol>
      <symbol id="sm-af1">
         <name>ADC14_IRQHandler</name>
         <value>0x1303</value>
      </symbol>
      <symbol id="sm-af2">
         <name>T32_INT1_IRQHandler</name>
         <value>0x4031</value>
      </symbol>
      <symbol id="sm-af3">
         <name>T32_INT2_IRQHandler</name>
         <value>0x1303</value>
      </symbol>
      <symbol id="sm-af4">
         <name>T32_INTC_IRQHandler</name>
         <value>0x1303</value>
      </symbol>
      <symbol id="sm-af5">
         <name>AES256_IRQHandler</name>
         <value>0x1303</value>
      </symbol>
      <symbol id="sm-af6">
         <name>RTC_C_IRQHandler</name>
         <value>0x1303</value>
      </symbol>
      <symbol id="sm-af7">
         <name>DMA_ERR_IRQHandler</name>
         <value>0x1303</value>
      </symbol>
      <symbol id="sm-af8">
         <name>DMA_INT3_IRQHandler</name>
         <value>0x1303</value>
      </symbol>
      <symbol id="sm-af9">
         <name>DMA_INT2_IRQHandler</name>
         <value>0x1303</value>
      </symbol>
      <symbol id="sm-afa">
         <name>DMA_INT1_IRQHandler</name>
         <value>0x1303</value>
      </symbol>
      <symbol id="sm-afb">
         <name>DMA_INT0_IRQHandler</name>
         <value>0x1303</value>
      </symbol>
      <symbol id="sm-afc">
         <name>PORT1_IRQHandler</name>
         <value>0x1303</value>
      </symbol>
      <symbol id="sm-afd">
         <name>PORT2_IRQHandler</name>
         <value>0x1303</value>
      </symbol>
      <symbol id="sm-afe">
         <name>PORT3_IRQHandler</name>
         <value>0x1303</value>
      </symbol>
      <symbol id="sm-aff">
         <name>PORT4_IRQHandler</name>
         <value>0x1303</value>
      </symbol>
      <symbol id="sm-b00">
         <name>PORT5_IRQHandler</name>
         <value>0x1303</value>
      </symbol>
      <symbol id="sm-b01">
         <name>PORT6_IRQHandler</name>
         <value>0x1303</value>
      </symbol>
   </symbol_table>
   <title>Link successful</title>
</link_info>
