<?xml version="1.0" encoding="ISO-8859-1" ?>
<link_info>
   <banner>TI ARM Linker PC v18.1.5.LTS</banner>
   <copyright>Copyright (c) 1996-2018 Texas Instruments Incorporated</copyright>
   <link_time>0x5d436d9d</link_time>
   <link_errors>0x0</link_errors>
   <output_file>Pierce_SummerProject.out</output_file>
   <entry_point>
      <name>_c_int00_noargs</name>
      <address>0x3fcd</address>
   </entry_point>
   <input_file_list>
      <input_file id="fl-2">
         <path>.\</path>
         <kind>object</kind>
         <file>ADC_HAL.obj</file>
         <name>ADC_HAL.obj</name>
      </input_file>
      <input_file id="fl-3">
         <path>.\</path>
         <kind>object</kind>
         <file>ButtonLED_HAL.obj</file>
         <name>ButtonLED_HAL.obj</name>
      </input_file>
      <input_file id="fl-4">
         <path>.\</path>
         <kind>object</kind>
         <file>Timer32_HAL.obj</file>
         <name>Timer32_HAL.obj</name>
      </input_file>
      <input_file id="fl-5">
         <path>.\</path>
         <kind>object</kind>
         <file>gameover_screen.obj</file>
         <name>gameover_screen.obj</name>
      </input_file>
      <input_file id="fl-6">
         <path>.\</path>
         <kind>object</kind>
         <file>graphics_HAL.obj</file>
         <name>graphics_HAL.obj</name>
      </input_file>
      <input_file id="fl-7">
         <path>.\</path>
         <kind>object</kind>
         <file>main.obj</file>
         <name>main.obj</name>
      </input_file>
      <input_file id="fl-8">
         <path>.\</path>
         <kind>object</kind>
         <file>song.obj</file>
         <name>song.obj</name>
      </input_file>
      <input_file id="fl-9">
         <path>.\</path>
         <kind>object</kind>
         <file>sound.obj</file>
         <name>sound.obj</name>
      </input_file>
      <input_file id="fl-a">
         <path>.\</path>
         <kind>object</kind>
         <file>system_msp432p401r.obj</file>
         <name>system_msp432p401r.obj</name>
      </input_file>
      <input_file id="fl-b">
         <path>.\LcdDriver\</path>
         <kind>object</kind>
         <file>Crystalfontz128x128_ST7735.obj</file>
         <name>Crystalfontz128x128_ST7735.obj</name>
      </input_file>
      <input_file id="fl-c">
         <path>.\LcdDriver\</path>
         <kind>object</kind>
         <file>HAL_MSP_EXP432P401R_Crystalfontz128x128_ST7735.obj</file>
         <name>HAL_MSP_EXP432P401R_Crystalfontz128x128_ST7735.obj</name>
      </input_file>
      <input_file id="fl-d">
         <path>.\ccs\</path>
         <kind>object</kind>
         <file>startup_msp432p401r_ccs.obj</file>
         <name>startup_msp432p401r_ccs.obj</name>
      </input_file>
      <input_file id="fl-19">
         <kind>object</kind>
         <file>&lt;internal&gt;</file>
         <name>&lt;internal&gt;</name>
      </input_file>
      <input_file id="fl-1a">
         <path>C:\ti\simplelink_msp432p4_sdk_2_40_00_10\source\ti\grlib\lib\ccs\m4f\</path>
         <kind>archive</kind>
         <file>grlib.a</file>
         <name>context.obj</name>
      </input_file>
      <input_file id="fl-1b">
         <path>C:\ti\simplelink_msp432p4_sdk_2_40_00_10\source\ti\grlib\lib\ccs\m4f\</path>
         <kind>archive</kind>
         <file>grlib.a</file>
         <name>display.obj</name>
      </input_file>
      <input_file id="fl-1c">
         <path>C:\ti\simplelink_msp432p4_sdk_2_40_00_10\source\ti\grlib\lib\ccs\m4f\</path>
         <kind>archive</kind>
         <file>grlib.a</file>
         <name>fontcmss12.obj</name>
      </input_file>
      <input_file id="fl-1d">
         <path>C:\ti\simplelink_msp432p4_sdk_2_40_00_10\source\ti\grlib\lib\ccs\m4f\</path>
         <kind>archive</kind>
         <file>grlib.a</file>
         <name>image.obj</name>
      </input_file>
      <input_file id="fl-1e">
         <path>C:\ti\simplelink_msp432p4_sdk_2_40_00_10\source\ti\grlib\lib\ccs\m4f\</path>
         <kind>archive</kind>
         <file>grlib.a</file>
         <name>line.obj</name>
      </input_file>
      <input_file id="fl-1f">
         <path>C:\ti\simplelink_msp432p4_sdk_2_40_00_10\source\ti\grlib\lib\ccs\m4f\</path>
         <kind>archive</kind>
         <file>grlib.a</file>
         <name>rectangle.obj</name>
      </input_file>
      <input_file id="fl-20">
         <path>C:\ti\simplelink_msp432p4_sdk_2_40_00_10\source\ti\grlib\lib\ccs\m4f\</path>
         <kind>archive</kind>
         <file>grlib.a</file>
         <name>string.obj</name>
      </input_file>
      <input_file id="fl-21">
         <path>C:\ti\simplelink_msp432p4_sdk_2_40_00_10\source\ti\devices\msp432p4xx\driverlib\ccs\</path>
         <kind>archive</kind>
         <file>msp432p4xx_driverlib.lib</file>
         <name>adc14.o</name>
      </input_file>
      <input_file id="fl-22">
         <path>C:\ti\simplelink_msp432p4_sdk_2_40_00_10\source\ti\devices\msp432p4xx\driverlib\ccs\</path>
         <kind>archive</kind>
         <file>msp432p4xx_driverlib.lib</file>
         <name>gpio.o</name>
      </input_file>
      <input_file id="fl-23">
         <path>C:\ti\simplelink_msp432p4_sdk_2_40_00_10\source\ti\devices\msp432p4xx\driverlib\ccs\</path>
         <kind>archive</kind>
         <file>msp432p4xx_driverlib.lib</file>
         <name>interrupt.o</name>
      </input_file>
      <input_file id="fl-24">
         <path>C:\ti\simplelink_msp432p4_sdk_2_40_00_10\source\ti\devices\msp432p4xx\driverlib\ccs\</path>
         <kind>archive</kind>
         <file>msp432p4xx_driverlib.lib</file>
         <name>spi.o</name>
      </input_file>
      <input_file id="fl-25">
         <path>C:\ti\simplelink_msp432p4_sdk_2_40_00_10\source\ti\devices\msp432p4xx\driverlib\ccs\</path>
         <kind>archive</kind>
         <file>msp432p4xx_driverlib.lib</file>
         <name>timer32.o</name>
      </input_file>
      <input_file id="fl-26">
         <path>C:\ti\simplelink_msp432p4_sdk_2_40_00_10\source\ti\devices\msp432p4xx\driverlib\ccs\</path>
         <kind>archive</kind>
         <file>msp432p4xx_driverlib.lib</file>
         <name>timer_a.o</name>
      </input_file>
      <input_file id="fl-27">
         <path>C:\ti\simplelink_msp432p4_sdk_2_40_00_10\source\ti\devices\msp432p4xx\driverlib\ccs\</path>
         <kind>archive</kind>
         <file>msp432p4xx_driverlib.lib</file>
         <name>wdt_a.o</name>
      </input_file>
      <input_file id="fl-28">
         <path>C:\ti\simplelink_msp432p4_sdk_2_40_00_10\source\ti\devices\msp432p4xx\driverlib\ccs\</path>
         <kind>archive</kind>
         <file>msp432p4xx_driverlib.lib</file>
         <name>cpu.o</name>
      </input_file>
      <input_file id="fl-29">
         <path>C:\ti\simplelink_msp432p4_sdk_2_40_00_10\source\ti\devices\msp432p4xx\driverlib\ccs\</path>
         <kind>archive</kind>
         <file>msp432p4xx_driverlib.lib</file>
         <name>sysctl_a.o</name>
      </input_file>
      <input_file id="fl-df">
         <path>C:\ti\ccs830\ccsv8\tools\compiler\ti-cgt-arm_18.1.5.LTS\lib\</path>
         <kind>archive</kind>
         <file>rtsv7M4_T_le_v4SPD16_eabi.lib</file>
         <name>memset_t2.asm.obj</name>
      </input_file>
      <input_file id="fl-e0">
         <path>C:\ti\ccs830\ccsv8\tools\compiler\ti-cgt-arm_18.1.5.LTS\lib\</path>
         <kind>archive</kind>
         <file>rtsv7M4_T_le_v4SPD16_eabi.lib</file>
         <name>fd_div_t2.asm.obj</name>
      </input_file>
      <input_file id="fl-e1">
         <path>C:\ti\ccs830\ccsv8\tools\compiler\ti-cgt-arm_18.1.5.LTS\lib\</path>
         <kind>archive</kind>
         <file>rtsv7M4_T_le_v4SPD16_eabi.lib</file>
         <name>fd_mul_t2.asm.obj</name>
      </input_file>
      <input_file id="fl-e2">
         <path>C:\ti\ccs830\ccsv8\tools\compiler\ti-cgt-arm_18.1.5.LTS\lib\</path>
         <kind>archive</kind>
         <file>rtsv7M4_T_le_v4SPD16_eabi.lib</file>
         <name>fd_tou_t2.asm.obj</name>
      </input_file>
      <input_file id="fl-e3">
         <path>C:\ti\ccs830\ccsv8\tools\compiler\ti-cgt-arm_18.1.5.LTS\lib\</path>
         <kind>archive</kind>
         <file>rtsv7M4_T_le_v4SPD16_eabi.lib</file>
         <name>ll_mul_t2.asm.obj</name>
      </input_file>
      <input_file id="fl-e4">
         <path>C:\ti\ccs830\ccsv8\tools\compiler\ti-cgt-arm_18.1.5.LTS\lib\</path>
         <kind>archive</kind>
         <file>rtsv7M4_T_le_v4SPD16_eabi.lib</file>
         <name>memcpy_t2.asm.obj</name>
      </input_file>
      <input_file id="fl-e5">
         <path>C:\ti\ccs830\ccsv8\tools\compiler\ti-cgt-arm_18.1.5.LTS\lib\</path>
         <kind>archive</kind>
         <file>rtsv7M4_T_le_v4SPD16_eabi.lib</file>
         <name>u_tofd_t2.asm.obj</name>
      </input_file>
      <input_file id="fl-e6">
         <path>C:\ti\ccs830\ccsv8\tools\compiler\ti-cgt-arm_18.1.5.LTS\lib\</path>
         <kind>archive</kind>
         <file>rtsv7M4_T_le_v4SPD16_eabi.lib</file>
         <name>copy_zero_init.c.obj</name>
      </input_file>
      <input_file id="fl-e7">
         <path>C:\ti\ccs830\ccsv8\tools\compiler\ti-cgt-arm_18.1.5.LTS\lib\</path>
         <kind>archive</kind>
         <file>rtsv7M4_T_le_v4SPD16_eabi.lib</file>
         <name>copy_decompress_none.c.obj</name>
      </input_file>
      <input_file id="fl-e8">
         <path>C:\ti\ccs830\ccsv8\tools\compiler\ti-cgt-arm_18.1.5.LTS\lib\</path>
         <kind>archive</kind>
         <file>rtsv7M4_T_le_v4SPD16_eabi.lib</file>
         <name>copy_decompress_lzss.c.obj</name>
      </input_file>
      <input_file id="fl-e9">
         <path>C:\ti\ccs830\ccsv8\tools\compiler\ti-cgt-arm_18.1.5.LTS\lib\</path>
         <kind>archive</kind>
         <file>rtsv7M4_T_le_v4SPD16_eabi.lib</file>
         <name>boot_cortex_m.c.obj</name>
      </input_file>
      <input_file id="fl-ea">
         <path>C:\ti\ccs830\ccsv8\tools\compiler\ti-cgt-arm_18.1.5.LTS\lib\</path>
         <kind>archive</kind>
         <file>rtsv7M4_T_le_v4SPD16_eabi.lib</file>
         <name>exit.c.obj</name>
      </input_file>
      <input_file id="fl-eb">
         <path>C:\ti\ccs830\ccsv8\tools\compiler\ti-cgt-arm_18.1.5.LTS\lib\</path>
         <kind>archive</kind>
         <file>rtsv7M4_T_le_v4SPD16_eabi.lib</file>
         <name>_lock.c.obj</name>
      </input_file>
      <input_file id="fl-ec">
         <path>C:\ti\ccs830\ccsv8\tools\compiler\ti-cgt-arm_18.1.5.LTS\lib\</path>
         <kind>archive</kind>
         <file>rtsv7M4_T_le_v4SPD16_eabi.lib</file>
         <name>args_main.c.obj</name>
      </input_file>
      <input_file id="fl-ed">
         <path>C:\ti\ccs830\ccsv8\tools\compiler\ti-cgt-arm_18.1.5.LTS\lib\</path>
         <kind>archive</kind>
         <file>rtsv7M4_T_le_v4SPD16_eabi.lib</file>
         <name>autoinit.c.obj</name>
      </input_file>
      <input_file id="fl-ee">
         <path>C:\ti\ccs830\ccsv8\tools\compiler\ti-cgt-arm_18.1.5.LTS\lib\</path>
         <kind>archive</kind>
         <file>rtsv7M4_T_le_v4SPD16_eabi.lib</file>
         <name>pre_init.c.obj</name>
      </input_file>
      <input_file id="fl-ef">
         <path>C:\ti\ccs830\ccsv8\tools\compiler\ti-cgt-arm_18.1.5.LTS\lib\</path>
         <kind>archive</kind>
         <file>rtsv7M4_T_le_v4SPD16_eabi.lib</file>
         <name>cpy_tbl.c.obj</name>
      </input_file>
   </input_file_list>
   <object_component_list>
      <object_component id="oc-23">
         <name>.intvecs:retain</name>
         <load_address>0x0</load_address>
         <run_address>0x0</run_address>
         <size>0xe4</size>
         <input_file_ref idref="fl-d"/>
      </object_component>
      <object_component id="oc-fb">
         <name>.text:GameState_FSM</name>
         <load_address>0xe4</load_address>
         <run_address>0xe4</run_address>
         <size>0x870</size>
         <input_file_ref idref="fl-7"/>
      </object_component>
      <object_component id="oc-23c">
         <name>.text:Graphics_drawString</name>
         <load_address>0x954</load_address>
         <run_address>0x954</run_address>
         <size>0x47e</size>
         <input_file_ref idref="fl-20"/>
      </object_component>
      <object_component id="oc-4f4">
         <name>.text:Graphics_drawImage</name>
         <load_address>0xdd2</load_address>
         <run_address>0xdd2</run_address>
         <size>0x390</size>
         <input_file_ref idref="fl-1d"/>
      </object_component>
      <object_component id="oc-3c1">
         <name>.text:Crystalfontz128x128_PixelDrawMultiple</name>
         <load_address>0x1162</load_address>
         <run_address>0x1162</run_address>
         <size>0x1d8</size>
         <input_file_ref idref="fl-b"/>
      </object_component>
      <object_component id="oc-6a">
         <name>.text:Default_Handler</name>
         <load_address>0x133a</load_address>
         <run_address>0x133a</run_address>
         <size>0x2</size>
         <input_file_ref idref="fl-d"/>
      </object_component>
      <object_component id="oc-28b">
         <name>.text:DisplayHowToPlayScreen1</name>
         <load_address>0x133c</load_address>
         <run_address>0x133c</run_address>
         <size>0x184</size>
         <input_file_ref idref="fl-6"/>
      </object_component>
      <object_component id="oc-291">
         <name>.text:DisplayHowToPlayScreen2</name>
         <load_address>0x14c0</load_address>
         <run_address>0x14c0</run_address>
         <size>0x180</size>
         <input_file_ref idref="fl-6"/>
      </object_component>
      <object_component id="oc-616">
         <name>.text:Graphics_clipLine</name>
         <load_address>0x1640</load_address>
         <run_address>0x1640</run_address>
         <size>0x180</size>
         <input_file_ref idref="fl-1e"/>
      </object_component>
      <object_component id="oc-4e4">
         <name>.text:Graphics_drawLine</name>
         <load_address>0x17c0</load_address>
         <run_address>0x17c0</run_address>
         <size>0x174</size>
         <input_file_ref idref="fl-1e"/>
      </object_component>
      <object_component id="oc-55b">
         <name>.text:_getIndexForMemRegister</name>
         <load_address>0x1934</load_address>
         <run_address>0x1934</run_address>
         <size>0x160</size>
         <input_file_ref idref="fl-21"/>
      </object_component>
      <object_component id="oc-6c1">
         <name>.text:privateTimer_AProcessClockSourceDivider</name>
         <load_address>0x1a94</load_address>
         <run_address>0x1a94</run_address>
         <size>0x144</size>
         <input_file_ref idref="fl-26"/>
      </object_component>
      <object_component id="oc-6b3">
         <name>.text</name>
         <load_address>0x1bd8</load_address>
         <run_address>0x1bd8</run_address>
         <size>0x136</size>
         <input_file_ref idref="fl-e0"/>
      </object_component>
      <object_component id="oc-58d">
         <name>.text:Crystalfontz128x128_SetDrawFrame</name>
         <load_address>0x1d10</load_address>
         <run_address>0x1d10</run_address>
         <size>0x134</size>
         <input_file_ref idref="fl-b"/>
      </object_component>
      <object_component id="oc-3a5">
         <name>.text:Crystalfontz128x128_Init</name>
         <load_address>0x1e44</load_address>
         <run_address>0x1e44</run_address>
         <size>0x12c</size>
         <input_file_ref idref="fl-b"/>
      </object_component>
      <object_component id="oc-4cc">
         <name>.text:Graphics_fillRectangle</name>
         <load_address>0x1f70</load_address>
         <run_address>0x1f70</run_address>
         <size>0x112</size>
         <input_file_ref idref="fl-1f"/>
      </object_component>
      <object_component id="oc-6ae">
         <name>.text</name>
         <load_address>0x2082</load_address>
         <run_address>0x2082</run_address>
         <size>0xfc</size>
         <input_file_ref idref="fl-e1"/>
      </object_component>
      <object_component id="oc-24f">
         <name>.text:InitSongList_GameOver</name>
         <load_address>0x217e</load_address>
         <run_address>0x217e</run_address>
         <size>0xfa</size>
         <input_file_ref idref="fl-8"/>
      </object_component>
      <object_component id="oc-2e6">
         <name>.text:XTile</name>
         <load_address>0x2278</load_address>
         <run_address>0x2278</run_address>
         <size>0xd2</size>
         <input_file_ref idref="fl-6"/>
      </object_component>
      <object_component id="oc-41c">
         <name>.text:Debounce</name>
         <load_address>0x234a</load_address>
         <run_address>0x234a</run_address>
         <size>0xce</size>
         <input_file_ref idref="fl-3"/>
      </object_component>
      <object_component id="oc-ae">
         <name>.text:SystemInit</name>
         <load_address>0x2418</load_address>
         <run_address>0x2418</run_address>
         <size>0xbc</size>
         <input_file_ref idref="fl-a"/>
      </object_component>
      <object_component id="oc-42d">
         <name>.text:DrawMenuCursor</name>
         <load_address>0x24d4</load_address>
         <run_address>0x24d4</run_address>
         <size>0xb6</size>
         <input_file_ref idref="fl-6"/>
      </object_component>
      <object_component id="oc-677">
         <name>.text:SPI_initMaster</name>
         <load_address>0x258a</load_address>
         <run_address>0x258a</run_address>
         <size>0xb0</size>
         <input_file_ref idref="fl-24"/>
      </object_component>
      <object_component id="oc-4b5">
         <name>.text:DrawTileColor</name>
         <load_address>0x263c</load_address>
         <run_address>0x263c</run_address>
         <size>0xaf</size>
         <input_file_ref idref="fl-6"/>
      </object_component>
      <object_component id="oc-4c3">
         <name>.text:EraseTileColor</name>
         <load_address>0x26ec</load_address>
         <run_address>0x26ec</run_address>
         <size>0xab</size>
         <input_file_ref idref="fl-6"/>
      </object_component>
      <object_component id="oc-373">
         <name>.text:ADC14_configureMultiSequenceMode</name>
         <load_address>0x2798</load_address>
         <run_address>0x2798</run_address>
         <size>0xa8</size>
         <input_file_ref idref="fl-21"/>
      </object_component>
      <object_component id="oc-f5">
         <name>.text:OneShotSWTimerExpired</name>
         <load_address>0x2840</load_address>
         <run_address>0x2840</run_address>
         <size>0xa8</size>
         <input_file_ref idref="fl-4"/>
      </object_component>
      <object_component id="oc-380">
         <name>.text:ADC14_configureConversionMemory</name>
         <load_address>0x28e8</load_address>
         <run_address>0x28e8</run_address>
         <size>0xa4</size>
         <input_file_ref idref="fl-21"/>
      </object_component>
      <object_component id="oc-47b">
         <name>.text:DrawHeart</name>
         <load_address>0x298c</load_address>
         <run_address>0x298c</run_address>
         <size>0xa2</size>
         <input_file_ref idref="fl-6"/>
      </object_component>
      <object_component id="oc-4a2">
         <name>.text:Graphics_drawRectangle</name>
         <load_address>0x2a2e</load_address>
         <run_address>0x2a2e</run_address>
         <size>0xa2</size>
         <input_file_ref idref="fl-1f"/>
      </object_component>
      <object_component id="oc-285">
         <name>.text:DisplayHighScores</name>
         <load_address>0x2ad0</load_address>
         <run_address>0x2ad0</run_address>
         <size>0xa0</size>
         <input_file_ref idref="fl-6"/>
      </object_component>
      <object_component id="oc-3d3">
         <name>.text:Crystalfontz128x128_RectFill</name>
         <load_address>0x2b70</load_address>
         <run_address>0x2b70</run_address>
         <size>0x9c</size>
         <input_file_ref idref="fl-b"/>
      </object_component>
      <object_component id="oc-40a">
         <name>.text:Graphics_drawLineH</name>
         <load_address>0x2c0c</load_address>
         <run_address>0x2c0c</run_address>
         <size>0x9c</size>
         <input_file_ref idref="fl-1e"/>
      </object_component>
      <object_component id="oc-5f9">
         <name>.text:Graphics_drawLineV</name>
         <load_address>0x2ca8</load_address>
         <run_address>0x2ca8</run_address>
         <size>0x9c</size>
         <input_file_ref idref="fl-1e"/>
      </object_component>
      <object_component id="oc-34">
         <name>.text</name>
         <load_address>0x2d44</load_address>
         <run_address>0x2d44</run_address>
         <size>0x9c</size>
         <input_file_ref idref="fl-e4"/>
      </object_component>
      <object_component id="oc-273">
         <name>.text:DisplayMenuScreen</name>
         <load_address>0x2de0</load_address>
         <run_address>0x2de0</run_address>
         <size>0x94</size>
         <input_file_ref idref="fl-6"/>
      </object_component>
      <object_component id="oc-61d">
         <name>.text:ConfigurePWM</name>
         <load_address>0x2e74</load_address>
         <run_address>0x2e74</run_address>
         <size>0x90</size>
         <input_file_ref idref="fl-9"/>
      </object_component>
      <object_component id="oc-386">
         <name>.text:GPIO_setAsPeripheralModuleFunctionInputPin</name>
         <load_address>0x2f04</load_address>
         <run_address>0x2f04</run_address>
         <size>0x88</size>
         <input_file_ref idref="fl-22"/>
      </object_component>
      <object_component id="oc-360">
         <name>.text:GPIO_setAsPeripheralModuleFunctionOutputPin</name>
         <load_address>0x2f8c</load_address>
         <run_address>0x2f8c</run_address>
         <size>0x88</size>
         <input_file_ref idref="fl-22"/>
      </object_component>
      <object_component id="oc-261">
         <name>.text:isJoyStickDown</name>
         <load_address>0x3014</load_address>
         <run_address>0x3014</run_address>
         <size>0x88</size>
         <input_file_ref idref="fl-7"/>
      </object_component>
      <object_component id="oc-26d">
         <name>.text:isJoyStickRight</name>
         <load_address>0x309c</load_address>
         <run_address>0x309c</run_address>
         <size>0x88</size>
         <input_file_ref idref="fl-7"/>
      </object_component>
      <object_component id="oc-25b">
         <name>.text:isJoyStickUp</name>
         <load_address>0x3124</load_address>
         <run_address>0x3124</run_address>
         <size>0x88</size>
         <input_file_ref idref="fl-7"/>
      </object_component>
      <object_component id="oc-267">
         <name>.text:isJoyStickLeft</name>
         <load_address>0x31ac</load_address>
         <run_address>0x31ac</run_address>
         <size>0x84</size>
         <input_file_ref idref="fl-7"/>
      </object_component>
      <object_component id="oc-53f">
         <name>.text:Interrupt_enableInterrupt</name>
         <load_address>0x3230</load_address>
         <run_address>0x3230</run_address>
         <size>0x80</size>
         <input_file_ref idref="fl-23"/>
      </object_component>
      <object_component id="oc-90">
         <name>.text</name>
         <load_address>0x32b0</load_address>
         <run_address>0x32b0</run_address>
         <size>0x7a</size>
         <input_file_ref idref="fl-df"/>
      </object_component>
      <object_component id="oc-2f8">
         <name>.text:DisplayGameOverScreen</name>
         <load_address>0x332c</load_address>
         <run_address>0x332c</run_address>
         <size>0x78</size>
         <input_file_ref idref="fl-6"/>
      </object_component>
      <object_component id="oc-623">
         <name>.text:Timer_A_generatePWM</name>
         <load_address>0x33a4</load_address>
         <run_address>0x33a4</run_address>
         <size>0x74</size>
         <input_file_ref idref="fl-26"/>
      </object_component>
      <object_component id="oc-2ec">
         <name>.text:AllCorrect</name>
         <load_address>0x3418</load_address>
         <run_address>0x3418</run_address>
         <size>0x70</size>
         <input_file_ref idref="fl-6"/>
      </object_component>
      <object_component id="oc-4ec">
         <name>.text:PlayNote_nonblocking</name>
         <load_address>0x3488</load_address>
         <run_address>0x3488</run_address>
         <size>0x70</size>
         <input_file_ref idref="fl-9"/>
      </object_component>
      <object_component id="oc-637">
         <name>.text:Graphics_convertPalette</name>
         <load_address>0x34f8</load_address>
         <run_address>0x34f8</run_address>
         <size>0x6c</size>
         <input_file_ref idref="fl-1d"/>
      </object_component>
      <object_component id="oc-539">
         <name>.text:Timer32_initModule</name>
         <load_address>0x3564</load_address>
         <run_address>0x3564</run_address>
         <size>0x68</size>
         <input_file_ref idref="fl-25"/>
      </object_component>
      <object_component id="oc-14">
         <name>.text:decompress:lzss:__TI_decompress_lzss</name>
         <load_address>0x35cc</load_address>
         <run_address>0x35cc</run_address>
         <size>0x68</size>
         <input_file_ref idref="fl-e8"/>
      </object_component>
      <object_component id="oc-2d4">
         <name>.text:DrawTile</name>
         <load_address>0x3634</load_address>
         <run_address>0x3634</run_address>
         <size>0x64</size>
         <input_file_ref idref="fl-6"/>
      </object_component>
      <object_component id="oc-6a2">
         <name>.text:Graphics_getClipCode</name>
         <load_address>0x3698</load_address>
         <run_address>0x3698</run_address>
         <size>0x64</size>
         <input_file_ref idref="fl-1e"/>
      </object_component>
      <object_component id="oc-2f2">
         <name>.text:PlaySong_nonblocking</name>
         <load_address>0x36fc</load_address>
         <run_address>0x36fc</run_address>
         <size>0x64</size>
         <input_file_ref idref="fl-8"/>
      </object_component>
      <object_component id="oc-1d4">
         <name>.text:initHWTimer0</name>
         <load_address>0x3760</load_address>
         <run_address>0x3760</run_address>
         <size>0x64</size>
         <input_file_ref idref="fl-4"/>
      </object_component>
      <object_component id="oc-1da">
         <name>.text:initHWTimer1</name>
         <load_address>0x37c4</load_address>
         <run_address>0x37c4</run_address>
         <size>0x64</size>
         <input_file_ref idref="fl-4"/>
      </object_component>
      <object_component id="oc-d7">
         <name>.text:initialize</name>
         <load_address>0x3828</load_address>
         <run_address>0x3828</run_address>
         <size>0x64</size>
         <input_file_ref idref="fl-7"/>
      </object_component>
      <object_component id="oc-3c7">
         <name>.text:Crystalfontz128x128_LineDrawH</name>
         <load_address>0x388c</load_address>
         <run_address>0x388c</run_address>
         <size>0x60</size>
         <input_file_ref idref="fl-b"/>
      </object_component>
      <object_component id="oc-3cd">
         <name>.text:Crystalfontz128x128_LineDrawV</name>
         <load_address>0x38ec</load_address>
         <run_address>0x38ec</run_address>
         <size>0x60</size>
         <input_file_ref idref="fl-b"/>
      </object_component>
      <object_component id="oc-ef">
         <name>.text:DisplayStartupScreen</name>
         <load_address>0x394c</load_address>
         <run_address>0x394c</run_address>
         <size>0x5a</size>
         <input_file_ref idref="fl-6"/>
      </object_component>
      <object_component id="oc-34e">
         <name>.text:GPIO_setAsInputPinWithPullUpResistor</name>
         <load_address>0x39a8</load_address>
         <run_address>0x39a8</run_address>
         <size>0x58</size>
         <input_file_ref idref="fl-22"/>
      </object_component>
      <object_component id="oc-357">
         <name>.text:startHWTimer</name>
         <load_address>0x3a00</load_address>
         <run_address>0x3a00</run_address>
         <size>0x56</size>
         <input_file_ref idref="fl-4"/>
      </object_component>
      <object_component id="oc-36d">
         <name>.text:ADC14_initModule</name>
         <load_address>0x3a58</load_address>
         <run_address>0x3a58</run_address>
         <size>0x54</size>
         <input_file_ref idref="fl-21"/>
      </object_component>
      <object_component id="oc-3ab">
         <name>.text:Crystalfontz128x128_SetOrientation</name>
         <load_address>0x3aac</load_address>
         <run_address>0x3aac</run_address>
         <size>0x54</size>
         <input_file_ref idref="fl-b"/>
      </object_component>
      <object_component id="oc-1f9">
         <name>.text:Graphics_initContext</name>
         <load_address>0x3b00</load_address>
         <run_address>0x3b00</run_address>
         <size>0x52</size>
         <input_file_ref idref="fl-1a"/>
      </object_component>
      <object_component id="oc-255">
         <name>.text:ButtonPushed</name>
         <load_address>0x3b52</load_address>
         <run_address>0x3b52</run_address>
         <size>0x4c</size>
         <input_file_ref idref="fl-3"/>
      </object_component>
      <object_component id="oc-63d">
         <name>.text:Graphics_drawMultiplePixelsOnDisplay</name>
         <load_address>0x3b9e</load_address>
         <run_address>0x3b9e</run_address>
         <size>0x46</size>
         <input_file_ref idref="fl-1b"/>
      </object_component>
      <object_component id="oc-11d">
         <name>.text:__TI_auto_init_nobinit_nopinit:__TI_auto_init_nobinit_nopinit</name>
         <load_address>0x3be4</load_address>
         <run_address>0x3be4</run_address>
         <size>0x44</size>
         <input_file_ref idref="fl-ed"/>
      </object_component>
      <object_component id="oc-4fa">
         <name>.text:make_3digit_NumString</name>
         <load_address>0x3c28</load_address>
         <run_address>0x3c28</run_address>
         <size>0x44</size>
         <input_file_ref idref="fl-6"/>
      </object_component>
      <object_component id="oc-6b8">
         <name>.text</name>
         <load_address>0x3c6c</load_address>
         <run_address>0x3c6c</run_address>
         <size>0x44</size>
         <input_file_ref idref="fl-e2"/>
      </object_component>
      <object_component id="oc-3bb">
         <name>.text:Crystalfontz128x128_PixelDraw</name>
         <load_address>0x3cb0</load_address>
         <run_address>0x3cb0</run_address>
         <size>0x40</size>
         <input_file_ref idref="fl-b"/>
      </object_component>
      <object_component id="oc-334">
         <name>.text:GPIO_setAsOutputPin</name>
         <load_address>0x3cf0</load_address>
         <run_address>0x3cf0</run_address>
         <size>0x40</size>
         <input_file_ref idref="fl-22"/>
      </object_component>
      <object_component id="oc-404">
         <name>.text:Graphics_getNumberOfLeadingZeros</name>
         <load_address>0x3d30</load_address>
         <run_address>0x3d30</run_address>
         <size>0x40</size>
         <input_file_ref idref="fl-20"/>
      </object_component>
      <object_component id="oc-575">
         <name>.text:HAL_LCD_SpiInit</name>
         <load_address>0x3d70</load_address>
         <run_address>0x3d70</run_address>
         <size>0x40</size>
         <input_file_ref idref="fl-c"/>
      </object_component>
      <object_component id="oc-dd">
         <name>.text:InitGraphics</name>
         <load_address>0x3db0</load_address>
         <run_address>0x3db0</run_address>
         <size>0x40</size>
         <input_file_ref idref="fl-6"/>
      </object_component>
      <object_component id="oc-6da">
         <name>.text:is_A_Module</name>
         <load_address>0x3df0</load_address>
         <run_address>0x3df0</run_address>
         <size>0x40</size>
         <input_file_ref idref="fl-24"/>
      </object_component>
      <object_component id="oc-9c">
         <name>.text:main</name>
         <load_address>0x3e30</load_address>
         <run_address>0x3e30</run_address>
         <size>0x40</size>
         <input_file_ref idref="fl-7"/>
      </object_component>
      <object_component id="oc-279">
         <name>.text:MoveMenuCursorDown</name>
         <load_address>0x3e70</load_address>
         <run_address>0x3e70</run_address>
         <size>0x3c</size>
         <input_file_ref idref="fl-6"/>
      </object_component>
      <object_component id="oc-27f">
         <name>.text:MoveMenuCursorUp</name>
         <load_address>0x3eac</load_address>
         <run_address>0x3eac</run_address>
         <size>0x3c</size>
         <input_file_ref idref="fl-6"/>
      </object_component>
      <object_component id="oc-2a3">
         <name>.text:generateRandomTileSet_2_Color</name>
         <load_address>0x3ee8</load_address>
         <run_address>0x3ee8</run_address>
         <size>0x3c</size>
         <input_file_ref idref="fl-7"/>
      </object_component>
      <object_component id="oc-581">
         <name>.text:HAL_LCD_writeCommand</name>
         <load_address>0x3f24</load_address>
         <run_address>0x3f24</run_address>
         <size>0x38</size>
         <input_file_ref idref="fl-c"/>
      </object_component>
      <object_component id="oc-2b8">
         <name>.text:HighlightTile</name>
         <load_address>0x3f5c</load_address>
         <run_address>0x3f5c</run_address>
         <size>0x38</size>
         <input_file_ref idref="fl-6"/>
      </object_component>
      <object_component id="oc-54b">
         <name>.text:Timer32_startTimer</name>
         <load_address>0x3f94</load_address>
         <run_address>0x3f94</run_address>
         <size>0x38</size>
         <input_file_ref idref="fl-25"/>
      </object_component>
      <object_component id="oc-52">
         <name>.text:_c_int00_noargs:_c_int00_noargs</name>
         <load_address>0x3fcc</load_address>
         <run_address>0x3fcc</run_address>
         <size>0x38</size>
         <input_file_ref idref="fl-e9"/>
      </object_component>
      <object_component id="oc-482">
         <name>.text:DrawLives</name>
         <load_address>0x4004</load_address>
         <run_address>0x4004</run_address>
         <size>0x36</size>
         <input_file_ref idref="fl-6"/>
      </object_component>
      <object_component id="oc-488">
         <name>.text:DrawScore</name>
         <load_address>0x403a</load_address>
         <run_address>0x403a</run_address>
         <size>0x36</size>
         <input_file_ref idref="fl-6"/>
      </object_component>
      <object_component id="oc-4af">
         <name>.text:DrawTileNumber</name>
         <load_address>0x4070</load_address>
         <run_address>0x4070</run_address>
         <size>0x36</size>
         <input_file_ref idref="fl-6"/>
      </object_component>
      <object_component id="oc-5b4">
         <name>.text:Graphics_drawHorizontalLineOnDisplay</name>
         <load_address>0x40a6</load_address>
         <run_address>0x40a6</run_address>
         <size>0x36</size>
         <input_file_ref idref="fl-1b"/>
      </object_component>
      <object_component id="oc-698">
         <name>.text:Graphics_drawVerticalLineOnDisplay</name>
         <load_address>0x40dc</load_address>
         <run_address>0x40dc</run_address>
         <size>0x36</size>
         <input_file_ref idref="fl-1b"/>
      </object_component>
      <object_component id="oc-379">
         <name>.text:ADC14_enableSampleTimer</name>
         <load_address>0x4114</load_address>
         <run_address>0x4114</run_address>
         <size>0x34</size>
         <input_file_ref idref="fl-21"/>
      </object_component>
      <object_component id="oc-4d9">
         <name>.text:EraseLives</name>
         <load_address>0x4148</load_address>
         <run_address>0x4148</run_address>
         <size>0x34</size>
         <input_file_ref idref="fl-6"/>
      </object_component>
      <object_component id="oc-4d3">
         <name>.text:EraseScore</name>
         <load_address>0x417c</load_address>
         <run_address>0x417c</run_address>
         <size>0x34</size>
         <input_file_ref idref="fl-6"/>
      </object_component>
      <object_component id="oc-4bd">
         <name>.text:EraseTileNumber</name>
         <load_address>0x41b0</load_address>
         <run_address>0x41b0</run_address>
         <size>0x34</size>
         <input_file_ref idref="fl-6"/>
      </object_component>
      <object_component id="oc-545">
         <name>.text:Timer32_setCount</name>
         <load_address>0x41e4</load_address>
         <run_address>0x41e4</run_address>
         <size>0x34</size>
         <input_file_ref idref="fl-25"/>
      </object_component>
      <object_component id="oc-5c1">
         <name>.text:GPIO_getInputPinValue</name>
         <load_address>0x4218</load_address>
         <run_address>0x4218</run_address>
         <size>0x30</size>
         <input_file_ref idref="fl-22"/>
      </object_component>
      <object_component id="oc-56f">
         <name>.text:HAL_LCD_PortInit</name>
         <load_address>0x4248</load_address>
         <run_address>0x4248</run_address>
         <size>0x30</size>
         <input_file_ref idref="fl-c"/>
      </object_component>
      <object_component id="oc-1ec">
         <name>.text:initJoyStick</name>
         <load_address>0x4278</load_address>
         <run_address>0x4278</run_address>
         <size>0x30</size>
         <input_file_ref idref="fl-2"/>
      </object_component>
      <object_component id="oc-297">
         <name>.text:DrawConstantGameGraphics</name>
         <load_address>0x42a8</load_address>
         <run_address>0x42a8</run_address>
         <size>0x2e</size>
         <input_file_ref idref="fl-6"/>
      </object_component>
      <object_component id="oc-393">
         <name>.text:ADC14_toggleConversionTrigger</name>
         <load_address>0x42d8</load_address>
         <run_address>0x42d8</run_address>
         <size>0x2c</size>
         <input_file_ref idref="fl-21"/>
      </object_component>
      <object_component id="oc-3e5">
         <name>.text:Crystalfontz128x128_ClearScreen</name>
         <load_address>0x4304</load_address>
         <run_address>0x4304</run_address>
         <size>0x2c</size>
         <input_file_ref idref="fl-b"/>
      </object_component>
      <object_component id="oc-2a9">
         <name>.text:DrawBoard</name>
         <load_address>0x4330</load_address>
         <run_address>0x4330</run_address>
         <size>0x2c</size>
         <input_file_ref idref="fl-6"/>
      </object_component>
      <object_component id="oc-410">
         <name>.text:Graphics_drawPixelOnDisplay</name>
         <load_address>0x435c</load_address>
         <run_address>0x435c</run_address>
         <size>0x2c</size>
         <input_file_ref idref="fl-1b"/>
      </object_component>
      <object_component id="oc-587">
         <name>.text:HAL_LCD_writeData</name>
         <load_address>0x4388</load_address>
         <run_address>0x4388</run_address>
         <size>0x2c</size>
         <input_file_ref idref="fl-c"/>
      </object_component>
      <object_component id="oc-43f">
         <name>.text:make_2digit_NumString</name>
         <load_address>0x43b4</load_address>
         <run_address>0x43b4</run_address>
         <size>0x2c</size>
         <input_file_ref idref="fl-6"/>
      </object_component>
      <object_component id="oc-38d">
         <name>.text:ADC14_enableConversion</name>
         <load_address>0x43e0</load_address>
         <run_address>0x43e0</run_address>
         <size>0x28</size>
         <input_file_ref idref="fl-21"/>
      </object_component>
      <object_component id="oc-3d9">
         <name>.text:Crystalfontz128x128_ColorTranslate</name>
         <load_address>0x4408</load_address>
         <run_address>0x4408</run_address>
         <size>0x28</size>
         <input_file_ref idref="fl-b"/>
      </object_component>
      <object_component id="oc-57b">
         <name>.text:GPIO_setOutputHighOnPin</name>
         <load_address>0x4430</load_address>
         <run_address>0x4430</run_address>
         <size>0x28</size>
         <input_file_ref idref="fl-22"/>
      </object_component>
      <object_component id="oc-341">
         <name>.text:GPIO_setOutputLowOnPin</name>
         <load_address>0x4458</load_address>
         <run_address>0x4458</run_address>
         <size>0x28</size>
         <input_file_ref idref="fl-22"/>
      </object_component>
      <object_component id="oc-228">
         <name>.text:WaitCycles</name>
         <load_address>0x4480</load_address>
         <run_address>0x4480</run_address>
         <size>0x26</size>
         <input_file_ref idref="fl-4"/>
      </object_component>
      <object_component id="oc-168">
         <name>.text:WDT_A_holdTimer</name>
         <load_address>0x44a8</load_address>
         <run_address>0x44a8</run_address>
         <size>0x24</size>
         <input_file_ref idref="fl-27"/>
      </object_component>
      <object_component id="oc-1e6">
         <name>.text:initADC</name>
         <load_address>0x44cc</load_address>
         <run_address>0x44cc</run_address>
         <size>0x24</size>
         <input_file_ref idref="fl-2"/>
      </object_component>
      <object_component id="oc-48f">
         <name>.text:random_1or0</name>
         <load_address>0x44f0</load_address>
         <run_address>0x44f0</run_address>
         <size>0x22</size>
         <input_file_ref idref="fl-7"/>
      </object_component>
      <object_component id="oc-6a9">
         <name>.text</name>
         <load_address>0x4512</load_address>
         <run_address>0x4512</run_address>
         <size>0x20</size>
         <input_file_ref idref="fl-e5"/>
      </object_component>
      <object_component id="oc-2be">
         <name>.text:DrawTileInfo</name>
         <load_address>0x4532</load_address>
         <run_address>0x4532</run_address>
         <size>0x1e</size>
         <input_file_ref idref="fl-6"/>
      </object_component>
      <object_component id="oc-2ca">
         <name>.text:EraseTileInfo</name>
         <load_address>0x4550</load_address>
         <run_address>0x4550</run_address>
         <size>0x1e</size>
         <input_file_ref idref="fl-6"/>
      </object_component>
      <object_component id="oc-60d">
         <name>.text:Graphics_fillRectangleOnDisplay</name>
         <load_address>0x456e</load_address>
         <run_address>0x456e</run_address>
         <size>0x1e</size>
         <input_file_ref idref="fl-1b"/>
      </object_component>
      <object_component id="oc-e3">
         <name>.text:InitOneShotSWTimer</name>
         <load_address>0x458c</load_address>
         <run_address>0x458c</run_address>
         <size>0x1e</size>
         <input_file_ref idref="fl-4"/>
      </object_component>
      <object_component id="oc-e9">
         <name>.text:StartOneShotSWTimer</name>
         <load_address>0x45aa</load_address>
         <run_address>0x45aa</run_address>
         <size>0x1e</size>
         <input_file_ref idref="fl-4"/>
      </object_component>
      <object_component id="oc-5c8">
         <name>.text:ADC14_getResult</name>
         <load_address>0x45c8</load_address>
         <run_address>0x45c8</run_address>
         <size>0x1c</size>
         <input_file_ref idref="fl-21"/>
      </object_component>
      <object_component id="oc-249">
         <name>.text:InitSongList_Bonk</name>
         <load_address>0x45e4</load_address>
         <run_address>0x45e4</run_address>
         <size>0x1c</size>
         <input_file_ref idref="fl-8"/>
      </object_component>
      <object_component id="oc-67d">
         <name>.text:SPI_enableModule</name>
         <load_address>0x4600</load_address>
         <run_address>0x4600</run_address>
         <size>0x1c</size>
         <input_file_ref idref="fl-24"/>
      </object_component>
      <object_component id="oc-70">
         <name>.text:T32_INT1_IRQHandler</name>
         <load_address>0x461c</load_address>
         <run_address>0x461c</run_address>
         <size>0x1c</size>
         <input_file_ref idref="fl-4"/>
      </object_component>
      <object_component id="oc-2c4">
         <name>.text:UnHighlightTile</name>
         <load_address>0x4638</load_address>
         <run_address>0x4638</run_address>
         <size>0x1c</size>
         <input_file_ref idref="fl-7"/>
      </object_component>
      <object_component id="oc-423">
         <name>.text:getSampleJoyStick</name>
         <load_address>0x4654</load_address>
         <run_address>0x4654</run_address>
         <size>0x1c</size>
         <input_file_ref idref="fl-2"/>
      </object_component>
      <object_component id="oc-29d">
         <name>.text:DrawScoreAndLives</name>
         <load_address>0x4670</load_address>
         <run_address>0x4670</run_address>
         <size>0x1a</size>
         <input_file_ref idref="fl-6"/>
      </object_component>
      <object_component id="oc-2da">
         <name>.text:EraseScoreAndLives</name>
         <load_address>0x468a</load_address>
         <run_address>0x468a</run_address>
         <size>0x1a</size>
         <input_file_ref idref="fl-6"/>
      </object_component>
      <object_component id="oc-3b2">
         <name>.text:Graphics_clearDisplayOnDisplay</name>
         <load_address>0x46a4</load_address>
         <run_address>0x46a4</run_address>
         <size>0x1a</size>
         <input_file_ref idref="fl-1b"/>
      </object_component>
      <object_component id="oc-205">
         <name>.text:Graphics_setBackgroundColor</name>
         <load_address>0x46be</load_address>
         <run_address>0x46be</run_address>
         <size>0x1a</size>
         <input_file_ref idref="fl-1a"/>
      </object_component>
      <object_component id="oc-20b">
         <name>.text:Graphics_setFont</name>
         <load_address>0x46d8</load_address>
         <run_address>0x46d8</run_address>
         <size>0x1a</size>
         <input_file_ref idref="fl-1a"/>
      </object_component>
      <object_component id="oc-243">
         <name>.text</name>
         <load_address>0x46f2</load_address>
         <run_address>0x46f2</run_address>
         <size>0x18</size>
         <input_file_ref idref="fl-e3"/>
      </object_component>
      <object_component id="oc-6e2">
         <name>.text:EUSCI_A_SPI_enable</name>
         <load_address>0x470a</load_address>
         <run_address>0x470a</run_address>
         <size>0x16</size>
         <input_file_ref idref="fl-24"/>
      </object_component>
      <object_component id="oc-6e8">
         <name>.text:EUSCI_B_SPI_enable</name>
         <load_address>0x4720</load_address>
         <run_address>0x4720</run_address>
         <size>0x16</size>
         <input_file_ref idref="fl-24"/>
      </object_component>
      <object_component id="oc-1ff">
         <name>.text:Graphics_setForegroundColor</name>
         <load_address>0x4736</load_address>
         <run_address>0x4736</run_address>
         <size>0x16</size>
         <input_file_ref idref="fl-1a"/>
      </object_component>
      <object_component id="oc-39c">
         <name>.text:Graphics_translateColorOnDisplay</name>
         <load_address>0x474c</load_address>
         <run_address>0x474c</run_address>
         <size>0x16</size>
         <input_file_ref idref="fl-1b"/>
      </object_component>
      <object_component id="oc-b6">
         <name>.text:Timer32_clearInterruptFlag</name>
         <load_address>0x4762</load_address>
         <run_address>0x4762</run_address>
         <size>0x14</size>
         <input_file_ref idref="fl-25"/>
      </object_component>
      <object_component id="oc-629">
         <name>.text:Timer_A_stopTimer</name>
         <load_address>0x4776</load_address>
         <run_address>0x4776</run_address>
         <size>0x14</size>
         <input_file_ref idref="fl-26"/>
      </object_component>
      <object_component id="oc-217">
         <name>.text:Graphics_clearDisplay</name>
         <load_address>0x478a</load_address>
         <run_address>0x478a</run_address>
         <size>0x12</size>
         <input_file_ref idref="fl-1a"/>
      </object_component>
      <object_component id="oc-554">
         <name>.text:ADCIsConversionRunning</name>
         <load_address>0x479c</load_address>
         <run_address>0x479c</run_address>
         <size>0x10</size>
         <input_file_ref idref="fl-21"/>
      </object_component>
      <object_component id="oc-211">
         <name>.text:InitFonts</name>
         <load_address>0x47ac</load_address>
         <run_address>0x47ac</run_address>
         <size>0xe</size>
         <input_file_ref idref="fl-6"/>
      </object_component>
      <object_component id="oc-1e0">
         <name>.text:InitSound</name>
         <load_address>0x47ba</load_address>
         <run_address>0x47ba</run_address>
         <size>0xe</size>
         <input_file_ref idref="fl-9"/>
      </object_component>
      <object_component id="oc-22f">
         <name>.text:Timer32_getValue</name>
         <load_address>0x47c8</load_address>
         <run_address>0x47c8</run_address>
         <size>0xe</size>
         <input_file_ref idref="fl-25"/>
      </object_component>
      <object_component id="oc-1a">
         <name>.text:decompress:none:__TI_decompress_none</name>
         <load_address>0x47d6</load_address>
         <run_address>0x47d6</run_address>
         <size>0xe</size>
         <input_file_ref idref="fl-e7"/>
      </object_component>
      <object_component id="oc-367">
         <name>.text:ADC14_enableModule</name>
         <load_address>0x47e4</load_address>
         <run_address>0x47e4</run_address>
         <size>0xc</size>
         <input_file_ref idref="fl-21"/>
      </object_component>
      <object_component id="oc-236">
         <name>.text:LCDClearDisplay</name>
         <load_address>0x47f0</load_address>
         <run_address>0x47f0</run_address>
         <size>0xc</size>
         <input_file_ref idref="fl-6"/>
      </object_component>
      <object_component id="oc-64">
         <name>.text:Reset_Handler</name>
         <load_address>0x47fc</load_address>
         <run_address>0x47fc</run_address>
         <size>0xc</size>
         <input_file_ref idref="fl-d"/>
      </object_component>
      <object_component id="oc-46">
         <name>.text:decompress:ZI:__TI_zero_init</name>
         <load_address>0x4808</load_address>
         <run_address>0x4808</run_address>
         <size>0xc</size>
         <input_file_ref idref="fl-e6"/>
      </object_component>
      <object_component id="oc-1c8">
         <name>.text:initialize_BoosterpackBottomButton</name>
         <load_address>0x4814</load_address>
         <run_address>0x4814</run_address>
         <size>0xc</size>
         <input_file_ref idref="fl-3"/>
      </object_component>
      <object_component id="oc-17a">
         <name>.text:initialize_BoosterpackLED_blue</name>
         <load_address>0x4820</load_address>
         <run_address>0x4820</run_address>
         <size>0xc</size>
         <input_file_ref idref="fl-3"/>
      </object_component>
      <object_component id="oc-174">
         <name>.text:initialize_BoosterpackLED_green</name>
         <load_address>0x482c</load_address>
         <run_address>0x482c</run_address>
         <size>0xc</size>
         <input_file_ref idref="fl-3"/>
      </object_component>
      <object_component id="oc-16e">
         <name>.text:initialize_BoosterpackLED_red</name>
         <load_address>0x4838</load_address>
         <run_address>0x4838</run_address>
         <size>0xc</size>
         <input_file_ref idref="fl-3"/>
      </object_component>
      <object_component id="oc-1c2">
         <name>.text:initialize_BoosterpackTopButton</name>
         <load_address>0x4844</load_address>
         <run_address>0x4844</run_address>
         <size>0xc</size>
         <input_file_ref idref="fl-3"/>
      </object_component>
      <object_component id="oc-1ce">
         <name>.text:initialize_JoystickButton</name>
         <load_address>0x4850</load_address>
         <run_address>0x4850</run_address>
         <size>0xc</size>
         <input_file_ref idref="fl-3"/>
      </object_component>
      <object_component id="oc-180">
         <name>.text:initialize_LaunchpadLED1</name>
         <load_address>0x485c</load_address>
         <run_address>0x485c</run_address>
         <size>0xc</size>
         <input_file_ref idref="fl-3"/>
      </object_component>
      <object_component id="oc-18c">
         <name>.text:initialize_LaunchpadLED2_blue</name>
         <load_address>0x4868</load_address>
         <run_address>0x4868</run_address>
         <size>0xc</size>
         <input_file_ref idref="fl-3"/>
      </object_component>
      <object_component id="oc-192">
         <name>.text:initialize_LaunchpadLED2_green</name>
         <load_address>0x4874</load_address>
         <run_address>0x4874</run_address>
         <size>0xc</size>
         <input_file_ref idref="fl-3"/>
      </object_component>
      <object_component id="oc-186">
         <name>.text:initialize_LaunchpadLED2_red</name>
         <load_address>0x4880</load_address>
         <run_address>0x4880</run_address>
         <size>0xc</size>
         <input_file_ref idref="fl-3"/>
      </object_component>
      <object_component id="oc-1f2">
         <name>.text:startADC</name>
         <load_address>0x488c</load_address>
         <run_address>0x488c</run_address>
         <size>0xc</size>
         <input_file_ref idref="fl-2"/>
      </object_component>
      <object_component id="oc-1a4">
         <name>.text:turnOff_BoosterpackLED_blue</name>
         <load_address>0x4898</load_address>
         <run_address>0x4898</run_address>
         <size>0xc</size>
         <input_file_ref idref="fl-3"/>
      </object_component>
      <object_component id="oc-19e">
         <name>.text:turnOff_BoosterpackLED_green</name>
         <load_address>0x48a4</load_address>
         <run_address>0x48a4</run_address>
         <size>0xc</size>
         <input_file_ref idref="fl-3"/>
      </object_component>
      <object_component id="oc-198">
         <name>.text:turnOff_BoosterpackLED_red</name>
         <load_address>0x48b0</load_address>
         <run_address>0x48b0</run_address>
         <size>0xc</size>
         <input_file_ref idref="fl-3"/>
      </object_component>
      <object_component id="oc-1aa">
         <name>.text:turnOff_LaunchpadLED1</name>
         <load_address>0x48bc</load_address>
         <run_address>0x48bc</run_address>
         <size>0xc</size>
         <input_file_ref idref="fl-3"/>
      </object_component>
      <object_component id="oc-1b6">
         <name>.text:turnOff_LaunchpadLED2_blue</name>
         <load_address>0x48c8</load_address>
         <run_address>0x48c8</run_address>
         <size>0xc</size>
         <input_file_ref idref="fl-3"/>
      </object_component>
      <object_component id="oc-1bc">
         <name>.text:turnOff_LaunchpadLED2_green</name>
         <load_address>0x48d4</load_address>
         <run_address>0x48d4</run_address>
         <size>0xc</size>
         <input_file_ref idref="fl-3"/>
      </object_component>
      <object_component id="oc-1b0">
         <name>.text:turnOff_LaunchpadLED2_red</name>
         <load_address>0x48e0</load_address>
         <run_address>0x48e0</run_address>
         <size>0xc</size>
         <input_file_ref idref="fl-3"/>
      </object_component>
      <object_component id="oc-3df">
         <name>.text:Crystalfontz128x128_Flush</name>
         <load_address>0x48ec</load_address>
         <run_address>0x48ec</run_address>
         <size>0xa</size>
         <input_file_ref idref="fl-b"/>
      </object_component>
      <object_component id="oc-96">
         <name>.text:_system_pre_init</name>
         <load_address>0x48f6</load_address>
         <run_address>0x48f6</run_address>
         <size>0x4</size>
         <input_file_ref idref="fl-ee"/>
      </object_component>
      <object_component id="oc-111">
         <name>.text:abort:abort</name>
         <load_address>0x48fa</load_address>
         <run_address>0x48fa</run_address>
         <size>0x4</size>
         <input_file_ref idref="fl-ea"/>
      </object_component>
      <object_component id="oc-649">
         <name>.const:.string:pixel_gameover1BPP_UNCOMP</name>
         <load_address>0x4900</load_address>
         <run_address>0x4900</run_address>
         <size>0x600</size>
         <input_file_ref idref="fl-5"/>
      </object_component>
      <object_component id="oc-3ef">
         <name>.const:.string:g_pucCmss12Data</name>
         <load_address>0x4f00</load_address>
         <run_address>0x4f00</run_address>
         <size>0x514</size>
         <input_file_ref idref="fl-1c"/>
      </object_component>
      <object_component id="oc-6bd">
         <name>.const:$P$T0$1</name>
         <load_address>0x5418</load_address>
         <run_address>0x5418</run_address>
         <size>0x188</size>
         <input_file_ref idref="fl-9"/>
      </object_component>
      <object_component id="oc-223">
         <name>.const:g_sFontCmss12</name>
         <load_address>0x55a0</load_address>
         <run_address>0x55a0</run_address>
         <size>0xc8</size>
         <input_file_ref idref="fl-1c"/>
      </object_component>
      <object_component id="oc-561">
         <name>.const:_ctlRegs</name>
         <load_address>0x5668</load_address>
         <run_address>0x5668</run_address>
         <size>0x80</size>
         <input_file_ref idref="fl-21"/>
      </object_component>
      <object_component id="oc-533">
         <name>.const:GPIO_PORT_TO_BASE</name>
         <load_address>0x56e8</load_address>
         <run_address>0x56e8</run_address>
         <size>0x30</size>
         <input_file_ref idref="fl-22"/>
      </object_component>
      <object_component id="oc-220">
         <name>.const:g_sCrystalfontz128x128_funcs</name>
         <load_address>0x5718</load_address>
         <run_address>0x5718</run_address>
         <size>0x20</size>
         <input_file_ref idref="fl-b"/>
      </object_component>
      <object_component id="oc-683">
         <name>.const:$P$T0$1</name>
         <load_address>0x5738</load_address>
         <run_address>0x5738</run_address>
         <size>0x1c</size>
         <input_file_ref idref="fl-c"/>
      </object_component>
      <object_component id="oc-46e">
         <name>.const:.string:$P$T19$20</name>
         <load_address>0x5754</load_address>
         <run_address>0x5754</run_address>
         <size>0x1c</size>
         <input_file_ref idref="fl-6"/>
      </object_component>
      <object_component id="oc-462">
         <name>.const:.string:$P$T15$16</name>
         <load_address>0x5770</load_address>
         <run_address>0x5770</run_address>
         <size>0x19</size>
         <input_file_ref idref="fl-6"/>
      </object_component>
      <object_component id="oc-44c">
         <name>.const:.string:$P$T8$9</name>
         <load_address>0x5789</load_address>
         <run_address>0x5789</run_address>
         <size>0x19</size>
         <input_file_ref idref="fl-6"/>
      </object_component>
      <object_component id="oc-46b">
         <name>.const:.string:$P$T18$19</name>
         <load_address>0x57a2</load_address>
         <run_address>0x57a2</run_address>
         <size>0x18</size>
         <input_file_ref idref="fl-6"/>
      </object_component>
      <object_component id="oc-449">
         <name>.const:.string:$P$T7$8</name>
         <load_address>0x57ba</load_address>
         <run_address>0x57ba</run_address>
         <size>0x18</size>
         <input_file_ref idref="fl-6"/>
      </object_component>
      <object_component id="oc-455">
         <name>.const:.string:$P$T11$12</name>
         <load_address>0x57d2</load_address>
         <run_address>0x57d2</run_address>
         <size>0x17</size>
         <input_file_ref idref="fl-6"/>
      </object_component>
      <object_component id="oc-45b">
         <name>.const:.string:$P$T13$14</name>
         <load_address>0x57e9</load_address>
         <run_address>0x57e9</run_address>
         <size>0x17</size>
         <input_file_ref idref="fl-6"/>
      </object_component>
      <object_component id="oc-452">
         <name>.const:.string:$P$T10$11</name>
         <load_address>0x5800</load_address>
         <run_address>0x5800</run_address>
         <size>0x16</size>
         <input_file_ref idref="fl-6"/>
      </object_component>
      <object_component id="oc-465">
         <name>.const:.string:$P$T16$17</name>
         <load_address>0x5816</load_address>
         <run_address>0x5816</run_address>
         <size>0x15</size>
         <input_file_ref idref="fl-6"/>
      </object_component>
      <object_component id="oc-474">
         <name>.const:.string:$P$T21$22</name>
         <load_address>0x582b</load_address>
         <run_address>0x582b</run_address>
         <size>0x15</size>
         <input_file_ref idref="fl-6"/>
      </object_component>
      <object_component id="oc-477">
         <name>.const:.string:$P$T22$23</name>
         <load_address>0x5840</load_address>
         <run_address>0x5840</run_address>
         <size>0x15</size>
         <input_file_ref idref="fl-6"/>
      </object_component>
      <object_component id="oc-468">
         <name>.const:.string:$P$T17$18</name>
         <load_address>0x5855</load_address>
         <run_address>0x5855</run_address>
         <size>0x11</size>
         <input_file_ref idref="fl-6"/>
      </object_component>
      <object_component id="oc-471">
         <name>.const:.string:$P$T20$21</name>
         <load_address>0x5866</load_address>
         <run_address>0x5866</run_address>
         <size>0x11</size>
         <input_file_ref idref="fl-6"/>
      </object_component>
      <object_component id="oc-44f">
         <name>.const:.string:$P$T9$10</name>
         <load_address>0x5877</load_address>
         <run_address>0x5877</run_address>
         <size>0x11</size>
         <input_file_ref idref="fl-6"/>
      </object_component>
      <object_component id="oc-500">
         <name>.const:gameover1BPP_UNCOMP</name>
         <load_address>0x5888</load_address>
         <run_address>0x5888</run_address>
         <size>0x10</size>
         <input_file_ref idref="fl-5"/>
      </object_component>
      <object_component id="oc-436">
         <name>.const:.string:$P$T1$2</name>
         <load_address>0x5898</load_address>
         <run_address>0x5898</run_address>
         <size>0xc</size>
         <input_file_ref idref="fl-6"/>
      </object_component>
      <object_component id="oc-45f">
         <name>.const:.string:$P$T14$15</name>
         <load_address>0x58a4</load_address>
         <run_address>0x58a4</run_address>
         <size>0xc</size>
         <input_file_ref idref="fl-6"/>
      </object_component>
      <object_component id="oc-439">
         <name>.const:.string:$P$T2$3</name>
         <load_address>0x58b0</load_address>
         <run_address>0x58b0</run_address>
         <size>0xc</size>
         <input_file_ref idref="fl-6"/>
      </object_component>
      <object_component id="oc-446">
         <name>.const:.string:$P$T6$7</name>
         <load_address>0x58bc</load_address>
         <run_address>0x58bc</run_address>
         <size>0xc</size>
         <input_file_ref idref="fl-6"/>
      </object_component>
      <object_component id="oc-503">
         <name>.const:.string:$P$T23$24</name>
         <load_address>0x58c8</load_address>
         <run_address>0x58c8</run_address>
         <size>0xa</size>
         <input_file_ref idref="fl-6"/>
      </object_component>
      <object_component id="oc-458">
         <name>.const:.string:$P$T12$13</name>
         <load_address>0x58d2</load_address>
         <run_address>0x58d2</run_address>
         <size>0x9</size>
         <input_file_ref idref="fl-6"/>
      </object_component>
      <object_component id="oc-5a4">
         <name>.const:$P$T0$1</name>
         <load_address>0x58dc</load_address>
         <run_address>0x58dc</run_address>
         <size>0x8</size>
         <input_file_ref idref="fl-b"/>
      </object_component>
      <object_component id="oc-663">
         <name>.const:g_pulEnRegs</name>
         <load_address>0x58e4</load_address>
         <run_address>0x58e4</run_address>
         <size>0x8</size>
         <input_file_ref idref="fl-23"/>
      </object_component>
      <object_component id="oc-646">
         <name>.const:palette_gameover1BPP_UNCOMP</name>
         <load_address>0x58ec</load_address>
         <run_address>0x58ec</run_address>
         <size>0x8</size>
         <input_file_ref idref="fl-5"/>
      </object_component>
      <object_component id="oc-433">
         <name>.const:.string:$P$T0$1</name>
         <load_address>0x58f4</load_address>
         <run_address>0x58f4</run_address>
         <size>0x5</size>
         <input_file_ref idref="fl-6"/>
      </object_component>
      <object_component id="oc-739">
         <name>.cinit..data.load</name>
         <load_address>0x5900</load_address>
         <run_address>0x5900</run_address>
         <size>0xaa</size>
      </object_component>
      <object_component id="oc-737">
         <name>__TI_handler_table</name>
         <load_address>0x59ac</load_address>
         <run_address>0x59ac</run_address>
         <size>0xc</size>
      </object_component>
      <object_component id="oc-73a">
         <name>.cinit..bss.load</name>
         <load_address>0x59b8</load_address>
         <run_address>0x59b8</run_address>
         <size>0x8</size>
      </object_component>
      <object_component id="oc-738">
         <name>__TI_cinit_table</name>
         <load_address>0x59c0</load_address>
         <run_address>0x59c0</run_address>
         <size>0x10</size>
      </object_component>
      <object_component id="oc-70c">
         <name>.binit</name>
         <load_address>0x0</load_address>
         <run_address>0x0</run_address>
         <size>0x0</size>
      </object_component>
      <object_component id="oc-4a8">
         <name>.data:tile</name>
         <load_address>0x200004cc</load_address>
         <run_address>0x200004cc</run_address>
         <size>0x80</size>
         <input_file_ref idref="fl-6"/>
      </object_component>
      <object_component id="oc-4ab">
         <name>.data:intHighlight</name>
         <load_address>0x2000044c</load_address>
         <run_address>0x2000044c</run_address>
         <size>0x80</size>
         <input_file_ref idref="fl-6"/>
      </object_component>
      <object_component id="oc-2d0">
         <name>.data</name>
         <load_address>0x200005a0</load_address>
         <run_address>0x200005a0</run_address>
         <size>0x19</size>
         <input_file_ref idref="fl-7"/>
      </object_component>
      <object_component id="oc-2af">
         <name>.data:Joystick_Button</name>
         <load_address>0x20000584</load_address>
         <run_address>0x20000584</run_address>
         <size>0x1c</size>
         <input_file_ref idref="fl-7"/>
      </object_component>
      <object_component id="oc-2b2">
         <name>.data:Boosterpack_S1</name>
         <load_address>0x2000054c</load_address>
         <run_address>0x2000054c</run_address>
         <size>0x1c</size>
         <input_file_ref idref="fl-7"/>
      </object_component>
      <object_component id="oc-2b5">
         <name>.data:Boosterpack_S2</name>
         <load_address>0x20000568</load_address>
         <run_address>0x20000568</run_address>
         <size>0x1c</size>
         <input_file_ref idref="fl-7"/>
      </object_component>
      <object_component id="oc-2e0">
         <name>.data:checkSet</name>
         <load_address>0x200005b9</load_address>
         <run_address>0x200005b9</run_address>
         <size>0x10</size>
         <input_file_ref idref="fl-7"/>
      </object_component>
      <object_component id="oc-2e3">
         <name>.data:playSet</name>
         <load_address>0x200005dc</load_address>
         <run_address>0x200005dc</run_address>
         <size>0x10</size>
         <input_file_ref idref="fl-7"/>
      </object_component>
      <object_component id="oc-2d3">
         <name>.data:highScores$1</name>
         <load_address>0x200005ec</load_address>
         <run_address>0x200005ec</run_address>
         <size>0xc</size>
         <input_file_ref idref="fl-7"/>
      </object_component>
      <object_component id="oc-4f2">
         <name>.data</name>
         <load_address>0x200005f8</load_address>
         <run_address>0x200005f8</run_address>
         <size>0x5</size>
         <input_file_ref idref="fl-8"/>
      </object_component>
      <object_component id="oc-62f">
         <name>.data</name>
         <load_address>0x200005c9</load_address>
         <run_address>0x200005c9</run_address>
         <size>0x1</size>
         <input_file_ref idref="fl-9"/>
      </object_component>
      <object_component id="oc-21d">
         <name>.data:g_sCrystalfontz128x128</name>
         <load_address>0x200005cc</load_address>
         <run_address>0x200005cc</run_address>
         <size>0x10</size>
         <input_file_ref idref="fl-b"/>
      </object_component>
      <object_component id="oc-630">
         <name>.bss:noteLength$2</name>
         <uninitialized>true</uninitialized>
         <run_address>0x20000430</run_address>
         <size>0x10</size>
         <input_file_ref idref="fl-9"/>
      </object_component>
      <object_component id="oc-6ca">
         <name>.bss:g_pulConvertedPalette</name>
         <uninitialized>true</uninitialized>
         <run_address>0x20000000</run_address>
         <size>0x400</size>
         <input_file_ref idref="fl-1d"/>
      </object_component>
      <object_component id="oc-bc">
         <name>.common:timer0</name>
         <uninitialized>true</uninitialized>
         <run_address>0x20000400</run_address>
         <size>0x18</size>
      </object_component>
      <object_component id="oc-35e">
         <name>.common:timer1</name>
         <uninitialized>true</uninitialized>
         <run_address>0x20000418</run_address>
         <size>0x18</size>
      </object_component>
      <object_component id="oc-59a">
         <name>.common:Lcd_Orientation</name>
         <uninitialized>true</uninitialized>
         <run_address>0x20000448</run_address>
         <size>0x1</size>
      </object_component>
      <object_component id="oc-593">
         <name>.common:Lcd_ScreenWidth</name>
         <uninitialized>true</uninitialized>
         <run_address>0x20000442</run_address>
         <size>0x2</size>
      </object_component>
      <object_component id="oc-594">
         <name>.common:Lcd_ScreenHeigth</name>
         <uninitialized>true</uninitialized>
         <run_address>0x20000440</run_address>
         <size>0x2</size>
      </object_component>
      <object_component id="oc-595">
         <name>.common:Lcd_PenSolid</name>
         <uninitialized>true</uninitialized>
         <run_address>0x20000449</run_address>
         <size>0x1</size>
      </object_component>
      <object_component id="oc-596">
         <name>.common:Lcd_FontSolid</name>
         <uninitialized>true</uninitialized>
         <run_address>0x20000447</run_address>
         <size>0x1</size>
      </object_component>
      <object_component id="oc-597">
         <name>.common:Lcd_FlagRead</name>
         <uninitialized>true</uninitialized>
         <run_address>0x20000446</run_address>
         <size>0x1</size>
      </object_component>
      <object_component id="oc-598">
         <name>.common:Lcd_TouchTrim</name>
         <uninitialized>true</uninitialized>
         <run_address>0x20000444</run_address>
         <size>0x2</size>
      </object_component>
      <object_component id="oc-26">
         <name>.stack</name>
         <uninitialized>true</uninitialized>
         <run_address>0x2000fe00</run_address>
         <size>0x4</size>
         <input_file_ref idref="fl-e9"/>
      </object_component>
      <object_component id="oc-73b">
         <name>.stack</name>
         <uninitialized>true</uninitialized>
         <run_address>0x2000fe00</run_address>
         <size>0x0</size>
      </object_component>
      <object_component id="oc-167">
         <name>.debug_info</name>
         <load_address>0x0</load_address>
         <run_address>0x0</run_address>
         <size>0x7e4</size>
         <input_file_ref idref="fl-2"/>
      </object_component>
      <object_component id="oc-1e7">
         <name>.debug_info</name>
         <load_address>0x7e4</load_address>
         <run_address>0x7e4</run_address>
         <size>0x17c</size>
         <input_file_ref idref="fl-2"/>
      </object_component>
      <object_component id="oc-1f3">
         <name>.debug_info</name>
         <load_address>0x960</load_address>
         <run_address>0x960</run_address>
         <size>0x14a</size>
         <input_file_ref idref="fl-2"/>
      </object_component>
      <object_component id="oc-1ed">
         <name>.debug_info</name>
         <load_address>0xaaa</load_address>
         <run_address>0xaaa</run_address>
         <size>0x1bf</size>
         <input_file_ref idref="fl-2"/>
      </object_component>
      <object_component id="oc-424">
         <name>.debug_info</name>
         <load_address>0xc69</load_address>
         <run_address>0xc69</run_address>
         <size>0x175</size>
         <input_file_ref idref="fl-2"/>
      </object_component>
      <object_component id="oc-c2">
         <name>.debug_info</name>
         <load_address>0xdde</load_address>
         <run_address>0xdde</run_address>
         <size>0x26b</size>
         <input_file_ref idref="fl-2"/>
      </object_component>
      <object_component id="oc-15d">
         <name>.debug_info</name>
         <load_address>0x1049</load_address>
         <run_address>0x1049</run_address>
         <size>0x1055</size>
         <input_file_ref idref="fl-2"/>
      </object_component>
      <object_component id="oc-158">
         <name>.debug_info</name>
         <load_address>0x209e</load_address>
         <run_address>0x209e</run_address>
         <size>0x37e2</size>
         <input_file_ref idref="fl-2"/>
      </object_component>
      <object_component id="oc-632">
         <name>.debug_info</name>
         <load_address>0x5880</load_address>
         <run_address>0x5880</run_address>
         <size>0x341</size>
         <input_file_ref idref="fl-2"/>
      </object_component>
      <object_component id="oc-102">
         <name>.debug_info</name>
         <load_address>0x5bc1</load_address>
         <run_address>0x5bc1</run_address>
         <size>0x8b</size>
         <input_file_ref idref="fl-2"/>
      </object_component>
      <object_component id="oc-162">
         <name>.debug_info</name>
         <load_address>0x5c4c</load_address>
         <run_address>0x5c4c</run_address>
         <size>0x297</size>
         <input_file_ref idref="fl-2"/>
      </object_component>
      <object_component id="oc-32e">
         <name>.debug_info</name>
         <load_address>0x5ee3</load_address>
         <run_address>0x5ee3</run_address>
         <size>0xef</size>
         <input_file_ref idref="fl-2"/>
      </object_component>
      <object_component id="oc-151">
         <name>.debug_info</name>
         <load_address>0x5fd2</load_address>
         <run_address>0x5fd2</run_address>
         <size>0xbb</size>
         <input_file_ref idref="fl-2"/>
      </object_component>
      <object_component id="oc-687">
         <name>.debug_info</name>
         <load_address>0x608d</load_address>
         <run_address>0x608d</run_address>
         <size>0x131</size>
         <input_file_ref idref="fl-2"/>
      </object_component>
      <object_component id="oc-30b">
         <name>.debug_info</name>
         <load_address>0x61be</load_address>
         <run_address>0x61be</run_address>
         <size>0x7af</size>
         <input_file_ref idref="fl-3"/>
      </object_component>
      <object_component id="oc-181">
         <name>.debug_info</name>
         <load_address>0x696d</load_address>
         <run_address>0x696d</run_address>
         <size>0x148</size>
         <input_file_ref idref="fl-3"/>
      </object_component>
      <object_component id="oc-187">
         <name>.debug_info</name>
         <load_address>0x6ab5</load_address>
         <run_address>0x6ab5</run_address>
         <size>0x150</size>
         <input_file_ref idref="fl-3"/>
      </object_component>
      <object_component id="oc-193">
         <name>.debug_info</name>
         <load_address>0x6c05</load_address>
         <run_address>0x6c05</run_address>
         <size>0x154</size>
         <input_file_ref idref="fl-3"/>
      </object_component>
      <object_component id="oc-18d">
         <name>.debug_info</name>
         <load_address>0x6d59</load_address>
         <run_address>0x6d59</run_address>
         <size>0x152</size>
         <input_file_ref idref="fl-3"/>
      </object_component>
      <object_component id="oc-16f">
         <name>.debug_info</name>
         <load_address>0x6eab</load_address>
         <run_address>0x6eab</run_address>
         <size>0x152</size>
         <input_file_ref idref="fl-3"/>
      </object_component>
      <object_component id="oc-175">
         <name>.debug_info</name>
         <load_address>0x6ffd</load_address>
         <run_address>0x6ffd</run_address>
         <size>0x156</size>
         <input_file_ref idref="fl-3"/>
      </object_component>
      <object_component id="oc-17b">
         <name>.debug_info</name>
         <load_address>0x7153</load_address>
         <run_address>0x7153</run_address>
         <size>0x154</size>
         <input_file_ref idref="fl-3"/>
      </object_component>
      <object_component id="oc-1ab">
         <name>.debug_info</name>
         <load_address>0x72a7</load_address>
         <run_address>0x72a7</run_address>
         <size>0x145</size>
         <input_file_ref idref="fl-3"/>
      </object_component>
      <object_component id="oc-1b1">
[...]
         <name>Crystalfontz128x128_Init</name>
         <value>0x1e45</value>
         <object_component_ref idref="oc-3a5"/>
      </symbol>
      <symbol id="sm-6b5">
         <name>HAL_LCD_writeData</name>
         <value>0x4389</value>
         <object_component_ref idref="oc-587"/>
      </symbol>
      <symbol id="sm-6b6">
         <name>HAL_LCD_SpiInit</name>
         <value>0x3d71</value>
         <object_component_ref idref="oc-575"/>
      </symbol>
      <symbol id="sm-6b7">
         <name>HAL_LCD_PortInit</name>
         <value>0x4249</value>
         <object_component_ref idref="oc-56f"/>
      </symbol>
      <symbol id="sm-6b8">
         <name>HAL_LCD_writeCommand</name>
         <value>0x3f25</value>
         <object_component_ref idref="oc-581"/>
      </symbol>
      <symbol id="sm-6d4">
         <name>Reset_Handler</name>
         <value>0x47fd</value>
         <object_component_ref idref="oc-64"/>
      </symbol>
      <symbol id="sm-6d5">
         <name>Default_Handler</name>
         <value>0x133b</value>
         <object_component_ref idref="oc-6a"/>
      </symbol>
      <symbol id="sm-6d6">
         <name>interruptVectors</name>
         <value>0x0</value>
         <object_component_ref idref="oc-23"/>
      </symbol>
      <symbol id="sm-703">
         <name>Graphics_setBackgroundColor</name>
         <value>0x46bf</value>
         <object_component_ref idref="oc-205"/>
      </symbol>
      <symbol id="sm-704">
         <name>Graphics_setFont</name>
         <value>0x46d9</value>
         <object_component_ref idref="oc-20b"/>
      </symbol>
      <symbol id="sm-705">
         <name>Graphics_initContext</name>
         <value>0x3b01</value>
         <object_component_ref idref="oc-1f9"/>
      </symbol>
      <symbol id="sm-706">
         <name>Graphics_setForegroundColor</name>
         <value>0x4737</value>
         <object_component_ref idref="oc-1ff"/>
      </symbol>
      <symbol id="sm-707">
         <name>Graphics_clearDisplay</name>
         <value>0x478b</value>
         <object_component_ref idref="oc-217"/>
      </symbol>
      <symbol id="sm-744">
         <name>Graphics_clearDisplayOnDisplay</name>
         <value>0x46a5</value>
         <object_component_ref idref="oc-3b2"/>
      </symbol>
      <symbol id="sm-745">
         <name>Graphics_drawPixelOnDisplay</name>
         <value>0x435d</value>
         <object_component_ref idref="oc-410"/>
      </symbol>
      <symbol id="sm-746">
         <name>Graphics_translateColorOnDisplay</name>
         <value>0x474d</value>
         <object_component_ref idref="oc-39c"/>
      </symbol>
      <symbol id="sm-747">
         <name>Graphics_drawHorizontalLineOnDisplay</name>
         <value>0x40a7</value>
         <object_component_ref idref="oc-5b4"/>
      </symbol>
      <symbol id="sm-748">
         <name>Graphics_drawVerticalLineOnDisplay</name>
         <value>0x40dd</value>
         <object_component_ref idref="oc-698"/>
      </symbol>
      <symbol id="sm-749">
         <name>Graphics_drawMultiplePixelsOnDisplay</name>
         <value>0x3b9f</value>
         <object_component_ref idref="oc-63d"/>
      </symbol>
      <symbol id="sm-74a">
         <name>Graphics_fillRectangleOnDisplay</name>
         <value>0x456f</value>
         <object_component_ref idref="oc-60d"/>
      </symbol>
      <symbol id="sm-75c">
         <name>g_sFontCmss12</name>
         <value>0x55a0</value>
         <object_component_ref idref="oc-223"/>
      </symbol>
      <symbol id="sm-792">
         <name>Graphics_drawImage</name>
         <value>0xdd3</value>
         <object_component_ref idref="oc-4f4"/>
      </symbol>
      <symbol id="sm-7ef">
         <name>Graphics_drawLineH</name>
         <value>0x2c0d</value>
         <object_component_ref idref="oc-40a"/>
      </symbol>
      <symbol id="sm-7f0">
         <name>Graphics_drawLineV</name>
         <value>0x2ca9</value>
         <object_component_ref idref="oc-5f9"/>
      </symbol>
      <symbol id="sm-7f1">
         <name>Graphics_drawLine</name>
         <value>0x17c1</value>
         <object_component_ref idref="oc-4e4"/>
      </symbol>
      <symbol id="sm-811">
         <name>Graphics_drawRectangle</name>
         <value>0x2a2f</value>
         <object_component_ref idref="oc-4a2"/>
      </symbol>
      <symbol id="sm-812">
         <name>Graphics_fillRectangle</name>
         <value>0x1f71</value>
         <object_component_ref idref="oc-4cc"/>
      </symbol>
      <symbol id="sm-852">
         <name>Graphics_drawString</name>
         <value>0x955</value>
         <object_component_ref idref="oc-23c"/>
      </symbol>
      <symbol id="sm-913">
         <name>ADC14_enableSampleTimer</name>
         <value>0x4115</value>
         <object_component_ref idref="oc-379"/>
      </symbol>
      <symbol id="sm-914">
         <name>ADC14_enableConversion</name>
         <value>0x43e1</value>
         <object_component_ref idref="oc-38d"/>
      </symbol>
      <symbol id="sm-915">
         <name>ADC14_toggleConversionTrigger</name>
         <value>0x42d9</value>
         <object_component_ref idref="oc-393"/>
      </symbol>
      <symbol id="sm-916">
         <name>ADC14_initModule</name>
         <value>0x3a59</value>
         <object_component_ref idref="oc-36d"/>
      </symbol>
      <symbol id="sm-917">
         <name>ADC14_configureMultiSequenceMode</name>
         <value>0x2799</value>
         <object_component_ref idref="oc-373"/>
      </symbol>
      <symbol id="sm-918">
         <name>ADC14_configureConversionMemory</name>
         <value>0x28e9</value>
         <object_component_ref idref="oc-380"/>
      </symbol>
      <symbol id="sm-919">
         <name>ADC14_enableModule</name>
         <value>0x47e5</value>
         <object_component_ref idref="oc-367"/>
      </symbol>
      <symbol id="sm-91a">
         <name>ADC14_getResult</name>
         <value>0x45c9</value>
         <object_component_ref idref="oc-5c8"/>
      </symbol>
      <symbol id="sm-978">
         <name>GPIO_setOutputHighOnPin</name>
         <value>0x4431</value>
         <object_component_ref idref="oc-57b"/>
      </symbol>
      <symbol id="sm-979">
         <name>GPIO_setAsInputPinWithPullUpResistor</name>
         <value>0x39a9</value>
         <object_component_ref idref="oc-34e"/>
      </symbol>
      <symbol id="sm-97a">
         <name>GPIO_setAsOutputPin</name>
         <value>0x3cf1</value>
         <object_component_ref idref="oc-334"/>
      </symbol>
      <symbol id="sm-97b">
         <name>GPIO_setOutputLowOnPin</name>
         <value>0x4459</value>
         <object_component_ref idref="oc-341"/>
      </symbol>
      <symbol id="sm-97c">
         <name>GPIO_setAsPeripheralModuleFunctionOutputPin</name>
         <value>0x2f8d</value>
         <object_component_ref idref="oc-360"/>
      </symbol>
      <symbol id="sm-97d">
         <name>GPIO_getInputPinValue</name>
         <value>0x4219</value>
         <object_component_ref idref="oc-5c1"/>
      </symbol>
      <symbol id="sm-97e">
         <name>GPIO_setAsPeripheralModuleFunctionInputPin</name>
         <value>0x2f05</value>
         <object_component_ref idref="oc-386"/>
      </symbol>
      <symbol id="sm-99b">
         <name>Interrupt_enableInterrupt</name>
         <value>0x3231</value>
         <object_component_ref idref="oc-53f"/>
      </symbol>
      <symbol id="sm-9d5">
         <name>EUSCI_B_SPI_enable</name>
         <value>0x4721</value>
         <object_component_ref idref="oc-6e8"/>
      </symbol>
      <symbol id="sm-9d6">
         <name>SPI_enableModule</name>
         <value>0x4601</value>
         <object_component_ref idref="oc-67d"/>
      </symbol>
      <symbol id="sm-9d7">
         <name>EUSCI_A_SPI_enable</name>
         <value>0x470b</value>
         <object_component_ref idref="oc-6e2"/>
      </symbol>
      <symbol id="sm-9d8">
         <name>SPI_initMaster</name>
         <value>0x258b</value>
         <object_component_ref idref="oc-677"/>
      </symbol>
      <symbol id="sm-a11">
         <name>Timer32_startTimer</name>
         <value>0x3f95</value>
         <object_component_ref idref="oc-54b"/>
      </symbol>
      <symbol id="sm-a12">
         <name>Timer32_setCount</name>
         <value>0x41e5</value>
         <object_component_ref idref="oc-545"/>
      </symbol>
      <symbol id="sm-a13">
         <name>Timer32_getValue</name>
         <value>0x47c9</value>
         <object_component_ref idref="oc-22f"/>
      </symbol>
      <symbol id="sm-a14">
         <name>Timer32_initModule</name>
         <value>0x3565</value>
         <object_component_ref idref="oc-539"/>
      </symbol>
      <symbol id="sm-a15">
         <name>Timer32_clearInterruptFlag</name>
         <value>0x4763</value>
         <object_component_ref idref="oc-b6"/>
      </symbol>
      <symbol id="sm-a43">
         <name>Timer_A_generatePWM</name>
         <value>0x33a5</value>
         <object_component_ref idref="oc-623"/>
      </symbol>
      <symbol id="sm-a44">
         <name>Timer_A_stopTimer</name>
         <value>0x4777</value>
         <object_component_ref idref="oc-629"/>
      </symbol>
      <symbol id="sm-a50">
         <name>WDT_A_holdTimer</name>
         <value>0x44a9</value>
         <object_component_ref idref="oc-168"/>
      </symbol>
      <symbol id="sm-a61">
         <name>__aeabi_memset</name>
         <value>0x32b3</value>
         <object_component_ref idref="oc-90"/>
      </symbol>
      <symbol id="sm-a62">
         <name>memset</name>
         <value>0x32b9</value>
         <object_component_ref idref="oc-90"/>
      </symbol>
      <symbol id="sm-a63">
         <name>__aeabi_memset8</name>
         <value>0x32b3</value>
         <object_component_ref idref="oc-90"/>
      </symbol>
      <symbol id="sm-a64">
         <name>__aeabi_memset4</name>
         <value>0x32b3</value>
         <object_component_ref idref="oc-90"/>
      </symbol>
      <symbol id="sm-a65">
         <name>__aeabi_memclr8</name>
         <value>0x32b1</value>
         <object_component_ref idref="oc-90"/>
      </symbol>
      <symbol id="sm-a66">
         <name>__aeabi_memclr4</name>
         <value>0x32b1</value>
         <object_component_ref idref="oc-90"/>
      </symbol>
      <symbol id="sm-a67">
         <name>__aeabi_memclr</name>
         <value>0x32b1</value>
         <object_component_ref idref="oc-90"/>
      </symbol>
      <symbol id="sm-a7b">
         <name>__aeabi_ddiv</name>
         <value>0x1bd9</value>
         <object_component_ref idref="oc-6b3"/>
      </symbol>
      <symbol id="sm-a86">
         <name>__aeabi_dmul</name>
         <value>0x2083</value>
         <object_component_ref idref="oc-6ae"/>
      </symbol>
      <symbol id="sm-a90">
         <name>__aeabi_d2uiz</name>
         <value>0x3c6d</value>
         <object_component_ref idref="oc-6b8"/>
      </symbol>
      <symbol id="sm-a99">
         <name>__aeabi_lmul</name>
         <value>0x46f3</value>
         <object_component_ref idref="oc-243"/>
      </symbol>
      <symbol id="sm-ab4">
         <name>memcpy</name>
         <value>0x2d45</value>
         <object_component_ref idref="oc-34"/>
      </symbol>
      <symbol id="sm-ab5">
         <name>__aeabi_memcpy</name>
         <value>0x2d45</value>
         <object_component_ref idref="oc-34"/>
      </symbol>
      <symbol id="sm-ab6">
         <name>__aeabi_memcpy8</name>
         <value>0x2d45</value>
         <object_component_ref idref="oc-34"/>
      </symbol>
      <symbol id="sm-ab7">
         <name>__aeabi_memcpy4</name>
         <value>0x2d45</value>
         <object_component_ref idref="oc-34"/>
      </symbol>
      <symbol id="sm-ac1">
         <name>__aeabi_ui2d</name>
         <value>0x4513</value>
         <object_component_ref idref="oc-6a9"/>
      </symbol>
      <symbol id="sm-ad8">
         <name>__TI_zero_init</name>
         <value>0x4809</value>
         <object_component_ref idref="oc-46"/>
      </symbol>
      <symbol id="sm-aef">
         <name>__TI_decompress_none</name>
         <value>0x47d7</value>
         <object_component_ref idref="oc-1a"/>
      </symbol>
      <symbol id="sm-b12">
         <name>__TI_decompress_lzss</name>
         <value>0x35cd</value>
         <object_component_ref idref="oc-14"/>
      </symbol>
      <symbol id="sm-b25">
         <name>__stack</name>
         <value>0x2000fe00</value>
         <object_component_ref idref="oc-26"/>
      </symbol>
      <symbol id="sm-b26">
         <name>_c_int00_noargs</name>
         <value>0x3fcd</value>
         <object_component_ref idref="oc-52"/>
      </symbol>
      <symbol id="sm-b31">
         <name>C$$EXIT</name>
         <value>0x48fb</value>
         <object_component_ref idref="oc-111"/>
      </symbol>
      <symbol id="sm-b32">
         <name>abort</name>
         <value>0x48fb</value>
         <object_component_ref idref="oc-111"/>
      </symbol>
      <symbol id="sm-b5c">
         <name>__TI_auto_init_nobinit_nopinit</name>
         <value>0x3be5</value>
         <object_component_ref idref="oc-11d"/>
      </symbol>
      <symbol id="sm-b66">
         <name>_system_pre_init</name>
         <value>0x48f7</value>
         <object_component_ref idref="oc-96"/>
      </symbol>
      <symbol id="sm-b68">
         <name>__TI_static_base__</name>
         <value>0x0</value>
      </symbol>
      <symbol id="sm-b6b">
         <name>__mpu_init</name>
         <value>0x0</value>
      </symbol>
      <symbol id="sm-b6c">
         <name>_system_post_cinit</name>
         <value>0x0</value>
      </symbol>
      <symbol id="sm-b6d">
         <name>NMI_Handler</name>
         <value>0x133b</value>
      </symbol>
      <symbol id="sm-b6e">
         <name>HardFault_Handler</name>
         <value>0x133b</value>
      </symbol>
      <symbol id="sm-b6f">
         <name>MemManage_Handler</name>
         <value>0x133b</value>
      </symbol>
      <symbol id="sm-b70">
         <name>BusFault_Handler</name>
         <value>0x133b</value>
      </symbol>
      <symbol id="sm-b71">
         <name>UsageFault_Handler</name>
         <value>0x133b</value>
      </symbol>
      <symbol id="sm-b72">
         <name>SVC_Handler</name>
         <value>0x133b</value>
      </symbol>
      <symbol id="sm-b73">
         <name>DebugMon_Handler</name>
         <value>0x133b</value>
      </symbol>
      <symbol id="sm-b74">
         <name>PendSV_Handler</name>
         <value>0x133b</value>
      </symbol>
      <symbol id="sm-b75">
         <name>SysTick_Handler</name>
         <value>0x133b</value>
      </symbol>
      <symbol id="sm-b76">
         <name>PSS_IRQHandler</name>
         <value>0x133b</value>
      </symbol>
      <symbol id="sm-b77">
         <name>CS_IRQHandler</name>
         <value>0x133b</value>
      </symbol>
      <symbol id="sm-b78">
         <name>PCM_IRQHandler</name>
         <value>0x133b</value>
      </symbol>
      <symbol id="sm-b79">
         <name>WDT_A_IRQHandler</name>
         <value>0x133b</value>
      </symbol>
      <symbol id="sm-b7a">
         <name>FPU_IRQHandler</name>
         <value>0x133b</value>
      </symbol>
      <symbol id="sm-b7b">
         <name>FLCTL_IRQHandler</name>
         <value>0x133b</value>
      </symbol>
      <symbol id="sm-b7c">
         <name>COMP_E0_IRQHandler</name>
         <value>0x133b</value>
      </symbol>
      <symbol id="sm-b7d">
         <name>COMP_E1_IRQHandler</name>
         <value>0x133b</value>
      </symbol>
      <symbol id="sm-b7e">
         <name>TA0_0_IRQHandler</name>
         <value>0x133b</value>
      </symbol>
      <symbol id="sm-b7f">
         <name>TA0_N_IRQHandler</name>
         <value>0x133b</value>
      </symbol>
      <symbol id="sm-b80">
         <name>TA1_0_IRQHandler</name>
         <value>0x133b</value>
      </symbol>
      <symbol id="sm-b81">
         <name>TA1_N_IRQHandler</name>
         <value>0x133b</value>
      </symbol>
      <symbol id="sm-b82">
         <name>TA2_0_IRQHandler</name>
         <value>0x133b</value>
      </symbol>
      <symbol id="sm-b83">
         <name>TA2_N_IRQHandler</name>
         <value>0x133b</value>
      </symbol>
      <symbol id="sm-b84">
         <name>TA3_0_IRQHandler</name>
         <value>0x133b</value>
      </symbol>
      <symbol id="sm-b85">
         <name>TA3_N_IRQHandler</name>
         <value>0x133b</value>
      </symbol>
      <symbol id="sm-b86">
         <name>EUSCIA0_IRQHandler</name>
         <value>0x133b</value>
      </symbol>
      <symbol id="sm-b87">
         <name>EUSCIA1_IRQHandler</name>
         <value>0x133b</value>
      </symbol>
      <symbol id="sm-b88">
         <name>EUSCIA2_IRQHandler</name>
         <value>0x133b</value>
      </symbol>
      <symbol id="sm-b89">
         <name>EUSCIA3_IRQHandler</name>
         <value>0x133b</value>
      </symbol>
      <symbol id="sm-b8a">
         <name>EUSCIB0_IRQHandler</name>
         <value>0x133b</value>
      </symbol>
      <symbol id="sm-b8b">
         <name>EUSCIB1_IRQHandler</name>
         <value>0x133b</value>
      </symbol>
      <symbol id="sm-b8c">
         <name>EUSCIB2_IRQHandler</name>
         <value>0x133b</value>
      </symbol>
      <symbol id="sm-b8d">
         <name>EUSCIB3_IRQHandler</name>
         <value>0x133b</value>
      </symbol>
      <symbol id="sm-b8e">
         <name>ADC14_IRQHandler</name>
         <value>0x133b</value>
      </symbol>
      <symbol id="sm-b8f">
         <name>T32_INT1_IRQHandler</name>
         <value>0x461d</value>
      </symbol>
      <symbol id="sm-b90">
         <name>T32_INT2_IRQHandler</name>
         <value>0x133b</value>
      </symbol>
      <symbol id="sm-b91">
         <name>T32_INTC_IRQHandler</name>
         <value>0x133b</value>
      </symbol>
      <symbol id="sm-b92">
         <name>AES256_IRQHandler</name>
         <value>0x133b</value>
      </symbol>
      <symbol id="sm-b93">
         <name>RTC_C_IRQHandler</name>
         <value>0x133b</value>
      </symbol>
      <symbol id="sm-b94">
         <name>DMA_ERR_IRQHandler</name>
         <value>0x133b</value>
      </symbol>
      <symbol id="sm-b95">
         <name>DMA_INT3_IRQHandler</name>
         <value>0x133b</value>
      </symbol>
      <symbol id="sm-b96">
         <name>DMA_INT2_IRQHandler</name>
         <value>0x133b</value>
      </symbol>
      <symbol id="sm-b97">
         <name>DMA_INT1_IRQHandler</name>
         <value>0x133b</value>
      </symbol>
      <symbol id="sm-b98">
         <name>DMA_INT0_IRQHandler</name>
         <value>0x133b</value>
      </symbol>
      <symbol id="sm-b99">
         <name>PORT1_IRQHandler</name>
         <value>0x133b</value>
      </symbol>
      <symbol id="sm-b9a">
         <name>PORT2_IRQHandler</name>
         <value>0x133b</value>
      </symbol>
      <symbol id="sm-b9b">
         <name>PORT3_IRQHandler</name>
         <value>0x133b</value>
      </symbol>
      <symbol id="sm-b9c">
         <name>PORT4_IRQHandler</name>
         <value>0x133b</value>
      </symbol>
      <symbol id="sm-b9d">
         <name>PORT5_IRQHandler</name>
         <value>0x133b</value>
      </symbol>
      <symbol id="sm-b9e">
         <name>PORT6_IRQHandler</name>
         <value>0x133b</value>
      </symbol>
   </symbol_table>
   <title>Link successful</title>
</link_info>
