******************************************************************************
                  TI ARM Linker PC v18.1.5                     
******************************************************************************
>> Linked Thu Aug  1 20:41:40 2019

OUTPUT FILE NAME:   <Pierce_SummerProject.out>
ENTRY POINT SYMBOL: "_c_int00_noargs"  address: 00003a01


MEMORY CONFIGURATION

         name            origin    length      used     unused   attr    fill
----------------------  --------  ---------  --------  --------  ----  --------
  MAIN                  00000000   00040000  0000523b  0003adc5  R  X
  INFO                  00200000   00004000  00000000  00004000  R  X
  SRAM_CODE             01000000   00010000  000007e2  0000f81e  RW X
  SRAM_DATA             20000000   00010000  000007e2  0000f81e  RW  


SEGMENT ALLOCATION MAP

run origin  load origin   length   init length attrs members
----------  ----------- ---------- ----------- ----- -------
00000000    00000000    00005240   00005240    r-x
  00000000    00000000    000000e4   000000e4    r-- .intvecs
  000000e4    000000e4    0000421a   0000421a    r-x .text
  00004300    00004300    00000e6d   00000e6d    r-- .const
  00005170    00005170    000000d0   000000d0    r-- .cinit
20000000    20000000    000005e4   00000000    rw-
  20000000    20000000    0000043a   00000000    rw- .bss
  2000043c    2000043c    000001a8   00000000    rw- .data
2000fe00    2000fe00    00000200   00000000    rw-
  2000fe00    2000fe00    00000200   00000000    rw- .stack


SECTION ALLOCATION MAP

 output                                  attributes/
section   page    origin      length       input sections
--------  ----  ----------  ----------   ----------------
.intvecs   0    00000000    000000e4     
                  00000000    000000e4     startup_msp432p401r_ccs.obj (.intvecs:retain)

.text      0    000000e4    0000421a     
                  000000e4    00000838     main.obj (.text:GameState_FSM)
                  0000091c    0000047e     grlib.a : string.obj (.text:Graphics_drawString)
                  00000d9a    00000390             : image.obj (.text:Graphics_drawImage)
                  0000112a    000001d8     Crystalfontz128x128_ST7735.obj (.text:Crystalfontz128x128_PixelDrawMultiple)
                  00001302    00000002     startup_msp432p401r_ccs.obj (.text:Default_Handler)
                  00001304    00000184     graphics_HAL.obj (.text:DisplayHowToPlayScreen1)
                  00001488    00000180     graphics_HAL.obj (.text:DisplayHowToPlayScreen2)
                  00001608    00000180     grlib.a : line.obj (.text:Graphics_clipLine)
                  00001788    00000174             : line.obj (.text:Graphics_drawLine)
                  000018fc    00000160     msp432p4xx_driverlib.lib : adc14.o (.text:_getIndexForMemRegister)
                  00001a5c    00000134     Crystalfontz128x128_ST7735.obj (.text:Crystalfontz128x128_SetDrawFrame)
                  00001b90    0000012c     Crystalfontz128x128_ST7735.obj (.text:Crystalfontz128x128_Init)
                  00001cbc    00000112     grlib.a : rectangle.obj (.text:Graphics_fillRectangle)
                  00001dce    000000fa     song.obj (.text:InitSongList_GameOver)
                  00001ec8    000000d2     graphics_HAL.obj (.text:XTile)
                  00001f9a    000000ce     ButtonLED_HAL.obj (.text:Debounce)
                  00002068    000000bc     system_msp432p401r.obj (.text:SystemInit)
                  00002124    000000b6     graphics_HAL.obj (.text:DrawMenuCursor)
                  000021da    000000b0     msp432p4xx_driverlib.lib : spi.o (.text:SPI_initMaster)
                  0000228a    00000002     --HOLE-- [fill = 0]
                  0000228c    000000af     graphics_HAL.obj (.text:DrawTileColor)
                  0000233b    00000001     --HOLE-- [fill = 0]
                  0000233c    000000ab     graphics_HAL.obj (.text:EraseTileColor)
                  000023e7    00000001     --HOLE-- [fill = 0]
                  000023e8    000000a8     msp432p4xx_driverlib.lib : adc14.o (.text:ADC14_configureMultiSequenceMode)
                  00002490    000000a8     Timer32_HAL.obj (.text:OneShotSWTimerExpired)
                  00002538    000000a4     msp432p4xx_driverlib.lib : adc14.o (.text:ADC14_configureConversionMemory)
                  000025dc    000000a2     graphics_HAL.obj (.text:DrawHeart)
                  0000267e    000000a2     grlib.a : rectangle.obj (.text:Graphics_drawRectangle)
                  00002720    000000a0     graphics_HAL.obj (.text:DisplayHighScores)
                  000027c0    0000009c     Crystalfontz128x128_ST7735.obj (.text:Crystalfontz128x128_RectFill)
                  0000285c    0000009c     grlib.a : line.obj (.text:Graphics_drawLineH)
                  000028f8    0000009c             : line.obj (.text:Graphics_drawLineV)
                  00002994    0000009c     rtsv7M4_T_le_v4SPD16_eabi.lib : memcpy_t2.asm.obj (.text)
                  00002a30    00000094     graphics_HAL.obj (.text:DisplayMenuScreen)
                  00002ac4    00000088     msp432p4xx_driverlib.lib : gpio.o (.text:GPIO_setAsPeripheralModuleFunctionInputPin)
                  00002b4c    00000088                              : gpio.o (.text:GPIO_setAsPeripheralModuleFunctionOutputPin)
                  00002bd4    00000088     main.obj (.text:isJoyStickDown)
                  00002c5c    00000088     main.obj (.text:isJoyStickRight)
                  00002ce4    00000088     main.obj (.text:isJoyStickUp)
                  00002d6c    00000084     main.obj (.text:isJoyStickLeft)
                  00002df0    00000080     msp432p4xx_driverlib.lib : interrupt.o (.text:Interrupt_enableInterrupt)
                  00002e70    0000007a     rtsv7M4_T_le_v4SPD16_eabi.lib : memset_t2.asm.obj (.text)
                  00002eea    00000002     --HOLE-- [fill = 0]
                  00002eec    00000078     graphics_HAL.obj (.text:DisplayGameOverScreen)
                  00002f64    00000070     graphics_HAL.obj (.text:AllCorrect)
                  00002fd4    0000006c     grlib.a : image.obj (.text:Graphics_convertPalette)
                  00003040    00000068     msp432p4xx_driverlib.lib : timer32.o (.text:Timer32_initModule)
                  000030a8    00000068     rtsv7M4_T_le_v4SPD16_eabi.lib : copy_decompress_lzss.c.obj (.text:decompress:lzss:__TI_decompress_lzss)
                  00003110    00000064     graphics_HAL.obj (.text:DrawTile)
                  00003174    00000064     grlib.a : line.obj (.text:Graphics_getClipCode)
                  000031d8    00000064     Timer32_HAL.obj (.text:initHWTimer0)
                  0000323c    00000064     Timer32_HAL.obj (.text:initHWTimer1)
                  000032a0    00000064     main.obj (.text:initialize)
                  00003304    00000060     Crystalfontz128x128_ST7735.obj (.text:Crystalfontz128x128_LineDrawH)
                  00003364    00000060     Crystalfontz128x128_ST7735.obj (.text:Crystalfontz128x128_LineDrawV)
                  000033c4    0000005a     graphics_HAL.obj (.text:DisplayStartupScreen)
                  0000341e    00000002     --HOLE-- [fill = 0]
                  00003420    00000058     msp432p4xx_driverlib.lib : gpio.o (.text:GPIO_setAsInputPinWithPullUpResistor)
                  00003478    00000056     Timer32_HAL.obj (.text:startHWTimer)
                  000034ce    00000002     --HOLE-- [fill = 0]
                  000034d0    00000054     msp432p4xx_driverlib.lib : adc14.o (.text:ADC14_initModule)
                  00003524    00000054     Crystalfontz128x128_ST7735.obj (.text:Crystalfontz128x128_SetOrientation)
                  00003578    00000052     grlib.a : context.obj (.text:Graphics_initContext)
                  000035ca    0000004c     ButtonLED_HAL.obj (.text:ButtonPushed)
                  00003616    00000046     grlib.a : display.obj (.text:Graphics_drawMultiplePixelsOnDisplay)
                  0000365c    00000044     rtsv7M4_T_le_v4SPD16_eabi.lib : autoinit.c.obj (.text:__TI_auto_init_nobinit_nopinit:__TI_auto_init_nobinit_nopinit)
                  000036a0    00000044     graphics_HAL.obj (.text:make_3digit_NumString)
                  000036e4    00000040     Crystalfontz128x128_ST7735.obj (.text:Crystalfontz128x128_PixelDraw)
                  00003724    00000040     msp432p4xx_driverlib.lib : gpio.o (.text:GPIO_setAsOutputPin)
                  00003764    00000040     grlib.a : string.obj (.text:Graphics_getNumberOfLeadingZeros)
                  000037a4    00000040     HAL_MSP_EXP432P401R_Crystalfontz128x128_ST7735.obj (.text:HAL_LCD_SpiInit)
                  000037e4    00000040     graphics_HAL.obj (.text:InitGraphics)
                  00003824    00000040     msp432p4xx_driverlib.lib : spi.o (.text:is_A_Module)
                  00003864    00000040     main.obj (.text:main)
                  000038a4    0000003c     graphics_HAL.obj (.text:MoveMenuCursorDown)
                  000038e0    0000003c     graphics_HAL.obj (.text:MoveMenuCursorUp)
                  0000391c    0000003c     main.obj (.text:generateRandomTileSet_2_Color)
                  00003958    00000038     HAL_MSP_EXP432P401R_Crystalfontz128x128_ST7735.obj (.text:HAL_LCD_writeCommand)
                  00003990    00000038     graphics_HAL.obj (.text:HighlightTile)
                  000039c8    00000038     msp432p4xx_driverlib.lib : timer32.o (.text:Timer32_startTimer)
                  00003a00    00000038     rtsv7M4_T_le_v4SPD16_eabi.lib : boot_cortex_m.c.obj (.text:_c_int00_noargs:_c_int00_noargs)
                  00003a38    00000036     graphics_HAL.obj (.text:DrawLives)
                  00003a6e    00000036     graphics_HAL.obj (.text:DrawScore)
                  00003aa4    00000036     graphics_HAL.obj (.text:DrawTileNumber)
                  00003ada    00000036     grlib.a : display.obj (.text:Graphics_drawHorizontalLineOnDisplay)
                  00003b10    00000036             : display.obj (.text:Graphics_drawVerticalLineOnDisplay)
                  00003b46    00000002     --HOLE-- [fill = 0]
                  00003b48    00000034     msp432p4xx_driverlib.lib : adc14.o (.text:ADC14_enableSampleTimer)
                  00003b7c    00000034     graphics_HAL.obj (.text:EraseLives)
                  00003bb0    00000034     graphics_HAL.obj (.text:EraseScore)
                  00003be4    00000034     graphics_HAL.obj (.text:EraseTileNumber)
                  00003c18    00000034     msp432p4xx_driverlib.lib : timer32.o (.text:Timer32_setCount)
                  00003c4c    00000030                              : gpio.o (.text:GPIO_getInputPinValue)
                  00003c7c    00000030     HAL_MSP_EXP432P401R_Crystalfontz128x128_ST7735.obj (.text:HAL_LCD_PortInit)
                  00003cac    00000030     ADC_HAL.obj (.text:initJoyStick)
                  00003cdc    0000002e     graphics_HAL.obj (.text:DrawConstantGameGraphics)
                  00003d0a    00000002     --HOLE-- [fill = 0]
                  00003d0c    0000002c     msp432p4xx_driverlib.lib : adc14.o (.text:ADC14_toggleConversionTrigger)
                  00003d38    0000002c     Crystalfontz128x128_ST7735.obj (.text:Crystalfontz128x128_ClearScreen)
                  00003d64    0000002c     graphics_HAL.obj (.text:DrawBoard)
                  00003d90    0000002c     grlib.a : display.obj (.text:Graphics_drawPixelOnDisplay)
                  00003dbc    0000002c     HAL_MSP_EXP432P401R_Crystalfontz128x128_ST7735.obj (.text:HAL_LCD_writeData)
                  00003de8    0000002c     graphics_HAL.obj (.text:make_2digit_NumString)
                  00003e14    00000028     msp432p4xx_driverlib.lib : adc14.o (.text:ADC14_enableConversion)
                  00003e3c    00000028     Crystalfontz128x128_ST7735.obj (.text:Crystalfontz128x128_ColorTranslate)
                  00003e64    00000028     msp432p4xx_driverlib.lib : gpio.o (.text:GPIO_setOutputHighOnPin)
                  00003e8c    00000028                              : gpio.o (.text:GPIO_setOutputLowOnPin)
                  00003eb4    00000026     Timer32_HAL.obj (.text:WaitCycles)
                  00003eda    00000002     --HOLE-- [fill = 0]
                  00003edc    00000024     msp432p4xx_driverlib.lib : wdt_a.o (.text:WDT_A_holdTimer)
                  00003f00    00000024     ADC_HAL.obj (.text:initADC)
                  00003f24    00000022     main.obj (.text:random_1or0)
                  00003f46    0000001e     graphics_HAL.obj (.text:DrawTileInfo)
                  00003f64    0000001e     graphics_HAL.obj (.text:EraseTileInfo)
                  00003f82    0000001e     grlib.a : display.obj (.text:Graphics_fillRectangleOnDisplay)
                  00003fa0    0000001e     Timer32_HAL.obj (.text:InitOneShotSWTimer)
                  00003fbe    0000001e     Timer32_HAL.obj (.text:StartOneShotSWTimer)
                  00003fdc    0000001c     msp432p4xx_driverlib.lib : adc14.o (.text:ADC14_getResult)
                  00003ff8    0000001c     song.obj (.text:InitSongList_Bonk)
                  00004014    0000001c     msp432p4xx_driverlib.lib : spi.o (.text:SPI_enableModule)
                  00004030    0000001c     Timer32_HAL.obj (.text:T32_INT1_IRQHandler)
                  0000404c    0000001c     main.obj (.text:UnHighlightTile)
                  00004068    0000001c     ADC_HAL.obj (.text:getSampleJoyStick)
                  00004084    0000001a     graphics_HAL.obj (.text:DrawScoreAndLives)
                  0000409e    0000001a     graphics_HAL.obj (.text:EraseScoreAndLives)
                  000040b8    0000001a     grlib.a : display.obj (.text:Graphics_clearDisplayOnDisplay)
                  000040d2    0000001a             : context.obj (.text:Graphics_setBackgroundColor)
                  000040ec    0000001a             : context.obj (.text:Graphics_setFont)
                  00004106    00000018     rtsv7M4_T_le_v4SPD16_eabi.lib : ll_mul_t2.asm.obj (.text)
                  0000411e    00000016     msp432p4xx_driverlib.lib : spi.o (.text:EUSCI_A_SPI_enable)
                  00004134    00000016                              : spi.o (.text:EUSCI_B_SPI_enable)
                  0000414a    00000016     grlib.a : context.obj (.text:Graphics_setForegroundColor)
                  00004160    00000016             : display.obj (.text:Graphics_translateColorOnDisplay)
                  00004176    00000014     msp432p4xx_driverlib.lib : timer32.o (.text:Timer32_clearInterruptFlag)
                  0000418a    00000012     grlib.a : context.obj (.text:Graphics_clearDisplay)
                  0000419c    00000010     msp432p4xx_driverlib.lib : adc14.o (.text:ADCIsConversionRunning)
                  000041ac    0000000e     graphics_HAL.obj (.text:InitFonts)
                  000041ba    0000000e     sound.obj (.text:InitSound)
                  000041c8    0000000e     msp432p4xx_driverlib.lib : timer32.o (.text:Timer32_getValue)
                  000041d6    0000000e     rtsv7M4_T_le_v4SPD16_eabi.lib : copy_decompress_none.c.obj (.text:decompress:none:__TI_decompress_none)
                  000041e4    0000000c     msp432p4xx_driverlib.lib : adc14.o (.text:ADC14_enableModule)
                  000041f0    0000000c     graphics_HAL.obj (.text:LCDClearDisplay)
                  000041fc    0000000c     startup_msp432p401r_ccs.obj (.text:Reset_Handler)
                  00004208    0000000c     rtsv7M4_T_le_v4SPD16_eabi.lib : copy_zero_init.c.obj (.text:decompress:ZI:__TI_zero_init)
                  00004214    0000000c     ButtonLED_HAL.obj (.text:initialize_BoosterpackBottomButton)
                  00004220    0000000c     ButtonLED_HAL.obj (.text:initialize_BoosterpackLED_blue)
                  0000422c    0000000c     ButtonLED_HAL.obj (.text:initialize_BoosterpackLED_green)
                  00004238    0000000c     ButtonLED_HAL.obj (.text:initialize_BoosterpackLED_red)
                  00004244    0000000c     ButtonLED_HAL.obj (.text:initialize_BoosterpackTopButton)
                  00004250    0000000c     ButtonLED_HAL.obj (.text:initialize_JoystickButton)
                  0000425c    0000000c     ButtonLED_HAL.obj (.text:initialize_LaunchpadLED1)
                  00004268    0000000c     ButtonLED_HAL.obj (.text:initialize_LaunchpadLED2_blue)
                  00004274    0000000c     ButtonLED_HAL.obj (.text:initialize_LaunchpadLED2_green)
                  00004280    0000000c     ButtonLED_HAL.obj (.text:initialize_LaunchpadLED2_red)
                  0000428c    0000000c     ADC_HAL.obj (.text:startADC)
                  00004298    0000000c     ButtonLED_HAL.obj (.text:turnOff_BoosterpackLED_blue)
                  000042a4    0000000c     ButtonLED_HAL.obj (.text:turnOff_BoosterpackLED_green)
                  000042b0    0000000c     ButtonLED_HAL.obj (.text:turnOff_BoosterpackLED_red)
                  000042bc    0000000c     ButtonLED_HAL.obj (.text:turnOff_LaunchpadLED1)
                  000042c8    0000000c     ButtonLED_HAL.obj (.text:turnOff_LaunchpadLED2_blue)
                  000042d4    0000000c     ButtonLED_HAL.obj (.text:turnOff_LaunchpadLED2_green)
                  000042e0    0000000c     ButtonLED_HAL.obj (.text:turnOff_LaunchpadLED2_red)
                  000042ec    0000000a     Crystalfontz128x128_ST7735.obj (.text:Crystalfontz128x128_Flush)
                  000042f6    00000004     rtsv7M4_T_le_v4SPD16_eabi.lib : pre_init.c.obj (.text:_system_pre_init)
                  000042fa    00000004                                   : exit.c.obj (.text:abort:abort)

.const     0    00004300    00000e6d     
                  00004300    00000600     gameover_screen.obj (.const:.string:pixel_gameover1BPP_UNCOMP)
                  00004900    00000514     grlib.a : fontcmss12.obj (.const:.string:g_pucCmss12Data)
                  00004e14    000000c8             : fontcmss12.obj (.const:g_sFontCmss12)
                  00004edc    00000080     msp432p4xx_driverlib.lib : adc14.o (.const:_ctlRegs)
                  00004f5c    00000030                              : gpio.o (.const:GPIO_PORT_TO_BASE)
                  00004f8c    00000020     Crystalfontz128x128_ST7735.obj (.const:g_sCrystalfontz128x128_funcs)
                  00004fac    0000001c     HAL_MSP_EXP432P401R_Crystalfontz128x128_ST7735.obj (.const:$P$T0$1)
                  00004fc8    0000001c     graphics_HAL.obj (.const:.string:$P$T19$20)
                  00004fe4    00000019     graphics_HAL.obj (.const:.string:$P$T15$16)
                  00004ffd    00000019     graphics_HAL.obj (.const:.string:$P$T8$9)
                  00005016    00000018     graphics_HAL.obj (.const:.string:$P$T18$19)
                  0000502e    00000018     graphics_HAL.obj (.const:.string:$P$T7$8)
                  00005046    00000017     graphics_HAL.obj (.const:.string:$P$T11$12)
                  0000505d    00000017     graphics_HAL.obj (.const:.string:$P$T13$14)
                  00005074    00000016     graphics_HAL.obj (.const:.string:$P$T10$11)
                  0000508a    00000015     graphics_HAL.obj (.const:.string:$P$T16$17)
                  0000509f    00000015     graphics_HAL.obj (.const:.string:$P$T21$22)
                  000050b4    00000015     graphics_HAL.obj (.const:.string:$P$T22$23)
                  000050c9    00000011     graphics_HAL.obj (.const:.string:$P$T17$18)
                  000050da    00000011     graphics_HAL.obj (.const:.string:$P$T20$21)
                  000050eb    00000011     graphics_HAL.obj (.const:.string:$P$T9$10)
                  000050fc    00000010     gameover_screen.obj (.const:gameover1BPP_UNCOMP)
                  0000510c    0000000c     graphics_HAL.obj (.const:.string:$P$T1$2)
                  00005118    0000000c     graphics_HAL.obj (.const:.string:$P$T14$15)
                  00005124    0000000c     graphics_HAL.obj (.const:.string:$P$T2$3)
                  00005130    0000000c     graphics_HAL.obj (.const:.string:$P$T6$7)
                  0000513c    0000000a     graphics_HAL.obj (.const:.string:$P$T23$24)
                  00005146    00000009     graphics_HAL.obj (.const:.string:$P$T12$13)
                  0000514f    00000001     --HOLE-- [fill = 0]
                  00005150    00000008     Crystalfontz128x128_ST7735.obj (.const:$P$T0$1)
                  00005158    00000008     msp432p4xx_driverlib.lib : interrupt.o (.const:g_pulEnRegs)
                  00005160    00000008     gameover_screen.obj (.const:palette_gameover1BPP_UNCOMP)
                  00005168    00000005     graphics_HAL.obj (.const:.string:$P$T0$1)

.cinit     0    00005170    000000d0     
                  00005170    000000a8     (.cinit..data.load) [load image, compression = lzss]
                  00005218    0000000c     (__TI_handler_table)
                  00005224    00000004     --HOLE-- [fill = 0]
                  00005228    00000008     (.cinit..bss.load) [load image, compression = zero_init]
                  00005230    00000010     (__TI_cinit_table)

.init_array 
*          0    00000000    00000000     UNINITIALIZED

.binit     0    00000000    00000000     

.bss       0    20000000    0000043a     UNINITIALIZED
                  20000000    00000400     grlib.a : image.obj (.bss:g_pulConvertedPalette)
                  20000400    00000018     (.common:timer0)
                  20000418    00000018     (.common:timer1)
                  20000430    00000002     (.common:Lcd_ScreenHeigth)
                  20000432    00000002     (.common:Lcd_ScreenWidth)
                  20000434    00000002     (.common:Lcd_TouchTrim)
                  20000436    00000001     (.common:Lcd_FlagRead)
                  20000437    00000001     (.common:Lcd_FontSolid)
                  20000438    00000001     (.common:Lcd_Orientation)
                  20000439    00000001     (.common:Lcd_PenSolid)

.data      0    2000043c    000001a8     UNINITIALIZED
                  2000043c    00000080     graphics_HAL.obj (.data:intHighlight)
                  200004bc    00000080     graphics_HAL.obj (.data:tile)
                  2000053c    0000001c     main.obj (.data:Boosterpack_S1)
                  20000558    0000001c     main.obj (.data:Boosterpack_S2)
                  20000574    0000001c     main.obj (.data:Joystick_Button)
                  20000590    00000018     main.obj (.data)
                  200005a8    00000010     main.obj (.data:checkSet)
                  200005b8    00000010     Crystalfontz128x128_ST7735.obj (.data:g_sCrystalfontz128x128)
                  200005c8    00000010     main.obj (.data:playSet)
                  200005d8    0000000c     main.obj (.data:highScores$1)

.stack     0    2000fe00    00000200     UNINITIALIZED
                  2000fe00    00000004     rtsv7M4_T_le_v4SPD16_eabi.lib : boot_cortex_m.c.obj (.stack)
                  2000fe04    000001fc     --HOLE--

MODULE SUMMARY

       Module                                               code    ro data   rw data
       ------                                               ----    -------   -------
    .\
       graphics_HAL.obj                                     3300    380       512    
       main.obj                                             2930    0         304    
       gameover_screen.obj                                  0       1560      0      
       Timer32_HAL.obj                                      580     0         96     
       ButtonLED_HAL.obj                                    486     0         0      
       song.obj                                             278     0         0      
       system_msp432p401r.obj                               188     0         0      
       ADC_HAL.obj                                          124     0         0      
       sound.obj                                            14      0         0      
    +--+----------------------------------------------------+-------+---------+---------+
       Total:                                               7900    1940      912    
                                                                                     
    .\LcdDriver\
       Crystalfontz128x128_ST7735.obj                       1670    40        52     
       HAL_MSP_EXP432P401R_Crystalfontz128x128_ST7735.obj   212     28        0      
    +--+----------------------------------------------------+-------+---------+---------+
       Total:                                               1882    68        52     
                                                                                     
    .\ccs\
       startup_msp432p401r_ccs.obj                          14      228       0      
    +--+----------------------------------------------------+-------+---------+---------+
       Total:                                               14      228       0      
                                                                                     
    C:/ti/simplelink_msp432p4_sdk_2_40_00_10/source/ti/devices/msp432p4xx/driverlib/ccs/msp432p4xx_driverlib.lib
       adc14.o                                              960     128       0      
       gpio.o                                               552     48        0      
       spi.o                                                312     0         0      
       timer32.o                                            246     0         0      
       interrupt.o                                          128     8         0      
       wdt_a.o                                              36      0         0      
    +--+----------------------------------------------------+-------+---------+---------+
       Total:                                               2234    184       0      
                                                                                     
    C:/ti/simplelink_msp432p4_sdk_2_40_00_10/source/ti/grlib/lib/ccs/m4f/grlib.a
       image.obj                                            1020    0         2048   
       fontcmss12.obj                                       0       1500      0      
       string.obj                                           1214    0         0      
       line.obj                                             1168    0         0      
       rectangle.obj                                        436     0         0      
       display.obj                                          300     0         0      
       context.obj                                          174     0         0      
    +--+----------------------------------------------------+-------+---------+---------+
       Total:                                               4312    1500      2048   
                                                                                     
    C:\ti\ccs830\ccsv8\tools\compiler\ti-cgt-arm_18.1.5.LTS\lib\rtsv7M4_T_le_v4SPD16_eabi.lib
       memcpy_t2.asm.obj                                    156     0         0      
       memset_t2.asm.obj                                    122     0         0      
       copy_decompress_lzss.c.obj                           104     0         0      
       autoinit.c.obj                                       68      0         0      
       boot_cortex_m.c.obj                                  56      0         0      
       ll_mul_t2.asm.obj                                    24      0         0      
       copy_decompress_none.c.obj                           14      0         0      
       copy_zero_init.c.obj                                 12      0         0      
       exit.c.obj                                           4       0         0      
       pre_init.c.obj                                       4       0         0      
    +--+----------------------------------------------------+-------+---------+---------+
       Total:                                               564     0         0      
                                                                                     
       Stack:                                               0       0         1024   
       Linker Generated:                                    0       204       0      
    +--+----------------------------------------------------+-------+---------+---------+
       Grand Total:                                         16906   4124      4036   


LINKER GENERATED COPY TABLES

__TI_cinit_table @ 00005230 records: 2, size/record: 8, table size: 16
	.data: load addr=00005170, load size=000000a8 bytes, run addr=2000043c, run size=000001a8 bytes, compression=lzss
	.bss: load addr=00005228, load size=00000008 bytes, run addr=20000000, run size=0000043a bytes, compression=zero_init


LINKER GENERATED HANDLER TABLE

__TI_handler_table @ 00005218 records: 3, size/record: 4, table size: 12
	index: 0, handler: __TI_decompress_lzss
	index: 1, handler: __TI_decompress_none
	index: 2, handler: __TI_zero_init


GLOBAL SYMBOLS: SORTED ALPHABETICALLY BY Name 

address   name                                       
-------   ----                                       
00001303  ADC14_IRQHandler                           
00002539  ADC14_configureConversionMemory            
000023e9  ADC14_configureMultiSequenceMode           
00003e15  ADC14_enableConversion                     
000041e5  ADC14_enableModule                         
00003b49  ADC14_enableSampleTimer                    
00003fdd  ADC14_getResult                            
000034d1  ADC14_initModule                           
00003d0d  ADC14_toggleConversionTrigger              
00001303  AES256_IRQHandler                          
00002f65  AllCorrect                                 
2000053c  Boosterpack_S1                             
20000558  Boosterpack_S2                             
00001303  BusFault_Handler                           
000035cb  ButtonPushed                               
000042fb  C$$EXIT                                    
00001303  COMP_E0_IRQHandler                         
00001303  COMP_E1_IRQHandler                         
00001303  CS_IRQHandler                              
00001b91  Crystalfontz128x128_Init                   
00001a5d  Crystalfontz128x128_SetDrawFrame           
00003525  Crystalfontz128x128_SetOrientation         
00001303  DMA_ERR_IRQHandler                         
00001303  DMA_INT0_IRQHandler                        
00001303  DMA_INT1_IRQHandler                        
00001303  DMA_INT2_IRQHandler                        
00001303  DMA_INT3_IRQHandler                        
00001f9b  Debounce                                   
00001303  DebugMon_Handler                           
00001303  Default_Handler                            
00002eed  DisplayGameOverScreen                      
00002721  DisplayHighScores                          
00001305  DisplayHowToPlayScreen1                    
00001489  DisplayHowToPlayScreen2                    
00002a31  DisplayMenuScreen                          
000033c5  DisplayStartupScreen                       
00003d65  DrawBoard                                  
00003cdd  DrawConstantGameGraphics                   
000025dd  DrawHeart                                  
00003a39  DrawLives                                  
00002125  DrawMenuCursor                             
00003a6f  DrawScore                                  
00004085  DrawScoreAndLives                          
00003111  DrawTile                                   
0000228d  DrawTileColor                              
00003f47  DrawTileInfo                               
00003aa5  DrawTileNumber                             
00001303  EUSCIA0_IRQHandler                         
00001303  EUSCIA1_IRQHandler                         
00001303  EUSCIA2_IRQHandler                         
00001303  EUSCIA3_IRQHandler                         
00001303  EUSCIB0_IRQHandler                         
00001303  EUSCIB1_IRQHandler                         
00001303  EUSCIB2_IRQHandler                         
00001303  EUSCIB3_IRQHandler                         
0000411f  EUSCI_A_SPI_enable                         
00004135  EUSCI_B_SPI_enable                         
00003b7d  EraseLives                                 
00003bb1  EraseScore                                 
0000409f  EraseScoreAndLives                         
0000233d  EraseTileColor                             
00003f65  EraseTileInfo                              
00003be5  EraseTileNumber                            
00001303  FLCTL_IRQHandler                           
00001303  FPU_IRQHandler                             
00003c4d  GPIO_getInputPinValue                      
00003421  GPIO_setAsInputPinWithPullUpResistor       
00003725  GPIO_setAsOutputPin                        
00002ac5  GPIO_setAsPeripheralModuleFunctionInputPin 
00002b4d  GPIO_setAsPeripheralModuleFunctionOutputPin
00003e65  GPIO_setOutputHighOnPin                    
00003e8d  GPIO_setOutputLowOnPin                     
000000e5  GameState_FSM                              
0000418b  Graphics_clearDisplay                      
000040b9  Graphics_clearDisplayOnDisplay             
00003adb  Graphics_drawHorizontalLineOnDisplay       
00000d9b  Graphics_drawImage                         
00001789  Graphics_drawLine                          
0000285d  Graphics_drawLineH                         
000028f9  Graphics_drawLineV                         
00003617  Graphics_drawMultiplePixelsOnDisplay       
00003d91  Graphics_drawPixelOnDisplay                
0000267f  Graphics_drawRectangle                     
0000091d  Graphics_drawString                        
00003b11  Graphics_drawVerticalLineOnDisplay         
00001cbd  Graphics_fillRectangle                     
00003f83  Graphics_fillRectangleOnDisplay            
00003579  Graphics_initContext                       
000040d3  Graphics_setBackgroundColor                
000040ed  Graphics_setFont                           
0000414b  Graphics_setForegroundColor                
00004161  Graphics_translateColorOnDisplay           
00003c7d  HAL_LCD_PortInit                           
000037a5  HAL_LCD_SpiInit                            
00003959  HAL_LCD_writeCommand                       
00003dbd  HAL_LCD_writeData                          
00001303  HardFault_Handler                          
00003991  HighlightTile                              
000041ad  InitFonts                                  
000037e5  InitGraphics                               
00003fa1  InitOneShotSWTimer                         
00003ff9  InitSongList_Bonk                          
00001dcf  InitSongList_GameOver                      
000041bb  InitSound                                  
00002df1  Interrupt_enableInterrupt                  
20000574  Joystick_Button                            
000041f1  LCDClearDisplay                            
20000436  Lcd_FlagRead                               
20000437  Lcd_FontSolid                              
20000438  Lcd_Orientation                            
20000439  Lcd_PenSolid                               
20000430  Lcd_ScreenHeigth                           
20000432  Lcd_ScreenWidth                            
20000434  Lcd_TouchTrim                              
00001303  MemManage_Handler                          
000038a5  MoveMenuCursorDown                         
000038e1  MoveMenuCursorUp                           
00001303  NMI_Handler                                
00002491  OneShotSWTimerExpired                      
00001303  PCM_IRQHandler                             
00001303  PORT1_IRQHandler                           
00001303  PORT2_IRQHandler                           
00001303  PORT3_IRQHandler                           
00001303  PORT4_IRQHandler                           
00001303  PORT5_IRQHandler                           
00001303  PORT6_IRQHandler                           
00001303  PSS_IRQHandler                             
00001303  PendSV_Handler                             
00001303  RTC_C_IRQHandler                           
000041fd  Reset_Handler                              
00004015  SPI_enableModule                           
000021db  SPI_initMaster                             
00001303  SVC_Handler                                
00003fbf  StartOneShotSWTimer                        
00001303  SysTick_Handler                            
00002069  SystemInit                                 
00004031  T32_INT1_IRQHandler                        
00004031  T32_INT1_IRQHandler                        
00001303  T32_INT2_IRQHandler                        
00001303  T32_INTC_IRQHandler                        
00001303  TA0_0_IRQHandler                           
00001303  TA0_N_IRQHandler                           
00001303  TA1_0_IRQHandler                           
00001303  TA1_N_IRQHandler                           
00001303  TA2_0_IRQHandler                           
00001303  TA2_N_IRQHandler                           
00001303  TA3_0_IRQHandler                           
00001303  TA3_N_IRQHandler                           
00004177  Timer32_clearInterruptFlag                 
000041c9  Timer32_getValue                           
00003041  Timer32_initModule                         
00003c19  Timer32_setCount                           
000039c9  Timer32_startTimer                         
0000404d  UnHighlightTile                            
00001303  UsageFault_Handler                         
4000480c  WDTCTL_SYM                                 
00001303  WDT_A_IRQHandler                           
00003edd  WDT_A_holdTimer                            
00003eb5  WaitCycles                                 
00001ec9  XTile                                      
20010000  __STACK_END                                
00000200  __STACK_SIZE                               
00005230  __TI_CINIT_Base                            
00005240  __TI_CINIT_Limit                           
00005218  __TI_Handler_Table_Base                    
00005224  __TI_Handler_Table_Limit                   
0000365d  __TI_auto_init_nobinit_nopinit             
000030a9  __TI_decompress_lzss                       
000041d7  __TI_decompress_none                       
ffffffff  __TI_pprof_out_hndl                        
ffffffff  __TI_prof_data_size                        
ffffffff  __TI_prof_data_start                       
00000000  __TI_static_base__                         
00004209  __TI_zero_init                             
00004107  __aeabi_lmul                               
00002e71  __aeabi_memclr                             
00002e71  __aeabi_memclr4                            
00002e71  __aeabi_memclr8                            
00002995  __aeabi_memcpy                             
00002995  __aeabi_memcpy4                            
00002995  __aeabi_memcpy8                            
00002e73  __aeabi_memset                             
00002e73  __aeabi_memset4                            
00002e73  __aeabi_memset8                            
ffffffff  __binit__                                  
ffffffff  __c_args__                                 
UNDEFED   __mpu_init                                 
2000fe00  __stack                                    
00003a01  _c_int00_noargs                            
UNDEFED   _system_post_cinit                         
000042f7  _system_pre_init                           
000042fb  abort                                      
ffffffff  binit                                      
200005b8  g_sCrystalfontz128x128                     
00004f8c  g_sCrystalfontz128x128_funcs               
00004e14  g_sFontCmss12                              
000050fc  gameover1BPP_UNCOMP                        
0000391d  generateRandomTileSet_2_Color              
00004069  getSampleJoyStick                          
00003f01  initADC                                    
000031d9  initHWTimer0                               
0000323d  initHWTimer1                               
00003cad  initJoyStick                               
000032a1  initialize                                 
00004215  initialize_BoosterpackBottomButton         
00004221  initialize_BoosterpackLED_blue             
0000422d  initialize_BoosterpackLED_green            
00004239  initialize_BoosterpackLED_red              
00004245  initialize_BoosterpackTopButton            
00004251  initialize_JoystickButton                  
0000425d  initialize_LaunchpadLED1                   
00004269  initialize_LaunchpadLED2_blue              
00004275  initialize_LaunchpadLED2_green             
00004281  initialize_LaunchpadLED2_red               
2000043c  intHighlight                               
00000000  interruptVectors                           
00002bd5  isJoyStickDown                             
00002d6d  isJoyStickLeft                             
00002c5d  isJoyStickRight                            
00002ce5  isJoyStickUp                               
00003865  main                                       
00003de9  make_2digit_NumString                      
000036a1  make_3digit_NumString                      
00002995  memcpy                                     
00002e79  memset                                     
00003f25  random_1or0                                
0000428d  startADC                                   
00003479  startHWTimer                               
200004bc  tile                                       
20000400  timer0                                     
20000418  timer1                                     
00004299  turnOff_BoosterpackLED_blue                
000042a5  turnOff_BoosterpackLED_green               
000042b1  turnOff_BoosterpackLED_red                 
000042bd  turnOff_LaunchpadLED1                      
000042c9  turnOff_LaunchpadLED2_blue                 
000042d5  turnOff_LaunchpadLED2_green                
000042e1  turnOff_LaunchpadLED2_red                  


GLOBAL SYMBOLS: SORTED BY Symbol Address 

address   name                                       
-------   ----                                       
00000000  __TI_static_base__                         
00000000  interruptVectors                           
000000e5  GameState_FSM                              
00000200  __STACK_SIZE                               
0000091d  Graphics_drawString                        
00000d9b  Graphics_drawImage                         
00001303  ADC14_IRQHandler                           
00001303  AES256_IRQHandler                          
00001303  BusFault_Handler                           
00001303  COMP_E0_IRQHandler                         
00001303  COMP_E1_IRQHandler                         
00001303  CS_IRQHandler                              
00001303  DMA_ERR_IRQHandler                         
00001303  DMA_INT0_IRQHandler                        
00001303  DMA_INT1_IRQHandler                        
00001303  DMA_INT2_IRQHandler                        
00001303  DMA_INT3_IRQHandler                        
00001303  DebugMon_Handler                           
00001303  Default_Handler                            
00001303  EUSCIA0_IRQHandler                         
00001303  EUSCIA1_IRQHandler                         
00001303  EUSCIA2_IRQHandler                         
00001303  EUSCIA3_IRQHandler                         
00001303  EUSCIB0_IRQHandler                         
00001303  EUSCIB1_IRQHandler                         
00001303  EUSCIB2_IRQHandler                         
00001303  EUSCIB3_IRQHandler                         
00001303  FLCTL_IRQHandler                           
00001303  FPU_IRQHandler                             
00001303  HardFault_Handler                          
00001303  MemManage_Handler                          
00001303  NMI_Handler                                
00001303  PCM_IRQHandler                             
00001303  PORT1_IRQHandler                           
00001303  PORT2_IRQHandler                           
00001303  PORT3_IRQHandler                           
00001303  PORT4_IRQHandler                           
00001303  PORT5_IRQHandler                           
00001303  PORT6_IRQHandler                           
00001303  PSS_IRQHandler                             
00001303  PendSV_Handler                             
00001303  RTC_C_IRQHandler                           
00001303  SVC_Handler                                
00001303  SysTick_Handler                            
00001303  T32_INT2_IRQHandler                        
00001303  T32_INTC_IRQHandler                        
00001303  TA0_0_IRQHandler                           
00001303  TA0_N_IRQHandler                           
00001303  TA1_0_IRQHandler                           
00001303  TA1_N_IRQHandler                           
00001303  TA2_0_IRQHandler                           
00001303  TA2_N_IRQHandler                           
00001303  TA3_0_IRQHandler                           
00001303  TA3_N_IRQHandler                           
00001303  UsageFault_Handler                         
00001303  WDT_A_IRQHandler                           
00001305  DisplayHowToPlayScreen1                    
00001489  DisplayHowToPlayScreen2                    
00001789  Graphics_drawLine                          
00001a5d  Crystalfontz128x128_SetDrawFrame           
00001b91  Crystalfontz128x128_Init                   
00001cbd  Graphics_fillRectangle                     
00001dcf  InitSongList_GameOver                      
00001ec9  XTile                                      
00001f9b  Debounce                                   
00002069  SystemInit                                 
00002125  DrawMenuCursor                             
000021db  SPI_initMaster                             
0000228d  DrawTileColor                              
0000233d  EraseTileColor                             
000023e9  ADC14_configureMultiSequenceMode           
00002491  OneShotSWTimerExpired                      
00002539  ADC14_configureConversionMemory            
000025dd  DrawHeart                                  
0000267f  Graphics_drawRectangle                     
00002721  DisplayHighScores                          
0000285d  Graphics_drawLineH                         
000028f9  Graphics_drawLineV                         
00002995  __aeabi_memcpy                             
00002995  __aeabi_memcpy4                            
00002995  __aeabi_memcpy8                            
00002995  memcpy                                     
00002a31  DisplayMenuScreen                          
00002ac5  GPIO_setAsPeripheralModuleFunctionInputPin 
00002b4d  GPIO_setAsPeripheralModuleFunctionOutputPin
00002bd5  isJoyStickDown                             
00002c5d  isJoyStickRight                            
00002ce5  isJoyStickUp                               
00002d6d  isJoyStickLeft                             
00002df1  Interrupt_enableInterrupt                  
00002e71  __aeabi_memclr                             
00002e71  __aeabi_memclr4                            
00002e71  __aeabi_memclr8                            
00002e73  __aeabi_memset                             
00002e73  __aeabi_memset4                            
00002e73  __aeabi_memset8                            
00002e79  memset                                     
00002eed  DisplayGameOverScreen                      
00002f65  AllCorrect                                 
00003041  Timer32_initModule                         
000030a9  __TI_decompress_lzss                       
00003111  DrawTile                                   
000031d9  initHWTimer0                               
0000323d  initHWTimer1                               
000032a1  initialize                                 
000033c5  DisplayStartupScreen                       
00003421  GPIO_setAsInputPinWithPullUpResistor       
00003479  startHWTimer                               
000034d1  ADC14_initModule                           
00003525  Crystalfontz128x128_SetOrientation         
00003579  Graphics_initContext                       
000035cb  ButtonPushed                               
00003617  Graphics_drawMultiplePixelsOnDisplay       
0000365d  __TI_auto_init_nobinit_nopinit             
000036a1  make_3digit_NumString                      
00003725  GPIO_setAsOutputPin                        
000037a5  HAL_LCD_SpiInit                            
000037e5  InitGraphics                               
00003865  main                                       
000038a5  MoveMenuCursorDown                         
000038e1  MoveMenuCursorUp                           
0000391d  generateRandomTileSet_2_Color              
00003959  HAL_LCD_writeCommand                       
00003991  HighlightTile                              
000039c9  Timer32_startTimer                         
00003a01  _c_int00_noargs                            
00003a39  DrawLives                                  
00003a6f  DrawScore                                  
00003aa5  DrawTileNumber                             
00003adb  Graphics_drawHorizontalLineOnDisplay       
00003b11  Graphics_drawVerticalLineOnDisplay         
00003b49  ADC14_enableSampleTimer                    
00003b7d  EraseLives                                 
00003bb1  EraseScore                                 
00003be5  EraseTileNumber                            
00003c19  Timer32_setCount                           
00003c4d  GPIO_getInputPinValue                      
00003c7d  HAL_LCD_PortInit                           
00003cad  initJoyStick                               
00003cdd  DrawConstantGameGraphics                   
00003d0d  ADC14_toggleConversionTrigger              
00003d65  DrawBoard                                  
00003d91  Graphics_drawPixelOnDisplay                
00003dbd  HAL_LCD_writeData                          
00003de9  make_2digit_NumString                      
00003e15  ADC14_enableConversion                     
00003e65  GPIO_setOutputHighOnPin                    
00003e8d  GPIO_setOutputLowOnPin                     
00003eb5  WaitCycles                                 
00003edd  WDT_A_holdTimer                            
00003f01  initADC                                    
00003f25  random_1or0                                
00003f47  DrawTileInfo                               
00003f65  EraseTileInfo                              
00003f83  Graphics_fillRectangleOnDisplay            
00003fa1  InitOneShotSWTimer                         
00003fbf  StartOneShotSWTimer                        
00003fdd  ADC14_getResult                            
00003ff9  InitSongList_Bonk                          
00004015  SPI_enableModule                           
00004031  T32_INT1_IRQHandler                        
00004031  T32_INT1_IRQHandler                        
0000404d  UnHighlightTile                            
00004069  getSampleJoyStick                          
00004085  DrawScoreAndLives                          
0000409f  EraseScoreAndLives                         
000040b9  Graphics_clearDisplayOnDisplay             
000040d3  Graphics_setBackgroundColor                
000040ed  Graphics_setFont                           
00004107  __aeabi_lmul                               
0000411f  EUSCI_A_SPI_enable                         
00004135  EUSCI_B_SPI_enable                         
0000414b  Graphics_setForegroundColor                
00004161  Graphics_translateColorOnDisplay           
00004177  Timer32_clearInterruptFlag                 
0000418b  Graphics_clearDisplay                      
000041ad  InitFonts                                  
000041bb  InitSound                                  
000041c9  Timer32_getValue                           
000041d7  __TI_decompress_none                       
000041e5  ADC14_enableModule                         
000041f1  LCDClearDisplay                            
000041fd  Reset_Handler                              
00004209  __TI_zero_init                             
00004215  initialize_BoosterpackBottomButton         
00004221  initialize_BoosterpackLED_blue             
0000422d  initialize_BoosterpackLED_green            
00004239  initialize_BoosterpackLED_red              
00004245  initialize_BoosterpackTopButton            
00004251  initialize_JoystickButton                  
0000425d  initialize_LaunchpadLED1                   
00004269  initialize_LaunchpadLED2_blue              
00004275  initialize_LaunchpadLED2_green             
00004281  initialize_LaunchpadLED2_red               
0000428d  startADC                                   
00004299  turnOff_BoosterpackLED_blue                
000042a5  turnOff_BoosterpackLED_green               
000042b1  turnOff_BoosterpackLED_red                 
000042bd  turnOff_LaunchpadLED1                      
000042c9  turnOff_LaunchpadLED2_blue                 
000042d5  turnOff_LaunchpadLED2_green                
000042e1  turnOff_LaunchpadLED2_red                  
000042f7  _system_pre_init                           
000042fb  C$$EXIT                                    
000042fb  abort                                      
00004e14  g_sFontCmss12                              
00004f8c  g_sCrystalfontz128x128_funcs               
000050fc  gameover1BPP_UNCOMP                        
00005218  __TI_Handler_Table_Base                    
00005224  __TI_Handler_Table_Limit                   
00005230  __TI_CINIT_Base                            
00005240  __TI_CINIT_Limit                           
20000400  timer0                                     
20000418  timer1                                     
20000430  Lcd_ScreenHeigth                           
20000432  Lcd_ScreenWidth                            
20000434  Lcd_TouchTrim                              
20000436  Lcd_FlagRead                               
20000437  Lcd_FontSolid                              
20000438  Lcd_Orientation                            
20000439  Lcd_PenSolid                               
2000043c  intHighlight                               
200004bc  tile                                       
2000053c  Boosterpack_S1                             
20000558  Boosterpack_S2                             
20000574  Joystick_Button                            
200005b8  g_sCrystalfontz128x128                     
2000fe00  __stack                                    
20010000  __STACK_END                                
4000480c  WDTCTL_SYM                                 
ffffffff  __TI_pprof_out_hndl                        
ffffffff  __TI_prof_data_size                        
ffffffff  __TI_prof_data_start                       
ffffffff  __binit__                                  
ffffffff  __c_args__                                 
ffffffff  binit                                      
UNDEFED   __mpu_init                                 
UNDEFED   _system_post_cinit                         

[238 symbols]
